Archive member included to satisfy reference by file (symbol)

/home/omaralkhatib/intelFPGA_lite/20.1/nios2eds/bin/gnu/H-x86_64-pc-linux-gnu/bin/../lib/gcc/nios2-elf/9.2.1/../../../../../H-x86_64-pc-linux-gnu/nios2-elf/lib/mno-hw-mul/libc.a(lib_a-puts.o)
                              obj/default/hello_world.o (puts)
/home/omaralkhatib/intelFPGA_lite/20.1/nios2eds/bin/gnu/H-x86_64-pc-linux-gnu/bin/../lib/gcc/nios2-elf/9.2.1/../../../../../H-x86_64-pc-linux-gnu/nios2-elf/lib/mno-hw-mul/libc.a(lib_a-strlen.o)
                              /home/omaralkhatib/intelFPGA_lite/20.1/nios2eds/bin/gnu/H-x86_64-pc-linux-gnu/bin/../lib/gcc/nios2-elf/9.2.1/../../../../../H-x86_64-pc-linux-gnu/nios2-elf/lib/mno-hw-mul/libc.a(lib_a-puts.o) (strlen)
/home/omaralkhatib/intelFPGA_lite/20.1/nios2eds/bin/gnu/H-x86_64-pc-linux-gnu/bin/../lib/gcc/nios2-elf/9.2.1/../../../../../H-x86_64-pc-linux-gnu/nios2-elf/lib/mno-hw-mul/libc.a(lib_a-findfp.o)
                              /home/omaralkhatib/intelFPGA_lite/20.1/nios2eds/bin/gnu/H-x86_64-pc-linux-gnu/bin/../lib/gcc/nios2-elf/9.2.1/../../../../../H-x86_64-pc-linux-gnu/nios2-elf/lib/mno-hw-mul/libc.a(lib_a-puts.o) (__sinit)
/home/omaralkhatib/intelFPGA_lite/20.1/nios2eds/bin/gnu/H-x86_64-pc-linux-gnu/bin/../lib/gcc/nios2-elf/9.2.1/../../../../../H-x86_64-pc-linux-gnu/nios2-elf/lib/mno-hw-mul/libc.a(lib_a-fvwrite.o)
                              /home/omaralkhatib/intelFPGA_lite/20.1/nios2eds/bin/gnu/H-x86_64-pc-linux-gnu/bin/../lib/gcc/nios2-elf/9.2.1/../../../../../H-x86_64-pc-linux-gnu/nios2-elf/lib/mno-hw-mul/libc.a(lib_a-puts.o) (__sfvwrite_r)
/home/omaralkhatib/intelFPGA_lite/20.1/nios2eds/bin/gnu/H-x86_64-pc-linux-gnu/bin/../lib/gcc/nios2-elf/9.2.1/../../../../../H-x86_64-pc-linux-gnu/nios2-elf/lib/mno-hw-mul/libc.a(lib_a-fwalk.o)
                              /home/omaralkhatib/intelFPGA_lite/20.1/nios2eds/bin/gnu/H-x86_64-pc-linux-gnu/bin/../lib/gcc/nios2-elf/9.2.1/../../../../../H-x86_64-pc-linux-gnu/nios2-elf/lib/mno-hw-mul/libc.a(lib_a-findfp.o) (_fwalk)
/home/omaralkhatib/intelFPGA_lite/20.1/nios2eds/bin/gnu/H-x86_64-pc-linux-gnu/bin/../lib/gcc/nios2-elf/9.2.1/../../../../../H-x86_64-pc-linux-gnu/nios2-elf/lib/mno-hw-mul/libc.a(lib_a-impure.o)
                              /home/omaralkhatib/intelFPGA_lite/20.1/nios2eds/bin/gnu/H-x86_64-pc-linux-gnu/bin/../lib/gcc/nios2-elf/9.2.1/../../../../../H-x86_64-pc-linux-gnu/nios2-elf/lib/mno-hw-mul/libc.a(lib_a-findfp.o) (_global_impure_ptr)
/home/omaralkhatib/intelFPGA_lite/20.1/nios2eds/bin/gnu/H-x86_64-pc-linux-gnu/bin/../lib/gcc/nios2-elf/9.2.1/../../../../../H-x86_64-pc-linux-gnu/nios2-elf/lib/mno-hw-mul/libc.a(lib_a-mallocr.o)
                              /home/omaralkhatib/intelFPGA_lite/20.1/nios2eds/bin/gnu/H-x86_64-pc-linux-gnu/bin/../lib/gcc/nios2-elf/9.2.1/../../../../../H-x86_64-pc-linux-gnu/nios2-elf/lib/mno-hw-mul/libc.a(lib_a-findfp.o) (_malloc_r)
/home/omaralkhatib/intelFPGA_lite/20.1/nios2eds/bin/gnu/H-x86_64-pc-linux-gnu/bin/../lib/gcc/nios2-elf/9.2.1/../../../../../H-x86_64-pc-linux-gnu/nios2-elf/lib/mno-hw-mul/libc.a(lib_a-memchr.o)
                              /home/omaralkhatib/intelFPGA_lite/20.1/nios2eds/bin/gnu/H-x86_64-pc-linux-gnu/bin/../lib/gcc/nios2-elf/9.2.1/../../../../../H-x86_64-pc-linux-gnu/nios2-elf/lib/mno-hw-mul/libc.a(lib_a-fvwrite.o) (memchr)
/home/omaralkhatib/intelFPGA_lite/20.1/nios2eds/bin/gnu/H-x86_64-pc-linux-gnu/bin/../lib/gcc/nios2-elf/9.2.1/../../../../../H-x86_64-pc-linux-gnu/nios2-elf/lib/mno-hw-mul/libc.a(lib_a-memcpy.o)
                              /home/omaralkhatib/intelFPGA_lite/20.1/nios2eds/bin/gnu/H-x86_64-pc-linux-gnu/bin/../lib/gcc/nios2-elf/9.2.1/../../../../../H-x86_64-pc-linux-gnu/nios2-elf/lib/mno-hw-mul/libc.a(lib_a-fvwrite.o) (memcpy)
/home/omaralkhatib/intelFPGA_lite/20.1/nios2eds/bin/gnu/H-x86_64-pc-linux-gnu/bin/../lib/gcc/nios2-elf/9.2.1/../../../../../H-x86_64-pc-linux-gnu/nios2-elf/lib/mno-hw-mul/libc.a(lib_a-memmove.o)
                              /home/omaralkhatib/intelFPGA_lite/20.1/nios2eds/bin/gnu/H-x86_64-pc-linux-gnu/bin/../lib/gcc/nios2-elf/9.2.1/../../../../../H-x86_64-pc-linux-gnu/nios2-elf/lib/mno-hw-mul/libc.a(lib_a-fvwrite.o) (memmove)
/home/omaralkhatib/intelFPGA_lite/20.1/nios2eds/bin/gnu/H-x86_64-pc-linux-gnu/bin/../lib/gcc/nios2-elf/9.2.1/../../../../../H-x86_64-pc-linux-gnu/nios2-elf/lib/mno-hw-mul/libc.a(lib_a-memset.o)
                              /home/omaralkhatib/intelFPGA_lite/20.1/nios2eds/bin/gnu/H-x86_64-pc-linux-gnu/bin/../lib/gcc/nios2-elf/9.2.1/../../../../../H-x86_64-pc-linux-gnu/nios2-elf/lib/mno-hw-mul/libc.a(lib_a-findfp.o) (memset)
/home/omaralkhatib/intelFPGA_lite/20.1/nios2eds/bin/gnu/H-x86_64-pc-linux-gnu/bin/../lib/gcc/nios2-elf/9.2.1/../../../../../H-x86_64-pc-linux-gnu/nios2-elf/lib/mno-hw-mul/libc.a(lib_a-reallocr.o)
[...]
Memory Configuration

Name             Origin             Length             Attributes
reset            0x0000000004000000 0x0000000000000020
dram_controller  0x0000000004000020 0x0000000003ffffe0
*default*        0x0000000000000000 0xffffffffffffffff

Linker script and memory map

LOAD ../esp32MasterCode_bsp//obj/HAL/src/crt0.o
LOAD obj/default/hello_world.o
LOAD /home/omaralkhatib/intelFPGA_lite/20.1/nios2eds/bin/gnu/H-x86_64-pc-linux-gnu/bin/../lib/gcc/nios2-elf/9.2.1/../../../../../H-x86_64-pc-linux-gnu/nios2-elf/lib/mno-hw-mul/libstdc++.a
LOAD /home/omaralkhatib/intelFPGA_lite/20.1/nios2eds/bin/gnu/H-x86_64-pc-linux-gnu/bin/../lib/gcc/nios2-elf/9.2.1/../../../../../H-x86_64-pc-linux-gnu/nios2-elf/lib/mno-hw-mul/libm.a
LOAD /home/omaralkhatib/intelFPGA_lite/20.1/nios2eds/bin/gnu/H-x86_64-pc-linux-gnu/bin/../lib/gcc/nios2-elf/9.2.1/mno-hw-mul/libgcc.a
START GROUP
LOAD /home/omaralkhatib/intelFPGA_lite/20.1/nios2eds/bin/gnu/H-x86_64-pc-linux-gnu/bin/../lib/gcc/nios2-elf/9.2.1/../../../../../H-x86_64-pc-linux-gnu/nios2-elf/lib/mno-hw-mul/libc.a
LOAD /home/omaralkhatib/intelFPGA_lite/20.1/nios2eds/bin/gnu/H-x86_64-pc-linux-gnu/bin/../lib/gcc/nios2-elf/9.2.1/mno-hw-mul/libgcc.a
LOAD ../esp32MasterCode_bsp//libhal_bsp.a
LOAD /home/omaralkhatib/intelFPGA_lite/20.1/nios2eds/bin/gnu/H-x86_64-pc-linux-gnu/bin/../lib/gcc/nios2-elf/9.2.1/../../../../../H-x86_64-pc-linux-gnu/nios2-elf/lib/mno-hw-mul/libm.a
END GROUP
LOAD /home/omaralkhatib/intelFPGA_lite/20.1/nios2eds/bin/gnu/H-x86_64-pc-linux-gnu/bin/../lib/gcc/nios2-elf/9.2.1/mno-hw-mul/libgcc.a
                0x0000000004000000                __alt_mem_dram_controller = 0x4000000

.entry          0x0000000004000000       0x20
 *(.entry)
 .entry         0x0000000004000000       0x20 ../esp32MasterCode_bsp//obj/HAL/src/crt0.o
                0x0000000004000000                __reset

.exceptions     0x0000000004000020      0x208
                0x0000000004000020                PROVIDE (__ram_exceptions_start = ABSOLUTE (.))
                0x0000000004000020                . = ALIGN (0x20)
 *(.irq)
 *(.exceptions.entry.label)
 .exceptions.entry.label
                0x0000000004000020        0x0 ../esp32MasterCode_bsp//libhal_bsp.a(alt_irq_entry.o)
                0x0000000004000020                alt_irq_entry
 .exceptions.entry.label
                0x0000000004000020        0x0 ../esp32MasterCode_bsp//libhal_bsp.a(alt_exception_entry.o)
                0x0000000004000020                alt_exception
 *(.exceptions.entry.user)
 *(.exceptions.entry.ecc_fatal)
 *(.exceptions.entry)
 .exceptions.entry
                0x0000000004000020       0x54 ../esp32MasterCode_bsp//libhal_bsp.a(alt_exception_entry.o)
 *(.exceptions.irqtest.user)
 *(.exceptions.irqtest)
 .exceptions.irqtest
                0x0000000004000074       0x10 ../esp32MasterCode_bsp//libhal_bsp.a(alt_irq_entry.o)
 *(.exceptions.irqhandler.user)
 *(.exceptions.irqhandler)
 .exceptions.irqhandler
                0x0000000004000084        0x4 ../esp32MasterCode_bsp//libhal_bsp.a(alt_irq_entry.o)
 *(.exceptions.irqreturn.user)
 *(.exceptions.irqreturn)
 .exceptions.irqreturn
                0x0000000004000088        0x4 ../esp32MasterCode_bsp//libhal_bsp.a(alt_irq_entry.o)
 *(.exceptions.notirq.label)
 .exceptions.notirq.label
                0x000000000400008c        0x0 ../esp32MasterCode_bsp//libhal_bsp.a(alt_irq_entry.o)
 *(.exceptions.notirq.user)
 *(.exceptions.notirq)
 .exceptions.notirq
                0x000000000400008c        0x8 ../esp32MasterCode_bsp//libhal_bsp.a(alt_exception_entry.o)
 *(.exceptions.soft.user)
 *(.exceptions.soft)
 *(.exceptions.unknown.user)
 *(.exceptions.unknown)
 .exceptions.unknown
                0x0000000004000094       0x14 ../esp32MasterCode_bsp//libhal_bsp.a(alt_exception_entry.o)
 *(.exceptions.exit.label)
 .exceptions.exit.label
                0x00000000040000a8        0x0 ../esp32MasterCode_bsp//libhal_bsp.a(alt_irq_entry.o)
 .exceptions.exit.label
                0x00000000040000a8        0x0 ../esp32MasterCode_bsp//libhal_bsp.a(alt_exception_entry.o)
 *(.exceptions.exit.user)
 *(.exceptions.exit)
 .exceptions.exit
                0x00000000040000a8       0x54 ../esp32MasterCode_bsp//libhal_bsp.a(alt_exception_entry.o)
 *(.exceptions)
 .exceptions    0x00000000040000fc       0xcc ../esp32MasterCode_bsp//libhal_bsp.a(alt_irq_handler.o)
                0x00000000040000fc                alt_irq_handler
 .exceptions    0x00000000040001c8       0x60 ../esp32MasterCode_bsp//libhal_bsp.a(alt_instruction_exception_entry.o)
                0x00000000040001c8                alt_instruction_exception_entry
                0x0000000004000228                PROVIDE (__ram_exceptions_end = ABSOLUTE (.))
                0x0000000004000020                PROVIDE (__flash_exceptions_start = LOADADDR (.exceptions))

.text           0x0000000004000228     0x52dc
                [!provide]                        PROVIDE (stext = ABSOLUTE (.))
 *(.interp)
 *(.hash)
 *(.dynsym)
 *(.dynstr)
 *(.gnu.version)
 *(.gnu.version_d)
 *(.gnu.version_r)
 *(.rel.init)
 *(.rela.init)
 *(.rel.text .rel.text.* .rel.gnu.linkonce.t.*)
 *(.rela.text .rela.text.* .rela.gnu.linkonce.t.*)
 *(.rel.fini)
 *(.rela.fini)
 *(.rel.rodata .rel.rodata.* .rel.gnu.linkonce.r.*)
 *(.rela.rodata .rela.rodata.* .rela.gnu.linkonce.r.*)
 *(.rel.data .rel.data.* .rel.gnu.linkonce.d.*)
 *(.rela.data .rela.data.* .rela.gnu.linkonce.d.*)
 *(.rel.tdata .rel.tdata.* .rel.gnu.linkonce.td.*)
 *(.rela.tdata .rela.tdata.* .rela.gnu.linkonce.td.*)
 *(.rel.tbss .rel.tbss.* .rel.gnu.linkonce.tb.*)
 *(.rela.tbss .rela.tbss.* .rela.gnu.linkonce.tb.*)
 *(.rel.ctors)
 *(.rela.ctors)
 *(.rel.dtors)
 *(.rela.dtors)
 *(.rel.got)
 *(.rela.got)
 *(.rel.sdata .rel.sdata.* .rel.gnu.linkonce.s.*)
 *(.rela.sdata .rela.sdata.* .rela.gnu.linkonce.s.*)
 *(.rel.sbss .rel.sbss.* .rel.gnu.linkonce.sb.*)
 *(.rela.sbss .rela.sbss.* .rela.gnu.linkonce.sb.*)
 *(.rel.sdata2 .rel.sdata2.* .rel.gnu.linkonce.s2.*)
 *(.rela.sdata2 .rela.sdata2.* .rela.gnu.linkonce.s2.*)
 *(.rel.sbss2 .rel.sbss2.* .rel.gnu.linkonce.sb2.*)
 *(.rela.sbss2 .rela.sbss2.* .rela.gnu.linkonce.sb2.*)
 *(.rel.bss .rel.bss.* .rel.gnu.linkonce.b.*)
 *(.rela.bss .rela.bss.* .rela.gnu.linkonce.b.*)
 *(.rel.plt)
 *(.rela.plt)
 *(.rel.dyn)
 *(.init)
 *(.plt)
 *(.text .stub .text.* .gnu.linkonce.t.*)
 .text          0x0000000004000228       0x3c ../esp32MasterCode_bsp//obj/HAL/src/crt0.o
                0x0000000004000228                _start
 .text          0x0000000004000264       0x34 obj/default/hello_world.o
                0x0000000004000264                main
 .text          0x0000000004000298        0x0 /home/omaralkhatib/intelFPGA_lite/20.1/nios2eds/bin/gnu/H-x86_64-pc-linux-gnu/bin/../lib/gcc/nios2-elf/9.2.1/../../../../../H-x86_64-pc-linux-gnu/nios2-elf/lib/mno-hw-mul/libc.a(lib_a-puts.o)
 .text._puts_r  0x0000000004000298       0xcc /home/omaralkhatib/intelFPGA_lite/20.1/nios2eds/bin/gnu/H-x86_64-pc-linux-gnu/bin/../lib/gcc/nios2-elf/9.2.1/../../../../../H-x86_64-pc-linux-gnu/nios2-elf/lib/mno-hw-mul/libc.a(lib_a-puts.o)
                0x0000000004000298                _puts_r
 .text.puts     0x0000000004000364       0x10 /home/omaralkhatib/intelFPGA_lite/20.1/nios2eds/bin/gnu/H-x86_64-pc-linux-gnu/bin/../lib/gcc/nios2-elf/9.2.1/../../../../../H-x86_64-pc-linux-gnu/nios2-elf/lib/mno-hw-mul/libc.a(lib_a-puts.o)
                0x0000000004000364                puts
 .text          0x0000000004000374        0x0 /home/omaralkhatib/intelFPGA_lite/20.1/nios2eds/bin/gnu/H-x86_64-pc-linux-gnu/bin/../lib/gcc/nios2-elf/9.2.1/../../../../../H-x86_64-pc-linux-gnu/nios2-elf/lib/mno-hw-mul/libc.a(lib_a-strlen.o)
 .text.strlen   0x0000000004000374       0x98 /home/omaralkhatib/intelFPGA_lite/20.1/nios2eds/bin/gnu/H-x86_64-pc-linux-gnu/bin/../lib/gcc/nios2-elf/9.2.1/../../../../../H-x86_64-pc-linux-gnu/nios2-elf/lib/mno-hw-mul/libc.a(lib_a-strlen.o)
                0x0000000004000374                strlen
 .text          0x000000000400040c        0x0 /home/omaralkhatib/intelFPGA_lite/20.1/nios2eds/bin/gnu/H-x86_64-pc-linux-gnu/bin/../lib/gcc/nios2-elf/9.2.1/../../../../../H-x86_64-pc-linux-gnu/nios2-elf/lib/mno-hw-mul/libc.a(lib_a-findfp.o)
 .text.__fp_lock
                0x000000000400040c        0x8 /home/omaralkhatib/intelFPGA_lite/20.1/nios2eds/bin/gnu/H-x86_64-pc-linux-gnu/bin/../lib/gcc/nios2-elf/9.2.1/../../../../../H-x86_64-pc-linux-gnu/nios2-elf/lib/mno-hw-mul/libc.a(lib_a-findfp.o)
 .text._cleanup_r
                0x0000000004000414        0xc /home/omaralkhatib/intelFPGA_lite/20.1/nios2eds/bin/gnu/H-x86_64-pc-linux-gnu/bin/../lib/gcc/nios2-elf/9.2.1/../../../../../H-x86_64-pc-linux-gnu/nios2-elf/lib/mno-hw-mul/libc.a(lib_a-findfp.o)
                0x0000000004000414                _cleanup_r
 .text.__sinit.part.0
                0x0000000004000420      0x168 /home/omaralkhatib/intelFPGA_lite/20.1/nios2eds/bin/gnu/H-x86_64-pc-linux-gnu/bin/../lib/gcc/nios2-elf/9.2.1/../../../../../H-x86_64-pc-linux-gnu/nios2-elf/lib/mno-hw-mul/libc.a(lib_a-findfp.o)
 .text.__fp_unlock
                0x0000000004000588        0x8 /home/omaralkhatib/intelFPGA_lite/20.1/nios2eds/bin/gnu/H-x86_64-pc-linux-gnu/bin/../lib/gcc/nios2-elf/9.2.1/../../../../../H-x86_64-pc-linux-gnu/nios2-elf/lib/mno-hw-mul/libc.a(lib_a-findfp.o)
 .text.__sfmoreglue
                0x0000000004000590       0x78 /home/omaralkhatib/intelFPGA_lite/20.1/nios2eds/bin/gnu/H-x86_64-pc-linux-gnu/bin/../lib/gcc/nios2-elf/9.2.1/../../../../../H-x86_64-pc-linux-gnu/nios2-elf/lib/mno-hw-mul/libc.a(lib_a-findfp.o)
                0x0000000004000590                __sfmoreglue
 .text.__sfp    0x0000000004000608       0xfc /home/omaralkhatib/intelFPGA_lite/20.1/nios2eds/bin/gnu/H-x86_64-pc-linux-gnu/bin/../lib/gcc/nios2-elf/9.2.1/../../../../../H-x86_64-pc-linux-gnu/nios2-elf/lib/mno-hw-mul/libc.a(lib_a-findfp.o)
                0x0000000004000608                __sfp
 .text._cleanup
                0x0000000004000704       0x14 /home/omaralkhatib/intelFPGA_lite/20.1/nios2eds/bin/gnu/H-x86_64-pc-linux-gnu/bin/../lib/gcc/nios2-elf/9.2.1/../../../../../H-x86_64-pc-linux-gnu/nios2-elf/lib/mno-hw-mul/libc.a(lib_a-findfp.o)
                0x0000000004000704                _cleanup
 .text.__sinit  0x0000000004000718       0x10 /home/omaralkhatib/intelFPGA_lite/20.1/nios2eds/bin/gnu/H-x86_64-pc-linux-gnu/bin/../lib/gcc/nios2-elf/9.2.1/../../../../../H-x86_64-pc-linux-gnu/nios2-elf/lib/mno-hw-mul/libc.a(lib_a-findfp.o)
                0x0000000004000718                __sinit
 .text.__sfp_lock_acquire
                0x0000000004000728        0x4 /home/omaralkhatib/intelFPGA_lite/20.1/nios2eds/bin/gnu/H-x86_64-pc-linux-gnu/bin/../lib/gcc/nios2-elf/9.2.1/../../../../../H-x86_64-pc-linux-gnu/nios2-elf/lib/mno-hw-mul/libc.a(lib_a-findfp.o)
                0x0000000004000728                __sfp_lock_acquire
 .text.__sfp_lock_release
                0x000000000400072c        0x4 /home/omaralkhatib/intelFPGA_lite/20.1/nios2eds/bin/gnu/H-x86_64-pc-linux-gnu/bin/../lib/gcc/nios2-elf/9.2.1/../../../../../H-x86_64-pc-linux-gnu/nios2-elf/lib/mno-hw-mul/libc.a(lib_a-findfp.o)
                0x000000000400072c                __sfp_lock_release
 .text.__sinit_lock_acquire
                0x0000000004000730        0x4 /home/omaralkhatib/intelFPGA_lite/20.1/nios2eds/bin/gnu/H-x86_64-pc-linux-gnu/bin/../lib/gcc/nios2-elf/9.2.1/../../../../../H-x86_64-pc-linux-gnu/nios2-elf/lib/mno-hw-mul/libc.a(lib_a-findfp.o)
                0x0000000004000730                __sinit_lock_acquire
 .text.__sinit_lock_release
                0x0000000004000734        0x4 /home/omaralkhatib/intelFPGA_lite/20.1/nios2eds/bin/gnu/H-x86_64-pc-linux-gnu/bin/../lib/gcc/nios2-elf/9.2.1/../../../../../H-x86_64-pc-linux-gnu/nios2-elf/lib/mno-hw-mul/libc.a(lib_a-findfp.o)
                0x0000000004000734                __sinit_lock_release
 .text.__fp_lock_all
                0x0000000004000738       0x14 /home/omaralkhatib/intelFPGA_lite/20.1/nios2eds/bin/gnu/H-x86_64-pc-linux-gnu/bin/../lib/gcc/nios2-elf/9.2.1/../../../../../H-x86_64-pc-linux-gnu/nios2-elf/lib/mno-hw-mul/libc.a(lib_a-findfp.o)
                0x0000000004000738                __fp_lock_all
 .text.__fp_unlock_all
                0x000000000400074c       0x14 /home/omaralkhatib/intelFPGA_lite/20.1/nios2eds/bin/gnu/H-x86_64-pc-linux-gnu/bin/../lib/gcc/nios2-elf/9.2.1/../../../../../H-x86_64-pc-linux-gnu/nios2-elf/lib/mno-hw-mul/libc.a(lib_a-findfp.o)
                0x000000000400074c                __fp_unlock_all
 .text          0x0000000004000760        0x0 /home/omaralkhatib/intelFPGA_lite/20.1/nios2eds/bin/gnu/H-x86_64-pc-linux-gnu/bin/../lib/gcc/nios2-elf/9.2.1/../../../../../H-x86_64-pc-linux-gnu/nios2-elf/lib/mno-hw-mul/libc.a(lib_a-fvwrite.o)
 .text.__sfvwrite_r
                0x0000000004000760      0x4cc /home/omaralkhatib/intelFPGA_lite/20.1/nios2eds/bin/gnu/H-x86_64-pc-linux-gnu/bin/../lib/gcc/nios2-elf/9.2.1/../../../../../H-x86_64-pc-linux-gnu/nios2-elf/lib/mno-hw-mul/libc.a(lib_a-fvwrite.o)
                0x0000000004000760                __sfvwrite_r
 .text          0x0000000004000c2c        0x0 /home/omaralkhatib/intelFPGA_lite/20.1/nios2eds/bin/gnu/H-x86_64-pc-linux-gnu/bin/../lib/gcc/nios2-elf/9.2.1/../../../../../H-x86_64-pc-linux-gnu/nios2-elf/lib/mno-hw-mul/libc.a(lib_a-fwalk.o)
 .text._fwalk   0x0000000004000c2c       0x98 /home/omaralkhatib/intelFPGA_lite/20.1/nios2eds/bin/gnu/H-x86_64-pc-linux-gnu/bin/../lib/gcc/nios2-elf/9.2.1/../../../../../H-x86_64-pc-linux-gnu/nios2-elf/lib/mno-hw-mul/libc.a(lib_a-fwalk.o)
                0x0000000004000c2c                _fwalk
 .text._fwalk_reent
                0x0000000004000cc4       0xa8 /home/omaralkhatib/intelFPGA_lite/20.1/nios2eds/bin/gnu/H-x86_64-pc-linux-gnu/bin/../lib/gcc/nios2-elf/9.2.1/../../../../../H-x86_64-pc-linux-gnu/nios2-elf/lib/mno-hw-mul/libc.a(lib_a-fwalk.o)
                0x0000000004000cc4                _fwalk_reent
 .text          0x0000000004000d6c        0x0 /home/omaralkhatib/intelFPGA_lite/20.1/nios2eds/bin/gnu/H-x86_64-pc-linux-gnu/bin/../lib/gcc/nios2-elf/9.2.1/../../../../../H-x86_64-pc-linux-gnu/nios2-elf/lib/mno-hw-mul/libc.a(lib_a-impure.o)
 .text          0x0000000004000d6c        0x0 /home/omaralkhatib/intelFPGA_lite/20.1/nios2eds/bin/gnu/H-x86_64-pc-linux-gnu/bin/../lib/gcc/nios2-elf/9.2.1/../../../../../H-x86_64-pc-linux-gnu/nios2-elf/lib/mno-hw-mul/libc.a(lib_a-mallocr.o)
 .text._malloc_r
                0x0000000004000d6c      0x7e0 /home/omaralkhatib/intelFPGA_lite/20.1/nios2eds/bin/gnu/H-x86_64-pc-linux-gnu/bin/../lib/gcc/nios2-elf/9.2.1/../../../../../H-x86_64-pc-linux-gnu/nios2-elf/lib/mno-hw-mul/libc.a(lib_a-mallocr.o)
                0x0000000004000d6c                _malloc_r
 .text          0x000000000400154c        0x0 /home/omaralkhatib/intelFPGA_lite/20.1/nios2eds/bin/gnu/H-x86_64-pc-linux-gnu/bin/../lib/gcc/nios2-elf/9.2.1/../../../../../H-x86_64-pc-linux-gnu/nios2-elf/lib/mno-hw-mul/libc.a(lib_a-memchr.o)
 .text.memchr   0x000000000400154c       0xd4 /home/omaralkhatib/intelFPGA_lite/20.1/nios2eds/bin/gnu/H-x86_64-pc-linux-gnu/bin/../lib/gcc/nios2-elf/9.2.1/../../../../../H-x86_64-pc-linux-gnu/nios2-elf/lib/mno-hw-mul/libc.a(lib_a-memchr.o)
                0x000000000400154c                memchr
 .text          0x0000000004001620        0x0 /home/omaralkhatib/intelFPGA_lite/20.1/nios2eds/bin/gnu/H-x86_64-pc-linux-gnu/bin/../lib/gcc/nios2-elf/9.2.1/../../../../../H-x86_64-pc-linux-gnu/nios2-elf/lib/mno-hw-mul/libc.a(lib_a-memcpy.o)
 .text.memcpy   0x0000000004001620      0x100 /home/omaralkhatib/intelFPGA_lite/20.1/nios2eds/bin/gnu/H-x86_64-pc-linux-gnu/bin/../lib/gcc/nios2-elf/9.2.1/../../../../../H-x86_64-pc-linux-gnu/nios2-elf/lib/mno-hw-mul/libc.a(lib_a-memcpy.o)
                0x0000000004001620                memcpy
 .text          0x0000000004001720        0x0 /home/omaralkhatib/intelFPGA_lite/20.1/nios2eds/bin/gnu/H-x86_64-pc-linux-gnu/bin/../lib/gcc/nios2-elf/9.2.1/../../../../../H-x86_64-pc-linux-gnu/nios2-elf/lib/mno-hw-mul/libc.a(lib_a-memmove.o)
 .text.memmove  0x0000000004001720      0x12c /home/omaralkhatib/intelFPGA_lite/20.1/nios2eds/bin/gnu/H-x86_64-pc-linux-gnu/bin/../lib/gcc/nios2-elf/9.2.1/../../../../../H-x86_64-pc-linux-gnu/nios2-elf/lib/mno-hw-mul/libc.a(lib_a-memmove.o)
                0x0000000004001720                memmove
 .text          0x000000000400184c        0x0 /home/omaralkhatib/intelFPGA_lite/20.1/nios2eds/bin/gnu/H-x86_64-pc-linux-gnu/bin/../lib/gcc/nios2-elf/9.2.1/../../../../../H-x86_64-pc-linux-gnu/nios2-elf/lib/mno-hw-mul/libc.a(lib_a-memset.o)
 .text.memset   0x000000000400184c       0xf0 /home/omaralkhatib/intelFPGA_lite/20.1/nios2eds/bin/gnu/H-x86_64-pc-linux-gnu/bin/../lib/gcc/nios2-elf/9.2.1/../../../../../H-x86_64-pc-linux-gnu/nios2-elf/lib/mno-hw-mul/libc.a(lib_a-memset.o)
                0x000000000400184c                memset
 .text          0x000000000400193c        0x0 /home/omaralkhatib/intelFPGA_lite/20.1/nios2eds/bin/gnu/H-x86_64-pc-linux-gnu/bin/../lib/gcc/nios2-elf/9.2.1/../../../../../H-x86_64-pc-linux-gnu/nios2-elf/lib/mno-hw-mul/libc.a(lib_a-reallocr.o)
 .text._realloc_r
                0x000000000400193c      0x564 /home/omaralkhatib/intelFPGA_lite/20.1/nios2eds/bin/gnu/H-x86_64-pc-linux-gnu/bin/../lib/gcc/nios2-elf/9.2.1/../../../../../H-x86_64-pc-linux-gnu/nios2-elf/lib/mno-hw-mul/libc.a(lib_a-reallocr.o)
                0x000000000400193c                _realloc_r
 .text          0x0000000004001ea0        0x0 /home/omaralkhatib/intelFPGA_lite/20.1/nios2eds/bin/gnu/H-x86_64-pc-linux-gnu/bin/../lib/gcc/nios2-elf/9.2.1/../../../../../H-x86_64-pc-linux-gnu/nios2-elf/lib/mno-hw-mul/libc.a(lib_a-sbrkr.o)
 .text._sbrk_r  0x0000000004001ea0       0x58 /home/omaralkhatib/intelFPGA_lite/20.1/nios2eds/bin/gnu/H-x86_64-pc-linux-gnu/bin/../lib/gcc/nios2-elf/9.2.1/../../../../../H-x86_64-pc-linux-gnu/nios2-elf/lib/mno-hw-mul/libc.a(lib_a-sbrkr.o)
                0x0000000004001ea0                _sbrk_r
 .text          0x0000000004001ef8        0x0 /home/omaralkhatib/intelFPGA_lite/20.1/nios2eds/bin/gnu/H-x86_64-pc-linux-gnu/bin/../lib/gcc/nios2-elf/9.2.1/../../../../../H-x86_64-pc-linux-gnu/nios2-elf/lib/mno-hw-mul/libc.a(lib_a-stdio.o)
 .text.__sread  0x0000000004001ef8       0x54 /home/omaralkhatib/intelFPGA_lite/20.1/nios2eds/bin/gnu/H-x86_64-pc-linux-gnu/bin/../lib/gcc/nios2-elf/9.2.1/../../../../../H-x86_64-pc-linux-gnu/nios2-elf/lib/mno-hw-mul/libc.a(lib_a-stdio.o)
                0x0000000004001ef8                __sread
 .text.__seofread
                0x0000000004001f4c        0x8 /home/omaralkhatib/intelFPGA_lite/20.1/nios2eds/bin/gnu/H-x86_64-pc-linux-gnu/bin/../lib/gcc/nios2-elf/9.2.1/../../../../../H-x86_64-pc-linux-gnu/nios2-elf/lib/mno-hw-mul/libc.a(lib_a-stdio.o)
                0x0000000004001f4c                __seofread
 .text.__swrite
                0x0000000004001f54       0x80 /home/omaralkhatib/intelFPGA_lite/20.1/nios2eds/bin/gnu/H-x86_64-pc-linux-gnu/bin/../lib/gcc/nios2-elf/9.2.1/../../../../../H-x86_64-pc-linux-gnu/nios2-elf/lib/mno-hw-mul/libc.a(lib_a-stdio.o)
                0x0000000004001f54                __swrite
 .text.__sseek  0x0000000004001fd4       0x5c /home/omaralkhatib/intelFPGA_lite/20.1/nios2eds/bin/gnu/H-x86_64-pc-linux-gnu/bin/../lib/gcc/nios2-elf/9.2.1/../../../../../H-x86_64-pc-linux-gnu/nios2-elf/lib/mno-hw-mul/libc.a(lib_a-stdio.o)
                0x0000000004001fd4                __sseek
 .text.__sclose
                0x0000000004002030        0x8 /home/omaralkhatib/intelFPGA_lite/20.1/nios2eds/bin/gnu/H-x86_64-pc-linux-gnu/bin/../lib/gcc/nios2-elf/9.2.1/../../../../../H-x86_64-pc-linux-gnu/nios2-elf/lib/mno-hw-mul/libc.a(lib_a-stdio.o)
                0x0000000004002030                __sclose
 .text          0x0000000004002038        0x0 /home/omaralkhatib/intelFPGA_lite/20.1/nios2eds/bin/gnu/H-x86_64-pc-linux-gnu/bin/../lib/gcc/nios2-elf/9.2.1/../../../../../H-x86_64-pc-linux-gnu/nios2-elf/lib/mno-hw-mul/libc.a(lib_a-writer.o)
 .text._write_r
                0x0000000004002038       0x64 /home/omaralkhatib/intelFPGA_lite/20.1/nios2eds/bin/gnu/H-x86_64-pc-linux-gnu/bin/../lib/gcc/nios2-elf/9.2.1/../../../../../H-x86_64-pc-linux-gnu/nios2-elf/lib/mno-hw-mul/libc.a(lib_a-writer.o)
                0x0000000004002038                _write_r
 .text          0x000000000400209c        0x0 /home/omaralkhatib/intelFPGA_lite/20.1/nios2eds/bin/gnu/H-x86_64-pc-linux-gnu/bin/../lib/gcc/nios2-elf/9.2.1/../../../../../H-x86_64-pc-linux-gnu/nios2-elf/lib/mno-hw-mul/libc.a(lib_a-wsetup.o)
 .text.__swsetup_r
                0x000000000400209c      0x15c /home/omaralkhatib/intelFPGA_lite/20.1/nios2eds/bin/gnu/H-x86_64-pc-linux-gnu/bin/../lib/gcc/nios2-elf/9.2.1/../../../../../H-x86_64-pc-linux-gnu/nios2-elf/lib/mno-hw-mul/libc.a(lib_a-wsetup.o)
                0x000000000400209c                __swsetup_r
 .text          0x00000000040021f8        0x0 /home/omaralkhatib/intelFPGA_lite/20.1/nios2eds/bin/gnu/H-x86_64-pc-linux-gnu/bin/../lib/gcc/nios2-elf/9.2.1/../../../../../H-x86_64-pc-linux-gnu/nios2-elf/lib/mno-hw-mul/libc.a(closer.o)
 .text._close_r
                0x00000000040021f8       0x58 /home/omaralkhatib/intelFPGA_lite/20.1/nios2eds/bin/gnu/H-x86_64-pc-linux-gnu/bin/../lib/gcc/nios2-elf/9.2.1/../../../../../H-x86_64-pc-linux-gnu/nios2-elf/lib/mno-hw-mul/libc.a(closer.o)
                0x00000000040021f8                _close_r
 .text          0x0000000004002250        0x0 /home/omaralkhatib/intelFPGA_lite/20.1/nios2eds/bin/gnu/H-x86_64-pc-linux-gnu/bin/../lib/gcc/nios2-elf/9.2.1/../../../../../H-x86_64-pc-linux-gnu/nios2-elf/lib/mno-hw-mul/libc.a(lib_a-fclose.o)
 .text._fclose_r
                0x0000000004002250       0xf8 /home/omaralkhatib/intelFPGA_lite/20.1/nios2eds/bin/gnu/H-x86_64-pc-linux-gnu/bin/../lib/gcc/nios2-elf/9.2.1/../../../../../H-x86_64-pc-linux-gnu/nios2-elf/lib/mno-hw-mul/libc.a(lib_a-fclose.o)
                0x0000000004002250                _fclose_r
 .text.fclose   0x0000000004002348       0x10 /home/omaralkhatib/intelFPGA_lite/20.1/nios2eds/bin/gnu/H-x86_64-pc-linux-gnu/bin/../lib/gcc/nios2-elf/9.2.1/../../../../../H-x86_64-pc-linux-gnu/nios2-elf/lib/mno-hw-mul/libc.a(lib_a-fclose.o)
                0x0000000004002348                fclose
 .text          0x0000000004002358        0x0 /home/omaralkhatib/intelFPGA_lite/20.1/nios2eds/bin/gnu/H-x86_64-pc-linux-gnu/bin/../lib/gcc/nios2-elf/9.2.1/../../../../../H-x86_64-pc-linux-gnu/nios2-elf/lib/mno-hw-mul/libc.a(lib_a-fflush.o)
 .text.__sflush_r
                0x0000000004002358      0x228 /home/omaralkhatib/intelFPGA_lite/20.1/nios2eds/bin/gnu/H-x86_64-pc-linux-gnu/bin/../lib/gcc/nios2-elf/9.2.1/../../../../../H-x86_64-pc-linux-gnu/nios2-elf/lib/mno-hw-mul/libc.a(lib_a-fflush.o)
                0x0000000004002358                __sflush_r
 .text._fflush_r
                0x0000000004002580       0x60 /home/omaralkhatib/intelFPGA_lite/20.1/nios2eds/bin/gnu/H-x86_64-pc-linux-gnu/bin/../lib/gcc/nios2-elf/9.2.1/../../../../../H-x86_64-pc-linux-gnu/nios2-elf/lib/mno-hw-mul/libc.a(lib_a-fflush.o)
                0x0000000004002580                _fflush_r
 .text.fflush   0x00000000040025e0       0x28 /home/omaralkhatib/intelFPGA_lite/20.1/nios2eds/bin/gnu/H-x86_64-pc-linux-gnu/bin/../lib/gcc/nios2-elf/9.2.1/../../../../../H-x86_64-pc-linux-gnu/nios2-elf/lib/mno-hw-mul/libc.a(lib_a-fflush.o)
                0x00000000040025e0                fflush
 .text          0x0000000004002608        0x0 /home/omaralkhatib/intelFPGA_lite/20.1/nios2eds/bin/gnu/H-x86_64-pc-linux-gnu/bin/../lib/gcc/nios2-elf/9.2.1/../../../../../H-x86_64-pc-linux-gnu/nios2-elf/lib/mno-hw-mul/libc.a(lib_a-freer.o)
 .text._malloc_trim_r
                0x0000000004002608      0x11c /home/omaralkhatib/intelFPGA_lite/20.1/nios2eds/bin/gnu/H-x86_64-pc-linux-gnu/bin/../lib/gcc/nios2-elf/9.2.1/../../../../../H-x86_64-pc-linux-gnu/nios2-elf/lib/mno-hw-mul/libc.a(lib_a-freer.o)
                0x0000000004002608                _malloc_trim_r
 .text._free_r  0x0000000004002724      0x2fc /home/omaralkhatib/intelFPGA_lite/20.1/nios2eds/bin/gnu/H-x86_64-pc-linux-gnu/bin/../lib/gcc/nios2-elf/9.2.1/../../../../../H-x86_64-pc-linux-gnu/nios2-elf/lib/mno-hw-mul/libc.a(lib_a-freer.o)
                0x0000000004002724                _free_r
 .text          0x0000000004002a20        0x0 /home/omaralkhatib/intelFPGA_lite/20.1/nios2eds/bin/gnu/H-x86_64-pc-linux-gnu/bin/../lib/gcc/nios2-elf/9.2.1/../../../../../H-x86_64-pc-linux-gnu/nios2-elf/lib/mno-hw-mul/libc.a(lib_a-int_errno.o)
 .text          0x0000000004002a20        0x0 /home/omaralkhatib/intelFPGA_lite/20.1/nios2eds/bin/gnu/H-x86_64-pc-linux-gnu/bin/../lib/gcc/nios2-elf/9.2.1/../../../../../H-x86_64-pc-linux-gnu/nios2-elf/lib/mno-hw-mul/libc.a(lib_a-lseekr.o)
 .text._lseek_r
                0x0000000004002a20       0x64 /home/omaralkhatib/intelFPGA_lite/20.1/nios2eds/bin/gnu/H-x86_64-pc-linux-gnu/bin/../lib/gcc/nios2-elf/9.2.1/../../../../../H-x86_64-pc-linux-gnu/nios2-elf/lib/mno-hw-mul/libc.a(lib_a-lseekr.o)
                0x0000000004002a20                _lseek_r
 .text          0x0000000004002a84        0x0 /home/omaralkhatib/intelFPGA_lite/20.1/nios2eds/bin/gnu/H-x86_64-pc-linux-gnu/bin/../lib/gcc/nios2-elf/9.2.1/../../../../../H-x86_64-pc-linux-gnu/nios2-elf/lib/mno-hw-mul/libc.a(lib_a-makebuf.o)
 .text.__swhatbuf_r
                0x0000000004002a84       0x98 /home/omaralkhatib/intelFPGA_lite/20.1/nios2eds/bin/gnu/H-x86_64-pc-linux-gnu/bin/../lib/gcc/nios2-elf/9.2.1/../../../../../H-x86_64-pc-linux-gnu/nios2-elf/lib/mno-hw-mul/libc.a(lib_a-makebuf.o)
                0x0000000004002a84                __swhatbuf_r
 .text.__smakebuf_r
                0x0000000004002b1c      0x140 /home/omaralkhatib/intelFPGA_lite/20.1/nios2eds/bin/gnu/H-x86_64-pc-linux-gnu/bin/../lib/gcc/nios2-elf/9.2.1/../../../../../H-x86_64-pc-linux-gnu/nios2-elf/lib/mno-hw-mul/libc.a(lib_a-makebuf.o)
                0x0000000004002b1c                __smakebuf_r
 .text          0x0000000004002c5c        0x0 /home/omaralkhatib/intelFPGA_lite/20.1/nios2eds/bin/gnu/H-x86_64-pc-linux-gnu/bin/../lib/gcc/nios2-elf/9.2.1/../../../../../H-x86_64-pc-linux-gnu/nios2-elf/lib/mno-hw-mul/libc.a(lib_a-readr.o)
 .text._read_r  0x0000000004002c5c       0x64 /home/omaralkhatib/intelFPGA_lite/20.1/nios2eds/bin/gnu/H-x86_64-pc-linux-gnu/bin/../lib/gcc/nios2-elf/9.2.1/../../../../../H-x86_64-pc-linux-gnu/nios2-elf/lib/mno-hw-mul/libc.a(lib_a-readr.o)
                0x0000000004002c5c                _read_r
 .text          0x0000000004002cc0        0x0 /home/omaralkhatib/intelFPGA_lite/20.1/nios2eds/bin/gnu/H-x86_64-pc-linux-gnu/bin/../lib/gcc/nios2-elf/9.2.1/../../../../../H-x86_64-pc-linux-gnu/nios2-elf/lib/mno-hw-mul/libc.a(lib_a-fstatr.o)
 .text._fstat_r
                0x0000000004002cc0       0x60 /home/omaralkhatib/intelFPGA_lite/20.1/nios2eds/bin/gnu/H-x86_64-pc-linux-gnu/bin/../lib/gcc/nios2-elf/9.2.1/../../../../../H-x86_64-pc-linux-gnu/nios2-elf/lib/mno-hw-mul/libc.a(lib_a-fstatr.o)
                0x0000000004002cc0                _fstat_r
 .text          0x0000000004002d20        0x0 /home/omaralkhatib/intelFPGA_lite/20.1/nios2eds/bin/gnu/H-x86_64-pc-linux-gnu/bin/../lib/gcc/nios2-elf/9.2.1/../../../../../H-x86_64-pc-linux-gnu/nios2-elf/lib/mno-hw-mul/libc.a(lib_a-isattyr.o)
 .text._isatty_r
                0x0000000004002d20       0x58 /home/omaralkhatib/intelFPGA_lite/20.1/nios2eds/bin/gnu/H-x86_64-pc-linux-gnu/bin/../lib/gcc/nios2-elf/9.2.1/../../../../../H-x86_64-pc-linux-gnu/nios2-elf/lib/mno-hw-mul/libc.a(lib_a-isattyr.o)
                0x0000000004002d20                _isatty_r
 .text          0x0000000004002d78      0x1b4 /home/omaralkhatib/intelFPGA_lite/20.1/nios2eds/bin/gnu/H-x86_64-pc-linux-gnu/bin/../lib/gcc/nios2-elf/9.2.1/mno-hw-mul/libgcc.a(lib2-divmod.o)
                0x0000000004002d78                __divsi3
                0x0000000004002df8                __modsi3
                0x0000000004002e6c                __udivsi3
                0x0000000004002ed0                __umodsi3
 .text          0x0000000004002f2c       0x28 /home/omaralkhatib/intelFPGA_lite/20.1/nios2eds/bin/gnu/H-x86_64-pc-linux-gnu/bin/../lib/gcc/nios2-elf/9.2.1/mno-hw-mul/libgcc.a(lib2-mul.o)
                0x0000000004002f2c                __mulsi3
 .text          0x0000000004002f54      0x118 ../esp32MasterCode_bsp//libhal_bsp.a(alt_close.o)
                0x0000000004002f90                close
 .text          0x000000000400306c       0x2c ../esp32MasterCode_bsp//libhal_bsp.a(alt_dev.o)
 .text          0x0000000004003098        0x0 ../esp32MasterCode_bsp//libhal_bsp.a(alt_errno.o)
 .text          0x0000000004003098       0xf8 ../esp32MasterCode_bsp//libhal_bsp.a(alt_fstat.o)
                0x00000000040030d4                fstat
 .text          0x0000000004003190       0xec ../esp32MasterCode_bsp//libhal_bsp.a(alt_isatty.o)
                0x00000000040031cc                isatty
 .text          0x000000000400327c       0xec ../esp32MasterCode_bsp//libhal_bsp.a(alt_load.o)
                0x00000000040032e4                alt_load
 .text          0x0000000004003368      0x11c ../esp32MasterCode_bsp//libhal_bsp.a(alt_lseek.o)
                0x00000000040033a4                lseek
 .text          0x0000000004003484       0x7c ../esp32MasterCode_bsp//libhal_bsp.a(alt_main.o)
                0x0000000004003484                alt_main
 .text          0x0000000004003500       0x48 ../esp32MasterCode_bsp//libhal_bsp.a(alt_malloc_lock.o)
                0x0000000004003500                __malloc_lock
                0x0000000004003524                __malloc_unlock
 .text          0x0000000004003548      0x144 ../esp32MasterCode_bsp//libhal_bsp.a(alt_read.o)
                0x0000000004003584                read
 .text          0x000000000400368c       0x70 ../esp32MasterCode_bsp//libhal_bsp.a(alt_release_fd.o)
                0x000000000400368c                alt_release_fd
 .text          0x00000000040036fc       0xb8 ../esp32MasterCode_bsp//libhal_bsp.a(alt_sbrk.o)
                0x00000000040036fc                sbrk
 .text          0x00000000040037b4      0x140 ../esp32MasterCode_bsp//libhal_bsp.a(alt_write.o)
                0x00000000040037f0                write
 .text          0x00000000040038f4       0xe0 ../esp32MasterCode_bsp//libhal_bsp.a(alt_sys_init.o)
                0x0000000004003928                alt_irq_init
                0x0000000004003964                alt_sys_init
 .text          0x00000000040039d4      0x164 ../esp32MasterCode_bsp//libhal_bsp.a(altera_avalon_jtag_uart_fd.o)
                0x00000000040039d4                altera_avalon_jtag_uart_read_fd
                0x0000000004003a34                altera_avalon_jtag_uart_write_fd
                0x0000000004003a94                altera_avalon_jtag_uart_close_fd
                0x0000000004003ae4                altera_avalon_jtag_uart_ioctl_fd
 .text          0x0000000004003b38      0x3cc ../esp32MasterCode_bsp//libhal_bsp.a(altera_avalon_jtag_uart_init.o)
                0x0000000004003b38                altera_avalon_jtag_uart_init
                0x0000000004003e9c                altera_avalon_jtag_uart_close
 .text          0x0000000004003f04       0xf4 ../esp32MasterCode_bsp//libhal_bsp.a(altera_avalon_jtag_uart_ioctl.o)
                0x0000000004003f04                altera_avalon_jtag_uart_ioctl
 .text          0x0000000004003ff8      0x220 ../esp32MasterCode_bsp//libhal_bsp.a(altera_avalon_jtag_uart_read.o)
                0x0000000004003ff8                altera_avalon_jtag_uart_read
 .text          0x0000000004004218      0x228 ../esp32MasterCode_bsp//libhal_bsp.a(altera_avalon_jtag_uart_write.o)
                0x0000000004004218                altera_avalon_jtag_uart_write
 .text          0x0000000004004440       0xfc ../esp32MasterCode_bsp//libhal_bsp.a(altera_avalon_timer_sc.o)
                0x00000000040044c0                alt_avalon_timer_sc_init
 .text          0x000000000400453c      0x134 ../esp32MasterCode_bsp//libhal_bsp.a(alt_alarm_start.o)
                0x000000000400453c                alt_alarm_start
 .text          0x0000000004004670       0x20 ../esp32MasterCode_bsp//libhal_bsp.a(alt_dcache_flush_all.o)
                0x0000000004004670                alt_dcache_flush_all
 .text          0x0000000004004690       0xe4 ../esp32MasterCode_bsp//libhal_bsp.a(alt_dev_llist_insert.o)
                0x00000000040046cc                alt_dev_llist_insert
 .text          0x0000000004004774       0x64 ../esp32MasterCode_bsp//libhal_bsp.a(alt_do_ctors.o)
                0x0000000004004774                _do_ctors
 .text          0x00000000040047d8       0x64 ../esp32MasterCode_bsp//libhal_bsp.a(alt_do_dtors.o)
                0x00000000040047d8                _do_dtors
 .text          0x000000000400483c       0x20 ../esp32MasterCode_bsp//libhal_bsp.a(alt_icache_flush_all.o)
                0x000000000400483c                alt_icache_flush_all
 .text          0x000000000400485c      0x150 ../esp32MasterCode_bsp//libhal_bsp.a(alt_io_redirect.o)
                0x0000000004004930                alt_io_redirect
 .text          0x00000000040049ac      0x180 ../esp32MasterCode_bsp//libhal_bsp.a(alt_irq_register.o)
                0x00000000040049ac                alt_irq_register
 .text          0x0000000004004b2c        0x0 ../esp32MasterCode_bsp//libhal_bsp.a(alt_irq_vars.o)
 .text          0x0000000004004b2c      0x278 ../esp32MasterCode_bsp//libhal_bsp.a(alt_open.o)
                0x0000000004004c44                open
 .text          0x0000000004004da4      0x1ac ../esp32MasterCode_bsp//libhal_bsp.a(alt_tick.o)
                0x0000000004004da4                alt_alarm_stop
                0x0000000004004e48                alt_tick
 .text          0x0000000004004f50       0x24 ../esp32MasterCode_bsp//libhal_bsp.a(altera_nios2_gen2_irq.o)
                0x0000000004004f50                altera_nios2_gen2_irq_init
 .text          0x0000000004004f74       0x90 ../esp32MasterCode_bsp//libhal_bsp.a(alt_find_dev.o)
                0x0000000004004f74                alt_find_dev
 .text          0x0000000004005004      0x108 ../esp32MasterCode_bsp//libhal_bsp.a(alt_find_file.o)
                0x0000000004005004                alt_find_file
 .text          0x000000000400510c       0xb8 ../esp32MasterCode_bsp//libhal_bsp.a(alt_get_fd.o)
                0x000000000400510c                alt_get_fd
 .text          0x00000000040051c4        0x0 ../esp32MasterCode_bsp//libhal_bsp.a(alt_irq_entry.o)
 .text          0x00000000040051c4        0x0 ../esp32MasterCode_bsp//libhal_bsp.a(alt_irq_handler.o)
 .text          0x00000000040051c4        0x0 ../esp32MasterCode_bsp//libhal_bsp.a(alt_exception_entry.o)
 .text          0x00000000040051c4       0x98 ../esp32MasterCode_bsp//libhal_bsp.a(alt_instruction_exception_entry.o)
                0x00000000040051c4                alt_exception_cause_generated_bad_addr
 .text          0x000000000400525c        0x0 /home/omaralkhatib/intelFPGA_lite/20.1/nios2eds/bin/gnu/H-x86_64-pc-linux-gnu/bin/../lib/gcc/nios2-elf/9.2.1/../../../../../H-x86_64-pc-linux-gnu/nios2-elf/lib/mno-hw-mul/libc.a(lib_a-atexit.o)
 .text.atexit   0x000000000400525c       0x14 /home/omaralkhatib/intelFPGA_lite/20.1/nios2eds/bin/gnu/H-x86_64-pc-linux-gnu/bin/../lib/gcc/nios2-elf/9.2.1/../../../../../H-x86_64-pc-linux-gnu/nios2-elf/lib/mno-hw-mul/libc.a(lib_a-atexit.o)
                0x000000000400525c                atexit
 .text          0x0000000004005270        0x0 /home/omaralkhatib/intelFPGA_lite/20.1/nios2eds/bin/gnu/H-x86_64-pc-linux-gnu/bin/../lib/gcc/nios2-elf/9.2.1/../../../../../H-x86_64-pc-linux-gnu/nios2-elf/lib/mno-hw-mul/libc.a(lib_a-exit.o)
 .text.exit     0x0000000004005270       0x34 /home/omaralkhatib/intelFPGA_lite/20.1/nios2eds/bin/gnu/H-x86_64-pc-linux-gnu/bin/../lib/gcc/nios2-elf/9.2.1/../../../../../H-x86_64-pc-linux-gnu/nios2-elf/lib/mno-hw-mul/libc.a(lib_a-exit.o)
                0x0000000004005270                exit
 .text          0x00000000040052a4        0x0 /home/omaralkhatib/intelFPGA_lite/20.1/nios2eds/bin/gnu/H-x86_64-pc-linux-gnu/bin/../lib/gcc/nios2-elf/9.2.1/../../../../../H-x86_64-pc-linux-gnu/nios2-elf/lib/mno-hw-mul/libc.a(lib_a-memcmp.o)
 .text.memcmp   0x00000000040052a4       0x78 /home/omaralkhatib/intelFPGA_lite/20.1/nios2eds/bin/gnu/H-x86_64-pc-linux-gnu/bin/../lib/gcc/nios2-elf/9.2.1/../../../../../H-x86_64-pc-linux-gnu/nios2-elf/lib/mno-hw-mul/libc.a(lib_a-memcmp.o)
                0x00000000040052a4                memcmp
 .text          0x000000000400531c        0x0 /home/omaralkhatib/intelFPGA_lite/20.1/nios2eds/bin/gnu/H-x86_64-pc-linux-gnu/bin/../lib/gcc/nios2-elf/9.2.1/../../../../../H-x86_64-pc-linux-gnu/nios2-elf/lib/mno-hw-mul/libc.a(lib_a-__atexit.o)
 .text.__register_exitproc
                0x000000000400531c       0x90 /home/omaralkhatib/intelFPGA_lite/20.1/nios2eds/bin/gnu/H-x86_64-pc-linux-gnu/bin/../lib/gcc/nios2-elf/9.2.1/../../../../../H-x86_64-pc-linux-gnu/nios2-elf/lib/mno-hw-mul/libc.a(lib_a-__atexit.o)
                0x000000000400531c                __register_exitproc
 .text          0x00000000040053ac        0x0 /home/omaralkhatib/intelFPGA_lite/20.1/nios2eds/bin/gnu/H-x86_64-pc-linux-gnu/bin/../lib/gcc/nios2-elf/9.2.1/../../../../../H-x86_64-pc-linux-gnu/nios2-elf/lib/mno-hw-mul/libc.a(lib_a-__call_atexit.o)
 .text.__call_exitprocs
                0x00000000040053ac      0x120 /home/omaralkhatib/intelFPGA_lite/20.1/nios2eds/bin/gnu/H-x86_64-pc-linux-gnu/bin/../lib/gcc/nios2-elf/9.2.1/../../../../../H-x86_64-pc-linux-gnu/nios2-elf/lib/mno-hw-mul/libc.a(lib_a-__call_atexit.o)
                0x00000000040053ac                __call_exitprocs
 .text          0x00000000040054cc       0x38 ../esp32MasterCode_bsp//libhal_bsp.a(alt_exit.o)
                0x00000000040054cc                _exit
 *(.gnu.warning.*)
 *(.fini)
                [!provide]                        PROVIDE (__etext = ABSOLUTE (.))
                [!provide]                        PROVIDE (_etext = ABSOLUTE (.))
                [!provide]                        PROVIDE (etext = ABSOLUTE (.))
 *(.eh_frame_hdr)
                0x0000000004005504                . = ALIGN (0x4)
                [!provide]                        PROVIDE (__preinit_array_start = ABSOLUTE (.))
 *(.preinit_array)
                [!provide]                        PROVIDE (__preinit_array_end = ABSOLUTE (.))
                [!provide]                        PROVIDE (__init_array_start = ABSOLUTE (.))
 *(.init_array)
                [!provide]                        PROVIDE (__init_array_end = ABSOLUTE (.))
                [!provide]                        PROVIDE (__fini_array_start = ABSOLUTE (.))
 *(.fini_array)
                [!provide]                        PROVIDE (__fini_array_end = ABSOLUTE (.))
 *(.eh_frame)
 *(.gcc_except_table .gcc_except_table.*)
 *(.dynamic)
                0x0000000004005504                PROVIDE (__CTOR_LIST__ = ABSOLUTE (.))
 *(.ctors)
 *(SORT_BY_NAME(.ctors.*))
                0x0000000004005504                PROVIDE (__CTOR_END__ = ABSOLUTE (.))
                0x0000000004005504                PROVIDE (__DTOR_LIST__ = ABSOLUTE (.))
 *(.dtors)
 *(SORT_BY_NAME(.dtors.*))
                0x0000000004005504                PROVIDE (__DTOR_END__ = ABSOLUTE (.))
 *(.jcr)
                0x0000000004005504                . = ALIGN (0x4)

.rodata         0x0000000004005504       0x50
                0x0000000004005504                PROVIDE (__ram_rodata_start = ABSOLUTE (.))
                0x0000000004005504                . = ALIGN (0x4)
 *(.rodata .rodata.* .gnu.linkonce.r.*)
 .rodata        0x0000000004005504       0x14 obj/default/hello_world.o
 .rodata._puts_r.str1.4
                0x0000000004005518        0x4 /home/omaralkhatib/intelFPGA_lite/20.1/nios2eds/bin/gnu/H-x86_64-pc-linux-gnu/bin/../lib/gcc/nios2-elf/9.2.1/../../../../../H-x86_64-pc-linux-gnu/nios2-elf/lib/mno-hw-mul/libc.a(lib_a-puts.o)
                                          0x2 (size before relaxing)
 .rodata        0x000000000400551c        0xa ../esp32MasterCode_bsp//libhal_bsp.a(alt_dev.o)
 *fill*         0x0000000004005526        0x2 
 .rodata        0x0000000004005528        0xa ../esp32MasterCode_bsp//libhal_bsp.a(alt_main.o)
 *fill*         0x0000000004005532        0x2 
 .rodata        0x0000000004005534       0x1f ../esp32MasterCode_bsp//libhal_bsp.a(alt_sys_init.o)
 *(.rodata1)
                0x0000000004005554                . = ALIGN (0x4)
 *fill*         0x0000000004005553        0x1 
                0x0000000004005554                PROVIDE (__ram_rodata_end = ABSOLUTE (.))
                0x0000000004005504                PROVIDE (__flash_rodata_start = LOADADDR (.rodata))

.rwdata         0x0000000004005554     0x1a98 load address 0x0000000004006fec
                0x0000000004005554                PROVIDE (__ram_rwdata_start = ABSOLUTE (.))
                0x0000000004005554                . = ALIGN (0x4)
 *(.got.plt)
 *(.got)
 *(.data1)
 *(.data .data.* .gnu.linkonce.d.*)
 .data          0x0000000004005554        0x0 ../esp32MasterCode_bsp//obj/HAL/src/crt0.o
 .data          0x0000000004005554        0x0 obj/default/hello_world.o
 .data          0x0000000004005554        0x0 /home/omaralkhatib/intelFPGA_lite/20.1/nios2eds/bin/gnu/H-x86_64-pc-linux-gnu/bin/../lib/gcc/nios2-elf/9.2.1/../../../../../H-x86_64-pc-linux-gnu/nios2-elf/lib/mno-hw-mul/libc.a(lib_a-puts.o)
 .data          0x0000000004005554        0x0 /home/omaralkhatib/intelFPGA_lite/20.1/nios2eds/bin/gnu/H-x86_64-pc-linux-gnu/bin/../lib/gcc/nios2-elf/9.2.1/../../../../../H-x86_64-pc-linux-gnu/nios2-elf/lib/mno-hw-mul/libc.a(lib_a-strlen.o)
 .data          0x0000000004005554        0x0 /home/omaralkhatib/intelFPGA_lite/20.1/nios2eds/bin/gnu/H-x86_64-pc-linux-gnu/bin/../lib/gcc/nios2-elf/9.2.1/../../../../../H-x86_64-pc-linux-gnu/nios2-elf/lib/mno-hw-mul/libc.a(lib_a-findfp.o)
 .data          0x0000000004005554        0x0 /home/omaralkhatib/intelFPGA_lite/20.1/nios2eds/bin/gnu/H-x86_64-pc-linux-gnu/bin/../lib/gcc/nios2-elf/9.2.1/../../../../../H-x86_64-pc-linux-gnu/nios2-elf/lib/mno-hw-mul/libc.a(lib_a-fvwrite.o)
 .data          0x0000000004005554        0x0 /home/omaralkhatib/intelFPGA_lite/20.1/nios2eds/bin/gnu/H-x86_64-pc-linux-gnu/bin/../lib/gcc/nios2-elf/9.2.1/../../../../../H-x86_64-pc-linux-gnu/nios2-elf/lib/mno-hw-mul/libc.a(lib_a-fwalk.o)
 .data          0x0000000004005554        0x0 /home/omaralkhatib/intelFPGA_lite/20.1/nios2eds/bin/gnu/H-x86_64-pc-linux-gnu/bin/../lib/gcc/nios2-elf/9.2.1/../../../../../H-x86_64-pc-linux-gnu/nios2-elf/lib/mno-hw-mul/libc.a(lib_a-impure.o)
 .data.impure_data
                0x0000000004005554      0x424 /home/omaralkhatib/intelFPGA_lite/20.1/nios2eds/bin/gnu/H-x86_64-pc-linux-gnu/bin/../lib/gcc/nios2-elf/9.2.1/../../../../../H-x86_64-pc-linux-gnu/nios2-elf/lib/mno-hw-mul/libc.a(lib_a-impure.o)
 .data          0x0000000004005978        0x0 /home/omaralkhatib/intelFPGA_lite/20.1/nios2eds/bin/gnu/H-x86_64-pc-linux-gnu/bin/../lib/gcc/nios2-elf/9.2.1/../../../../../H-x86_64-pc-linux-gnu/nios2-elf/lib/mno-hw-mul/libc.a(lib_a-mallocr.o)
 .data.__malloc_av_
                0x0000000004005978      0x408 /home/omaralkhatib/intelFPGA_lite/20.1/nios2eds/bin/gnu/H-x86_64-pc-linux-gnu/bin/../lib/gcc/nios2-elf/9.2.1/../../../../../H-x86_64-pc-linux-gnu/nios2-elf/lib/mno-hw-mul/libc.a(lib_a-mallocr.o)
                0x0000000004005978                __malloc_av_
 .data          0x0000000004005d80        0x0 /home/omaralkhatib/intelFPGA_lite/20.1/nios2eds/bin/gnu/H-x86_64-pc-linux-gnu/bin/../lib/gcc/nios2-elf/9.2.1/../../../../../H-x86_64-pc-linux-gnu/nios2-elf/lib/mno-hw-mul/libc.a(lib_a-memchr.o)
 .data          0x0000000004005d80        0x0 /home/omaralkhatib/intelFPGA_lite/20.1/nios2eds/bin/gnu/H-x86_64-pc-linux-gnu/bin/../lib/gcc/nios2-elf/9.2.1/../../../../../H-x86_64-pc-linux-gnu/nios2-elf/lib/mno-hw-mul/libc.a(lib_a-memcpy.o)
 .data          0x0000000004005d80        0x0 /home/omaralkhatib/intelFPGA_lite/20.1/nios2eds/bin/gnu/H-x86_64-pc-linux-gnu/bin/../lib/gcc/nios2-elf/9.2.1/../../../../../H-x86_64-pc-linux-gnu/nios2-elf/lib/mno-hw-mul/libc.a(lib_a-memmove.o)
 .data          0x0000000004005d80        0x0 /home/omaralkhatib/intelFPGA_lite/20.1/nios2eds/bin/gnu/H-x86_64-pc-linux-gnu/bin/../lib/gcc/nios2-elf/9.2.1/../../../../../H-x86_64-pc-linux-gnu/nios2-elf/lib/mno-hw-mul/libc.a(lib_a-memset.o)
 .data          0x0000000004005d80        0x0 /home/omaralkhatib/intelFPGA_lite/20.1/nios2eds/bin/gnu/H-x86_64-pc-linux-gnu/bin/../lib/gcc/nios2-elf/9.2.1/../../../../../H-x86_64-pc-linux-gnu/nios2-elf/lib/mno-hw-mul/libc.a(lib_a-reallocr.o)
 .data          0x0000000004005d80        0x0 /home/omaralkhatib/intelFPGA_lite/20.1/nios2eds/bin/gnu/H-x86_64-pc-linux-gnu/bin/../lib/gcc/nios2-elf/9.2.1/../../../../../H-x86_64-pc-linux-gnu/nios2-elf/lib/mno-hw-mul/libc.a(lib_a-sbrkr.o)
 .data          0x0000000004005d80        0x0 /home/omaralkhatib/intelFPGA_lite/20.1/nios2eds/bin/gnu/H-x86_64-pc-linux-gnu/bin/../lib/gcc/nios2-elf/9.2.1/../../../../../H-x86_64-pc-linux-gnu/nios2-elf/lib/mno-hw-mul/libc.a(lib_a-stdio.o)
 .data          0x0000000004005d80        0x0 /home/omaralkhatib/intelFPGA_lite/20.1/nios2eds/bin/gnu/H-x86_64-pc-linux-gnu/bin/../lib/gcc/nios2-elf/9.2.1/../../../../../H-x86_64-pc-linux-gnu/nios2-elf/lib/mno-hw-mul/libc.a(lib_a-writer.o)
 .data          0x0000000004005d80        0x0 /home/omaralkhatib/intelFPGA_lite/20.1/nios2eds/bin/gnu/H-x86_64-pc-linux-gnu/bin/../lib/gcc/nios2-elf/9.2.1/../../../../../H-x86_64-pc-linux-gnu/nios2-elf/lib/mno-hw-mul/libc.a(lib_a-wsetup.o)
 .data          0x0000000004005d80        0x0 /home/omaralkhatib/intelFPGA_lite/20.1/nios2eds/bin/gnu/H-x86_64-pc-linux-gnu/bin/../lib/gcc/nios2-elf/9.2.1/../../../../../H-x86_64-pc-linux-gnu/nios2-elf/lib/mno-hw-mul/libc.a(closer.o)
 .data          0x0000000004005d80        0x0 /home/omaralkhatib/intelFPGA_lite/20.1/nios2eds/bin/gnu/H-x86_64-pc-linux-gnu/bin/../lib/gcc/nios2-elf/9.2.1/../../../../../H-x86_64-pc-linux-gnu/nios2-elf/lib/mno-hw-mul/libc.a(lib_a-fclose.o)
 .data          0x0000000004005d80        0x0 /home/omaralkhatib/intelFPGA_lite/20.1/nios2eds/bin/gnu/H-x86_64-pc-linux-gnu/bin/../lib/gcc/nios2-elf/9.2.1/../../../../../H-x86_64-pc-linux-gnu/nios2-elf/lib/mno-hw-mul/libc.a(lib_a-fflush.o)
 .data          0x0000000004005d80        0x0 /home/omaralkhatib/intelFPGA_lite/20.1/nios2eds/bin/gnu/H-x86_64-pc-linux-gnu/bin/../lib/gcc/nios2-elf/9.2.1/../../../../../H-x86_64-pc-linux-gnu/nios2-elf/lib/mno-hw-mul/libc.a(lib_a-freer.o)
 .data          0x0000000004005d80        0x0 /home/omaralkhatib/intelFPGA_lite/20.1/nios2eds/bin/gnu/H-x86_64-pc-linux-gnu/bin/../lib/gcc/nios2-elf/9.2.1/../../../../../H-x86_64-pc-linux-gnu/nios2-elf/lib/mno-hw-mul/libc.a(lib_a-int_errno.o)
 .data          0x0000000004005d80        0x0 /home/omaralkhatib/intelFPGA_lite/20.1/nios2eds/bin/gnu/H-x86_64-pc-linux-gnu/bin/../lib/gcc/nios2-elf/9.2.1/../../../../../H-x86_64-pc-linux-gnu/nios2-elf/lib/mno-hw-mul/libc.a(lib_a-lseekr.o)
 .data          0x0000000004005d80        0x0 /home/omaralkhatib/intelFPGA_lite/20.1/nios2eds/bin/gnu/H-x86_64-pc-linux-gnu/bin/../lib/gcc/nios2-elf/9.2.1/../../../../../H-x86_64-pc-linux-gnu/nios2-elf/lib/mno-hw-mul/libc.a(lib_a-makebuf.o)
 .data          0x0000000004005d80        0x0 /home/omaralkhatib/intelFPGA_lite/20.1/nios2eds/bin/gnu/H-x86_64-pc-linux-gnu/bin/../lib/gcc/nios2-elf/9.2.1/../../../../../H-x86_64-pc-linux-gnu/nios2-elf/lib/mno-hw-mul/libc.a(lib_a-readr.o)
 .data          0x0000000004005d80        0x0 /home/omaralkhatib/intelFPGA_lite/20.1/nios2eds/bin/gnu/H-x86_64-pc-linux-gnu/bin/../lib/gcc/nios2-elf/9.2.1/../../../../../H-x86_64-pc-linux-gnu/nios2-elf/lib/mno-hw-mul/libc.a(lib_a-fstatr.o)
 .data          0x0000000004005d80        0x0 /home/omaralkhatib/intelFPGA_lite/20.1/nios2eds/bin/gnu/H-x86_64-pc-linux-gnu/bin/../lib/gcc/nios2-elf/9.2.1/../../../../../H-x86_64-pc-linux-gnu/nios2-elf/lib/mno-hw-mul/libc.a(lib_a-isattyr.o)
 .data          0x0000000004005d80        0x0 /home/omaralkhatib/intelFPGA_lite/20.1/nios2eds/bin/gnu/H-x86_64-pc-linux-gnu/bin/../lib/gcc/nios2-elf/9.2.1/mno-hw-mul/libgcc.a(lib2-divmod.o)
 .data          0x0000000004005d80        0x0 /home/omaralkhatib/intelFPGA_lite/20.1/nios2eds/bin/gnu/H-x86_64-pc-linux-gnu/bin/../lib/gcc/nios2-elf/9.2.1/mno-hw-mul/libgcc.a(lib2-mul.o)
 .data          0x0000000004005d80        0x0 ../esp32MasterCode_bsp//libhal_bsp.a(alt_close.o)
 .data          0x0000000004005d80      0x1a8 ../esp32MasterCode_bsp//libhal_bsp.a(alt_dev.o)
                0x0000000004005d80                alt_dev_null
                0x0000000004005da8                alt_fd_list
 .data          0x0000000004005f28        0x0 ../esp32MasterCode_bsp//libhal_bsp.a(alt_errno.o)
 .data          0x0000000004005f28        0x0 ../esp32MasterCode_bsp//libhal_bsp.a(alt_fstat.o)
 .data          0x0000000004005f28        0x0 ../esp32MasterCode_bsp//libhal_bsp.a(alt_isatty.o)
 .data          0x0000000004005f28        0x0 ../esp32MasterCode_bsp//libhal_bsp.a(alt_load.o)
 .data          0x0000000004005f28        0x0 ../esp32MasterCode_bsp//libhal_bsp.a(alt_lseek.o)
 .data          0x0000000004005f28        0x0 ../esp32MasterCode_bsp//libhal_bsp.a(alt_main.o)
 .data          0x0000000004005f28        0x0 ../esp32MasterCode_bsp//libhal_bsp.a(alt_malloc_lock.o)
 .data          0x0000000004005f28        0x0 ../esp32MasterCode_bsp//libhal_bsp.a(alt_read.o)
 .data          0x0000000004005f28        0x0 ../esp32MasterCode_bsp//libhal_bsp.a(alt_release_fd.o)
 .data          0x0000000004005f28        0x0 ../esp32MasterCode_bsp//libhal_bsp.a(alt_sbrk.o)
 .data          0x0000000004005f28        0x0 ../esp32MasterCode_bsp//libhal_bsp.a(alt_write.o)
 .data          0x0000000004005f28     0x108c ../esp32MasterCode_bsp//libhal_bsp.a(alt_sys_init.o)
 .data          0x0000000004006fb4        0x0 ../esp32MasterCode_bsp//libhal_bsp.a(altera_avalon_jtag_uart_fd.o)
 .data          0x0000000004006fb4        0x0 ../esp32MasterCode_bsp//libhal_bsp.a(altera_avalon_jtag_uart_init.o)
 .data          0x0000000004006fb4        0x0 ../esp32MasterCode_bsp//libhal_bsp.a(altera_avalon_jtag_uart_ioctl.o)
 .data          0x0000000004006fb4        0x0 ../esp32MasterCode_bsp//libhal_bsp.a(altera_avalon_jtag_uart_read.o)
 .data          0x0000000004006fb4        0x0 ../esp32MasterCode_bsp//libhal_bsp.a(altera_avalon_jtag_uart_write.o)
 .data          0x0000000004006fb4        0x0 ../esp32MasterCode_bsp//libhal_bsp.a(altera_avalon_timer_sc.o)
 .data          0x0000000004006fb4        0x0 ../esp32MasterCode_bsp//libhal_bsp.a(alt_alarm_start.o)
 .data          0x0000000004006fb4        0x0 ../esp32MasterCode_bsp//libhal_bsp.a(alt_dcache_flush_all.o)
 .data          0x0000000004006fb4        0x0 ../esp32MasterCode_bsp//libhal_bsp.a(alt_dev_llist_insert.o)
 .data          0x0000000004006fb4        0x0 ../esp32MasterCode_bsp//libhal_bsp.a(alt_do_ctors.o)
 .data          0x0000000004006fb4        0x0 ../esp32MasterCode_bsp//libhal_bsp.a(alt_do_dtors.o)
 .data          0x0000000004006fb4        0x0 ../esp32MasterCode_bsp//libhal_bsp.a(alt_icache_flush_all.o)
 .data          0x0000000004006fb4        0x0 ../esp32MasterCode_bsp//libhal_bsp.a(alt_io_redirect.o)
 .data          0x0000000004006fb4        0x0 ../esp32MasterCode_bsp//libhal_bsp.a(alt_irq_register.o)
 .data          0x0000000004006fb4        0x0 ../esp32MasterCode_bsp//libhal_bsp.a(alt_irq_vars.o)
 .data          0x0000000004006fb4        0x0 ../esp32MasterCode_bsp//libhal_bsp.a(alt_open.o)
 .data          0x0000000004006fb4        0x0 ../esp32MasterCode_bsp//libhal_bsp.a(alt_tick.o)
 .data          0x0000000004006fb4        0x0 ../esp32MasterCode_bsp//libhal_bsp.a(altera_nios2_gen2_irq.o)
 .data          0x0000000004006fb4        0x0 ../esp32MasterCode_bsp//libhal_bsp.a(alt_find_dev.o)
 .data          0x0000000004006fb4        0x0 ../esp32MasterCode_bsp//libhal_bsp.a(alt_find_file.o)
 .data          0x0000000004006fb4        0x0 ../esp32MasterCode_bsp//libhal_bsp.a(alt_get_fd.o)
 .data          0x0000000004006fb4        0x0 ../esp32MasterCode_bsp//libhal_bsp.a(alt_irq_entry.o)
 .data          0x0000000004006fb4        0x0 ../esp32MasterCode_bsp//libhal_bsp.a(alt_irq_handler.o)
 .data          0x0000000004006fb4        0x0 ../esp32MasterCode_bsp//libhal_bsp.a(alt_exception_entry.o)
 .data          0x0000000004006fb4        0x0 ../esp32MasterCode_bsp//libhal_bsp.a(alt_instruction_exception_entry.o)
 .data          0x0000000004006fb4        0x0 /home/omaralkhatib/intelFPGA_lite/20.1/nios2eds/bin/gnu/H-x86_64-pc-linux-gnu/bin/../lib/gcc/nios2-elf/9.2.1/../../../../../H-x86_64-pc-linux-gnu/nios2-elf/lib/mno-hw-mul/libc.a(lib_a-atexit.o)
 .data          0x0000000004006fb4        0x0 /home/omaralkhatib/intelFPGA_lite/20.1/nios2eds/bin/gnu/H-x86_64-pc-linux-gnu/bin/../lib/gcc/nios2-elf/9.2.1/../../../../../H-x86_64-pc-linux-gnu/nios2-elf/lib/mno-hw-mul/libc.a(lib_a-exit.o)
 .data          0x0000000004006fb4        0x0 /home/omaralkhatib/intelFPGA_lite/20.1/nios2eds/bin/gnu/H-x86_64-pc-linux-gnu/bin/../lib/gcc/nios2-elf/9.2.1/../../../../../H-x86_64-pc-linux-gnu/nios2-elf/lib/mno-hw-mul/libc.a(lib_a-memcmp.o)
 .data          0x0000000004006fb4        0x0 /home/omaralkhatib/intelFPGA_lite/20.1/nios2eds/bin/gnu/H-x86_64-pc-linux-gnu/bin/../lib/gcc/nios2-elf/9.2.1/../../../../../H-x86_64-pc-linux-gnu/nios2-elf/lib/mno-hw-mul/libc.a(lib_a-__atexit.o)
 .data          0x0000000004006fb4        0x0 /home/omaralkhatib/intelFPGA_lite/20.1/nios2eds/bin/gnu/H-x86_64-pc-linux-gnu/bin/../lib/gcc/nios2-elf/9.2.1/../../../../../H-x86_64-pc-linux-gnu/nios2-elf/lib/mno-hw-mul/libc.a(lib_a-__call_atexit.o)
 .data          0x0000000004006fb4        0x0 ../esp32MasterCode_bsp//libhal_bsp.a(alt_exit.o)
                0x000000000400efb4                _gp = ABSOLUTE ((. + 0x8000))
                [!provide]                        PROVIDE (gp = _gp)
 *(.rwdata .rwdata.*)
 *(.sdata .sdata.* .gnu.linkonce.s.*)
 .sdata._global_impure_ptr
                0x0000000004006fb4        0x4 /home/omaralkhatib/intelFPGA_lite/20.1/nios2eds/bin/gnu/H-x86_64-pc-linux-gnu/bin/../lib/gcc/nios2-elf/9.2.1/../../../../../H-x86_64-pc-linux-gnu/nios2-elf/lib/mno-hw-mul/libc.a(lib_a-impure.o)
                0x0000000004006fb4                _global_impure_ptr
 .sdata._impure_ptr
                0x0000000004006fb8        0x4 /home/omaralkhatib/intelFPGA_lite/20.1/nios2eds/bin/gnu/H-x86_64-pc-linux-gnu/bin/../lib/gcc/nios2-elf/9.2.1/../../../../../H-x86_64-pc-linux-gnu/nios2-elf/lib/mno-hw-mul/libc.a(lib_a-impure.o)
                0x0000000004006fb8                _impure_ptr
 .sdata.__malloc_sbrk_base
                0x0000000004006fbc        0x4 /home/omaralkhatib/intelFPGA_lite/20.1/nios2eds/bin/gnu/H-x86_64-pc-linux-gnu/bin/../lib/gcc/nios2-elf/9.2.1/../../../../../H-x86_64-pc-linux-gnu/nios2-elf/lib/mno-hw-mul/libc.a(lib_a-mallocr.o)
                0x0000000004006fbc                __malloc_sbrk_base
 .sdata.__malloc_trim_threshold
                0x0000000004006fc0        0x4 /home/omaralkhatib/intelFPGA_lite/20.1/nios2eds/bin/gnu/H-x86_64-pc-linux-gnu/bin/../lib/gcc/nios2-elf/9.2.1/../../../../../H-x86_64-pc-linux-gnu/nios2-elf/lib/mno-hw-mul/libc.a(lib_a-mallocr.o)
                0x0000000004006fc0                __malloc_trim_threshold
 .sdata         0x0000000004006fc4       0x14 ../esp32MasterCode_bsp//libhal_bsp.a(alt_dev.o)
                0x0000000004006fc4                alt_fs_list
                0x0000000004006fcc                alt_dev_list
                0x0000000004006fd4                alt_max_fd
 .sdata         0x0000000004006fd8        0x4 ../esp32MasterCode_bsp//libhal_bsp.a(alt_errno.o)
                0x0000000004006fd8                alt_errno
 .sdata         0x0000000004006fdc        0x4 ../esp32MasterCode_bsp//libhal_bsp.a(alt_sbrk.o)
 .sdata         0x0000000004006fe0        0x4 ../esp32MasterCode_bsp//libhal_bsp.a(alt_irq_vars.o)
                0x0000000004006fe0                alt_priority_mask
 .sdata         0x0000000004006fe4        0x8 ../esp32MasterCode_bsp//libhal_bsp.a(alt_tick.o)
                0x0000000004006fe4                alt_alarm_list
 *(.sdata2 .sdata2.* .gnu.linkonce.s2.*)
                0x0000000004006fec                . = ALIGN (0x4)
                0x0000000004006fec                _edata = ABSOLUTE (.)
                [!provide]                        PROVIDE (edata = ABSOLUTE (.))
                0x0000000004006fec                PROVIDE (__ram_rwdata_end = ABSOLUTE (.))
                0x0000000004006fec                PROVIDE (__flash_rwdata_start = LOADADDR (.rwdata))

.bss            0x0000000004008a84      0x154
                0x0000000004008a84                __bss_start = ABSOLUTE (.)
                [!provide]                        PROVIDE (__sbss_start = ABSOLUTE (.))
                [!provide]                        PROVIDE (___sbss_start = ABSOLUTE (.))
 *(.dynsbss)
 *(.sbss .sbss.* .gnu.linkonce.sb.*)
 .sbss.__malloc_max_total_mem
                0x0000000004008a84        0x4 /home/omaralkhatib/intelFPGA_lite/20.1/nios2eds/bin/gnu/H-x86_64-pc-linux-gnu/bin/../lib/gcc/nios2-elf/9.2.1/../../../../../H-x86_64-pc-linux-gnu/nios2-elf/lib/mno-hw-mul/libc.a(lib_a-mallocr.o)
                0x0000000004008a84                __malloc_max_total_mem
 .sbss.__malloc_max_sbrked_mem
                0x0000000004008a88        0x4 /home/omaralkhatib/intelFPGA_lite/20.1/nios2eds/bin/gnu/H-x86_64-pc-linux-gnu/bin/../lib/gcc/nios2-elf/9.2.1/../../../../../H-x86_64-pc-linux-gnu/nios2-elf/lib/mno-hw-mul/libc.a(lib_a-mallocr.o)
                0x0000000004008a88                __malloc_max_sbrked_mem
 .sbss.__malloc_top_pad
                0x0000000004008a8c        0x4 /home/omaralkhatib/intelFPGA_lite/20.1/nios2eds/bin/gnu/H-x86_64-pc-linux-gnu/bin/../lib/gcc/nios2-elf/9.2.1/../../../../../H-x86_64-pc-linux-gnu/nios2-elf/lib/mno-hw-mul/libc.a(lib_a-mallocr.o)
                0x0000000004008a8c                __malloc_top_pad
 .sbss          0x0000000004008a90        0x4 /home/omaralkhatib/intelFPGA_lite/20.1/nios2eds/bin/gnu/H-x86_64-pc-linux-gnu/bin/../lib/gcc/nios2-elf/9.2.1/../../../../../H-x86_64-pc-linux-gnu/nios2-elf/lib/mno-hw-mul/libc.a(lib_a-int_errno.o)
                0x0000000004008a90                errno
 .sbss          0x0000000004008a94        0xc ../esp32MasterCode_bsp//libhal_bsp.a(alt_main.o)
                0x0000000004008a94                alt_argc
                0x0000000004008a98                alt_argv
                0x0000000004008a9c                alt_envp
 .sbss          0x0000000004008aa0        0x4 ../esp32MasterCode_bsp//libhal_bsp.a(alt_irq_vars.o)
                0x0000000004008aa0                alt_irq_active
 .sbss          0x0000000004008aa4        0x8 ../esp32MasterCode_bsp//libhal_bsp.a(alt_tick.o)
                0x0000000004008aa4                _alt_tick_rate
                0x0000000004008aa8                _alt_nticks
 .sbss          0x0000000004008aac        0x4 ../esp32MasterCode_bsp//libhal_bsp.a(alt_instruction_exception_entry.o)
                0x0000000004008aac                alt_instruction_exception_handler
 *(.sbss2 .sbss2.* .gnu.linkonce.sb2.*)
 *(.scommon)
                [!provide]                        PROVIDE (__sbss_end = ABSOLUTE (.))
                [!provide]                        PROVIDE (___sbss_end = ABSOLUTE (.))
 *(.dynbss)
 *(.bss .bss.* .gnu.linkonce.b.*)
 .bss           0x0000000004008ab0        0x0 ../esp32MasterCode_bsp//obj/HAL/src/crt0.o
 .bss           0x0000000004008ab0        0x0 obj/default/hello_world.o
 .bss           0x0000000004008ab0        0x0 /home/omaralkhatib/intelFPGA_lite/20.1/nios2eds/bin/gnu/H-x86_64-pc-linux-gnu/bin/../lib/gcc/nios2-elf/9.2.1/../../../../../H-x86_64-pc-linux-gnu/nios2-elf/lib/mno-hw-mul/libc.a(lib_a-puts.o)
 .bss           0x0000000004008ab0        0x0 /home/omaralkhatib/intelFPGA_lite/20.1/nios2eds/bin/gnu/H-x86_64-pc-linux-gnu/bin/../lib/gcc/nios2-elf/9.2.1/../../../../../H-x86_64-pc-linux-gnu/nios2-elf/lib/mno-hw-mul/libc.a(lib_a-strlen.o)
 .bss           0x0000000004008ab0        0x0 /home/omaralkhatib/intelFPGA_lite/20.1/nios2eds/bin/gnu/H-x86_64-pc-linux-gnu/bin/../lib/gcc/nios2-elf/9.2.1/../../../../../H-x86_64-pc-linux-gnu/nios2-elf/lib/mno-hw-mul/libc.a(lib_a-findfp.o)
 .bss           0x0000000004008ab0        0x0 /home/omaralkhatib/intelFPGA_lite/20.1/nios2eds/bin/gnu/H-x86_64-pc-linux-gnu/bin/../lib/gcc/nios2-elf/9.2.1/../../../../../H-x86_64-pc-linux-gnu/nios2-elf/lib/mno-hw-mul/libc.a(lib_a-fvwrite.o)
 .bss           0x0000000004008ab0        0x0 /home/omaralkhatib/intelFPGA_lite/20.1/nios2eds/bin/gnu/H-x86_64-pc-linux-gnu/bin/../lib/gcc/nios2-elf/9.2.1/../../../../../H-x86_64-pc-linux-gnu/nios2-elf/lib/mno-hw-mul/libc.a(lib_a-fwalk.o)
 .bss           0x0000000004008ab0        0x0 /home/omaralkhatib/intelFPGA_lite/20.1/nios2eds/bin/gnu/H-x86_64-pc-linux-gnu/bin/../lib/gcc/nios2-elf/9.2.1/../../../../../H-x86_64-pc-linux-gnu/nios2-elf/lib/mno-hw-mul/libc.a(lib_a-impure.o)
 .bss           0x0000000004008ab0        0x0 /home/omaralkhatib/intelFPGA_lite/20.1/nios2eds/bin/gnu/H-x86_64-pc-linux-gnu/bin/../lib/gcc/nios2-elf/9.2.1/../../../../../H-x86_64-pc-linux-gnu/nios2-elf/lib/mno-hw-mul/libc.a(lib_a-mallocr.o)
 .bss.__malloc_current_mallinfo
                0x0000000004008ab0       0x28 /home/omaralkhatib/intelFPGA_lite/20.1/nios2eds/bin/gnu/H-x86_64-pc-linux-gnu/bin/../lib/gcc/nios2-elf/9.2.1/../../../../../H-x86_64-pc-linux-gnu/nios2-elf/lib/mno-hw-mul/libc.a(lib_a-mallocr.o)
                0x0000000004008ab0                __malloc_current_mallinfo
 .bss           0x0000000004008ad8        0x0 /home/omaralkhatib/intelFPGA_lite/20.1/nios2eds/bin/gnu/H-x86_64-pc-linux-gnu/bin/../lib/gcc/nios2-elf/9.2.1/../../../../../H-x86_64-pc-linux-gnu/nios2-elf/lib/mno-hw-mul/libc.a(lib_a-memchr.o)
 .bss           0x0000000004008ad8        0x0 /home/omaralkhatib/intelFPGA_lite/20.1/nios2eds/bin/gnu/H-x86_64-pc-linux-gnu/bin/../lib/gcc/nios2-elf/9.2.1/../../../../../H-x86_64-pc-linux-gnu/nios2-elf/lib/mno-hw-mul/libc.a(lib_a-memcpy.o)
 .bss           0x0000000004008ad8        0x0 /home/omaralkhatib/intelFPGA_lite/20.1/nios2eds/bin/gnu/H-x86_64-pc-linux-gnu/bin/../lib/gcc/nios2-elf/9.2.1/../../../../../H-x86_64-pc-linux-gnu/nios2-elf/lib/mno-hw-mul/libc.a(lib_a-memmove.o)
 .bss           0x0000000004008ad8        0x0 /home/omaralkhatib/intelFPGA_lite/20.1/nios2eds/bin/gnu/H-x86_64-pc-linux-gnu/bin/../lib/gcc/nios2-elf/9.2.1/../../../../../H-x86_64-pc-linux-gnu/nios2-elf/lib/mno-hw-mul/libc.a(lib_a-memset.o)
 .bss           0x0000000004008ad8        0x0 /home/omaralkhatib/intelFPGA_lite/20.1/nios2eds/bin/gnu/H-x86_64-pc-linux-gnu/bin/../lib/gcc/nios2-elf/9.2.1/../../../../../H-x86_64-pc-linux-gnu/nios2-elf/lib/mno-hw-mul/libc.a(lib_a-reallocr.o)
 .bss           0x0000000004008ad8        0x0 /home/omaralkhatib/intelFPGA_lite/20.1/nios2eds/bin/gnu/H-x86_64-pc-linux-gnu/bin/../lib/gcc/nios2-elf/9.2.1/../../../../../H-x86_64-pc-linux-gnu/nios2-elf/lib/mno-hw-mul/libc.a(lib_a-sbrkr.o)
 .bss           0x0000000004008ad8        0x0 /home/omaralkhatib/intelFPGA_lite/20.1/nios2eds/bin/gnu/H-x86_64-pc-linux-gnu/bin/../lib/gcc/nios2-elf/9.2.1/../../../../../H-x86_64-pc-linux-gnu/nios2-elf/lib/mno-hw-mul/libc.a(lib_a-stdio.o)
 .bss           0x0000000004008ad8        0x0 /home/omaralkhatib/intelFPGA_lite/20.1/nios2eds/bin/gnu/H-x86_64-pc-linux-gnu/bin/../lib/gcc/nios2-elf/9.2.1/../../../../../H-x86_64-pc-linux-gnu/nios2-elf/lib/mno-hw-mul/libc.a(lib_a-writer.o)
 .bss           0x0000000004008ad8        0x0 /home/omaralkhatib/intelFPGA_lite/20.1/nios2eds/bin/gnu/H-x86_64-pc-linux-gnu/bin/../lib/gcc/nios2-elf/9.2.1/../../../../../H-x86_64-pc-linux-gnu/nios2-elf/lib/mno-hw-mul/libc.a(lib_a-wsetup.o)
 .bss           0x0000000004008ad8        0x0 /home/omaralkhatib/intelFPGA_lite/20.1/nios2eds/bin/gnu/H-x86_64-pc-linux-gnu/bin/../lib/gcc/nios2-elf/9.2.1/../../../../../H-x86_64-pc-linux-gnu/nios2-elf/lib/mno-hw-mul/libc.a(closer.o)
 .bss           0x0000000004008ad8        0x0 /home/omaralkhatib/intelFPGA_lite/20.1/nios2eds/bin/gnu/H-x86_64-pc-linux-gnu/bin/../lib/gcc/nios2-elf/9.2.1/../../../../../H-x86_64-pc-linux-gnu/nios2-elf/lib/mno-hw-mul/libc.a(lib_a-fclose.o)
 .bss           0x0000000004008ad8        0x0 /home/omaralkhatib/intelFPGA_lite/20.1/nios2eds/bin/gnu/H-x86_64-pc-linux-gnu/bin/../lib/gcc/nios2-elf/9.2.1/../../../../../H-x86_64-pc-linux-gnu/nios2-elf/lib/mno-hw-mul/libc.a(lib_a-fflush.o)
 .bss           0x0000000004008ad8        0x0 /home/omaralkhatib/intelFPGA_lite/20.1/nios2eds/bin/gnu/H-x86_64-pc-linux-gnu/bin/../lib/gcc/nios2-elf/9.2.1/../../../../../H-x86_64-pc-linux-gnu/nios2-elf/lib/mno-hw-mul/libc.a(lib_a-freer.o)
 .bss           0x0000000004008ad8        0x0 /home/omaralkhatib/intelFPGA_lite/20.1/nios2eds/bin/gnu/H-x86_64-pc-linux-gnu/bin/../lib/gcc/nios2-elf/9.2.1/../../../../../H-x86_64-pc-linux-gnu/nios2-elf/lib/mno-hw-mul/libc.a(lib_a-int_errno.o)
 .bss           0x0000000004008ad8        0x0 /home/omaralkhatib/intelFPGA_lite/20.1/nios2eds/bin/gnu/H-x86_64-pc-linux-gnu/bin/../lib/gcc/nios2-elf/9.2.1/../../../../../H-x86_64-pc-linux-gnu/nios2-elf/lib/mno-hw-mul/libc.a(lib_a-lseekr.o)
 .bss           0x0000000004008ad8        0x0 /home/omaralkhatib/intelFPGA_lite/20.1/nios2eds/bin/gnu/H-x86_64-pc-linux-gnu/bin/../lib/gcc/nios2-elf/9.2.1/../../../../../H-x86_64-pc-linux-gnu/nios2-elf/lib/mno-hw-mul/libc.a(lib_a-makebuf.o)
 .bss           0x0000000004008ad8        0x0 /home/omaralkhatib/intelFPGA_lite/20.1/nios2eds/bin/gnu/H-x86_64-pc-linux-gnu/bin/../lib/gcc/nios2-elf/9.2.1/../../../../../H-x86_64-pc-linux-gnu/nios2-elf/lib/mno-hw-mul/libc.a(lib_a-readr.o)
 .bss           0x0000000004008ad8        0x0 /home/omaralkhatib/intelFPGA_lite/20.1/nios2eds/bin/gnu/H-x86_64-pc-linux-gnu/bin/../lib/gcc/nios2-elf/9.2.1/../../../../../H-x86_64-pc-linux-gnu/nios2-elf/lib/mno-hw-mul/libc.a(lib_a-fstatr.o)
 .bss           0x0000000004008ad8        0x0 /home/omaralkhatib/intelFPGA_lite/20.1/nios2eds/bin/gnu/H-x86_64-pc-linux-gnu/bin/../lib/gcc/nios2-elf/9.2.1/../../../../../H-x86_64-pc-linux-gnu/nios2-elf/lib/mno-hw-mul/libc.a(lib_a-isattyr.o)
 .bss           0x0000000004008ad8        0x0 /home/omaralkhatib/intelFPGA_lite/20.1/nios2eds/bin/gnu/H-x86_64-pc-linux-gnu/bin/../lib/gcc/nios2-elf/9.2.1/mno-hw-mul/libgcc.a(lib2-divmod.o)
 .bss           0x0000000004008ad8        0x0 /home/omaralkhatib/intelFPGA_lite/20.1/nios2eds/bin/gnu/H-x86_64-pc-linux-gnu/bin/../lib/gcc/nios2-elf/9.2.1/mno-hw-mul/libgcc.a(lib2-mul.o)
 .bss           0x0000000004008ad8        0x0 ../esp32MasterCode_bsp//libhal_bsp.a(alt_close.o)
 .bss           0x0000000004008ad8        0x0 ../esp32MasterCode_bsp//libhal_bsp.a(alt_dev.o)
 .bss           0x0000000004008ad8        0x0 ../esp32MasterCode_bsp//libhal_bsp.a(alt_errno.o)
 .bss           0x0000000004008ad8        0x0 ../esp32MasterCode_bsp//libhal_bsp.a(alt_fstat.o)
 .bss           0x0000000004008ad8        0x0 ../esp32MasterCode_bsp//libhal_bsp.a(alt_isatty.o)
 .bss           0x0000000004008ad8        0x0 ../esp32MasterCode_bsp//libhal_bsp.a(alt_load.o)
 .bss           0x0000000004008ad8        0x0 ../esp32MasterCode_bsp//libhal_bsp.a(alt_lseek.o)
 .bss           0x0000000004008ad8        0x0 ../esp32MasterCode_bsp//libhal_bsp.a(alt_main.o)
 .bss           0x0000000004008ad8        0x0 ../esp32MasterCode_bsp//libhal_bsp.a(alt_malloc_lock.o)
 .bss           0x0000000004008ad8        0x0 ../esp32MasterCode_bsp//libhal_bsp.a(alt_read.o)
 .bss           0x0000000004008ad8        0x0 ../esp32MasterCode_bsp//libhal_bsp.a(alt_release_fd.o)
 .bss           0x0000000004008ad8        0x0 ../esp32MasterCode_bsp//libhal_bsp.a(alt_sbrk.o)
 .bss           0x0000000004008ad8        0x0 ../esp32MasterCode_bsp//libhal_bsp.a(alt_write.o)
 .bss           0x0000000004008ad8        0x0 ../esp32MasterCode_bsp//libhal_bsp.a(alt_sys_init.o)
 .bss           0x0000000004008ad8        0x0 ../esp32MasterCode_bsp//libhal_bsp.a(altera_avalon_jtag_uart_fd.o)
 .bss           0x0000000004008ad8        0x0 ../esp32MasterCode_bsp//libhal_bsp.a(altera_avalon_jtag_uart_init.o)
 .bss           0x0000000004008ad8        0x0 ../esp32MasterCode_bsp//libhal_bsp.a(altera_avalon_jtag_uart_ioctl.o)
 .bss           0x0000000004008ad8        0x0 ../esp32MasterCode_bsp//libhal_bsp.a(altera_avalon_jtag_uart_read.o)
 .bss           0x0000000004008ad8        0x0 ../esp32MasterCode_bsp//libhal_bsp.a(altera_avalon_jtag_uart_write.o)
 .bss           0x0000000004008ad8        0x0 ../esp32MasterCode_bsp//libhal_bsp.a(altera_avalon_timer_sc.o)
 .bss           0x0000000004008ad8        0x0 ../esp32MasterCode_bsp//libhal_bsp.a(alt_alarm_start.o)
 .bss           0x0000000004008ad8        0x0 ../esp32MasterCode_bsp//libhal_bsp.a(alt_dcache_flush_all.o)
 .bss           0x0000000004008ad8        0x0 ../esp32MasterCode_bsp//libhal_bsp.a(alt_dev_llist_insert.o)
 .bss           0x0000000004008ad8        0x0 ../esp32MasterCode_bsp//libhal_bsp.a(alt_do_ctors.o)
 .bss           0x0000000004008ad8        0x0 ../esp32MasterCode_bsp//libhal_bsp.a(alt_do_dtors.o)
 .bss           0x0000000004008ad8        0x0 ../esp32MasterCode_bsp//libhal_bsp.a(alt_icache_flush_all.o)
 .bss           0x0000000004008ad8        0x0 ../esp32MasterCode_bsp//libhal_bsp.a(alt_io_redirect.o)
 .bss           0x0000000004008ad8        0x0 ../esp32MasterCode_bsp//libhal_bsp.a(alt_irq_register.o)
 .bss           0x0000000004008ad8        0x0 ../esp32MasterCode_bsp//libhal_bsp.a(alt_irq_vars.o)
 .bss           0x0000000004008ad8        0x0 ../esp32MasterCode_bsp//libhal_bsp.a(alt_open.o)
 .bss           0x0000000004008ad8        0x0 ../esp32MasterCode_bsp//libhal_bsp.a(alt_tick.o)
 .bss           0x0000000004008ad8        0x0 ../esp32MasterCode_bsp//libhal_bsp.a(altera_nios2_gen2_irq.o)
 .bss           0x0000000004008ad8        0x0 ../esp32MasterCode_bsp//libhal_bsp.a(alt_find_dev.o)
 .bss           0x0000000004008ad8        0x0 ../esp32MasterCode_bsp//libhal_bsp.a(alt_find_file.o)
 .bss           0x0000000004008ad8        0x0 ../esp32MasterCode_bsp//libhal_bsp.a(alt_get_fd.o)
 .bss           0x0000000004008ad8        0x0 ../esp32MasterCode_bsp//libhal_bsp.a(alt_irq_entry.o)
 .bss           0x0000000004008ad8        0x0 ../esp32MasterCode_bsp//libhal_bsp.a(alt_irq_handler.o)
 .bss           0x0000000004008ad8        0x0 ../esp32MasterCode_bsp//libhal_bsp.a(alt_exception_entry.o)
 .bss           0x0000000004008ad8        0x0 ../esp32MasterCode_bsp//libhal_bsp.a(alt_instruction_exception_entry.o)
 .bss           0x0000000004008ad8        0x0 /home/omaralkhatib/intelFPGA_lite/20.1/nios2eds/bin/gnu/H-x86_64-pc-linux-gnu/bin/../lib/gcc/nios2-elf/9.2.1/../../../../../H-x86_64-pc-linux-gnu/nios2-elf/lib/mno-hw-mul/libc.a(lib_a-atexit.o)
 .bss           0x0000000004008ad8        0x0 /home/omaralkhatib/intelFPGA_lite/20.1/nios2eds/bin/gnu/H-x86_64-pc-linux-gnu/bin/../lib/gcc/nios2-elf/9.2.1/../../../../../H-x86_64-pc-linux-gnu/nios2-elf/lib/mno-hw-mul/libc.a(lib_a-exit.o)
 .bss           0x0000000004008ad8        0x0 /home/omaralkhatib/intelFPGA_lite/20.1/nios2eds/bin/gnu/H-x86_64-pc-linux-gnu/bin/../lib/gcc/nios2-elf/9.2.1/../../../../../H-x86_64-pc-linux-gnu/nios2-elf/lib/mno-hw-mul/libc.a(lib_a-memcmp.o)
 .bss           0x0000000004008ad8        0x0 /home/omaralkhatib/intelFPGA_lite/20.1/nios2eds/bin/gnu/H-x86_64-pc-linux-gnu/bin/../lib/gcc/nios2-elf/9.2.1/../../../../../H-x86_64-pc-linux-gnu/nios2-elf/lib/mno-hw-mul/libc.a(lib_a-__atexit.o)
 .bss           0x0000000004008ad8        0x0 /home/omaralkhatib/intelFPGA_lite/20.1/nios2eds/bin/gnu/H-x86_64-pc-linux-gnu/bin/../lib/gcc/nios2-elf/9.2.1/../../../../../H-x86_64-pc-linux-gnu/nios2-elf/lib/mno-hw-mul/libc.a(lib_a-__call_atexit.o)
 .bss           0x0000000004008ad8        0x0 ../esp32MasterCode_bsp//libhal_bsp.a(alt_exit.o)
 *(COMMON)
 COMMON         0x0000000004008ad8      0x100 ../esp32MasterCode_bsp//libhal_bsp.a(alt_irq_handler.o)
                0x0000000004008ad8                alt_irq
                0x0000000004008bd8                . = ALIGN (0x4)
                0x0000000004008bd8                __bss_end = ABSOLUTE (.)

.dram_controller
                0x0000000004008bd8        0x0
                [!provide]                        PROVIDE (_alt_partition_dram_controller_start = ABSOLUTE (.))
 *(.dram_controller .dram_controller. dram_controller.*)
                0x0000000004008bd8                . = ALIGN (0x4)
                [!provide]                        PROVIDE (_alt_partition_dram_controller_end = ABSOLUTE (.))
                0x0000000004008bd8                _end = ABSOLUTE (.)
                0x0000000004008bd8                end = ABSOLUTE (.)
                0x0000000004008bd8                __alt_stack_base = ABSOLUTE (.)
                [!provide]                        PROVIDE (_alt_partition_dram_controller_load_addr = LOADADDR (.dram_controller))

.stab
 *(.stab)

.stabstr
 *(.stabstr)

.stab.excl
 *(.stab.excl)

.stab.exclstr
 *(.stab.exclstr)

.stab.index
 *(.stab.index)

.stab.indexstr
 *(.stab.indexstr)

.comment        0x0000000000000000       0x2c
 *(.comment)
 .comment       0x0000000000000000       0x2c obj/default/hello_world.o
                                         0x2d (size before relaxing)
 .comment       0x000000000000002c       0x2d /home/omaralkhatib/intelFPGA_lite/20.1/nios2eds/bin/gnu/H-x86_64-pc-linux-gnu/bin/../lib/gcc/nios2-elf/9.2.1/../../../../../H-x86_64-pc-linux-gnu/nios2-elf/lib/mno-hw-mul/libc.a(lib_a-puts.o)
 .comment       0x000000000000002c       0x2d /home/omaralkhatib/intelFPGA_lite/20.1/nios2eds/bin/gnu/H-x86_64-pc-linux-gnu/bin/../lib/gcc/nios2-elf/9.2.1/../../../../../H-x86_64-pc-linux-gnu/nios2-elf/lib/mno-hw-mul/libc.a(lib_a-strlen.o)
 .comment       0x000000000000002c       0x2d /home/omaralkhatib/intelFPGA_lite/20.1/nios2eds/bin/gnu/H-x86_64-pc-linux-gnu/bin/../lib/gcc/nios2-elf/9.2.1/../../../../../H-x86_64-pc-linux-gnu/nios2-elf/lib/mno-hw-mul/libc.a(lib_a-findfp.o)
 .comment       0x000000000000002c       0x2d /home/omaralkhatib/intelFPGA_lite/20.1/nios2eds/bin/gnu/H-x86_64-pc-linux-gnu/bin/../lib/gcc/nios2-elf/9.2.1/../../../../../H-x86_64-pc-linux-gnu/nios2-elf/lib/mno-hw-mul/libc.a(lib_a-fvwrite.o)
 .comment       0x000000000000002c       0x2d /home/omaralkhatib/intelFPGA_lite/20.1/nios2eds/bin/gnu/H-x86_64-pc-linux-gnu/bin/../lib/gcc/nios2-elf/9.2.1/../../../../../H-x86_64-pc-linux-gnu/nios2-elf/lib/mno-hw-mul/libc.a(lib_a-fwalk.o)
 .comment       0x000000000000002c       0x2d /home/omaralkhatib/intelFPGA_lite/20.1/nios2eds/bin/gnu/H-x86_64-pc-linux-gnu/bin/../lib/gcc/nios2-elf/9.2.1/../../../../../H-x86_64-pc-linux-gnu/nios2-elf/lib/mno-hw-mul/libc.a(lib_a-impure.o)
 .comment       0x000000000000002c       0x2d /home/omaralkhatib/intelFPGA_lite/20.1/nios2eds/bin/gnu/H-x86_64-pc-linux-gnu/bin/../lib/gcc/nios2-elf/9.2.1/../../../../../H-x86_64-pc-linux-gnu/nios2-elf/lib/mno-hw-mul/libc.a(lib_a-mallocr.o)
 .comment       0x000000000000002c       0x2d /home/omaralkhatib/intelFPGA_lite/20.1/nios2eds/bin/gnu/H-x86_64-pc-linux-gnu/bin/../lib/gcc/nios2-elf/9.2.1/../../../../../H-x86_64-pc-linux-gnu/nios2-elf/lib/mno-hw-mul/libc.a(lib_a-memchr.o)
 .comment       0x000000000000002c       0x2d /home/omaralkhatib/intelFPGA_lite/20.1/nios2eds/bin/gnu/H-x86_64-pc-linux-gnu/bin/../lib/gcc/nios2-elf/9.2.1/../../../../../H-x86_64-pc-linux-gnu/nios2-elf/lib/mno-hw-mul/libc.a(lib_a-memcpy.o)
 .comment       0x000000000000002c       0x2d /home/omaralkhatib/intelFPGA_lite/20.1/nios2eds/bin/gnu/H-x86_64-pc-linux-gnu/bin/../lib/gcc/nios2-elf/9.2.1/../../../../../H-x86_64-pc-linux-gnu/nios2-elf/lib/mno-hw-mul/libc.a(lib_a-memmove.o)
 .comment       0x000000000000002c       0x2d /home/omaralkhatib/intelFPGA_lite/20.1/nios2eds/bin/gnu/H-x86_64-pc-linux-gnu/bin/../lib/gcc/nios2-elf/9.2.1/../../../../../H-x86_64-pc-linux-gnu/nios2-elf/lib/mno-hw-mul/libc.a(lib_a-memset.o)
 .comment       0x000000000000002c       0x2d /home/omaralkhatib/intelFPGA_lite/20.1/nios2eds/bin/gnu/H-x86_64-pc-linux-gnu/bin/../lib/gcc/nios2-elf/9.2.1/../../../../../H-x86_64-pc-linux-gnu/nios2-elf/lib/mno-hw-mul/libc.a(lib_a-reallocr.o)
 .comment       0x000000000000002c       0x2d /home/omaralkhatib/intelFPGA_lite/20.1/nios2eds/bin/gnu/H-x86_64-pc-linux-gnu/bin/../lib/gcc/nios2-elf/9.2.1/../../../../../H-x86_64-pc-linux-gnu/nios2-elf/lib/mno-hw-mul/libc.a(lib_a-sbrkr.o)
 .comment       0x000000000000002c       0x2d /home/omaralkhatib/intelFPGA_lite/20.1/nios2eds/bin/gnu/H-x86_64-pc-linux-gnu/bin/../lib/gcc/nios2-elf/9.2.1/../../../../../H-x86_64-pc-linux-gnu/nios2-elf/lib/mno-hw-mul/libc.a(lib_a-stdio.o)
 .comment       0x000000000000002c       0x2d /home/omaralkhatib/intelFPGA_lite/20.1/nios2eds/bin/gnu/H-x86_64-pc-linux-gnu/bin/../lib/gcc/nios2-elf/9.2.1/../../../../../H-x86_64-pc-linux-gnu/nios2-elf/lib/mno-hw-mul/libc.a(lib_a-writer.o)
 .comment       0x000000000000002c       0x2d /home/omaralkhatib/intelFPGA_lite/20.1/nios2eds/bin/gnu/H-x86_64-pc-linux-gnu/bin/../lib/gcc/nios2-elf/9.2.1/../../../../../H-x86_64-pc-linux-gnu/nios2-elf/lib/mno-hw-mul/libc.a(lib_a-wsetup.o)
 .comment       0x000000000000002c       0x2d /home/omaralkhatib/intelFPGA_lite/20.1/nios2eds/bin/gnu/H-x86_64-pc-linux-gnu/bin/../lib/gcc/nios2-elf/9.2.1/../../../../../H-x86_64-pc-linux-gnu/nios2-elf/lib/mno-hw-mul/libc.a(closer.o)
 .comment       0x000000000000002c       0x2d /home/omaralkhatib/intelFPGA_lite/20.1/nios2eds/bin/gnu/H-x86_64-pc-linux-gnu/bin/../lib/gcc/nios2-elf/9.2.1/../../../../../H-x86_64-pc-linux-gnu/nios2-elf/lib/mno-hw-mul/libc.a(lib_a-fclose.o)
 .comment       0x000000000000002c       0x2d /home/omaralkhatib/intelFPGA_lite/20.1/nios2eds/bin/gnu/H-x86_64-pc-linux-gnu/bin/../lib/gcc/nios2-elf/9.2.1/../../../../../H-x86_64-pc-linux-gnu/nios2-elf/lib/mno-hw-mul/libc.a(lib_a-fflush.o)
 .comment       0x000000000000002c       0x2d /home/omaralkhatib/intelFPGA_lite/20.1/nios2eds/bin/gnu/H-x86_64-pc-linux-gnu/bin/../lib/gcc/nios2-elf/9.2.1/../../../../../H-x86_64-pc-linux-gnu/nios2-elf/lib/mno-hw-mul/libc.a(lib_a-freer.o)
 .comment       0x000000000000002c       0x2d /home/omaralkhatib/intelFPGA_lite/20.1/nios2eds/bin/gnu/H-x86_64-pc-linux-gnu/bin/../lib/gcc/nios2-elf/9.2.1/../../../../../H-x86_64-pc-linux-gnu/nios2-elf/lib/mno-hw-mul/libc.a(lib_a-int_errno.o)
 .comment       0x000000000000002c       0x2d /home/omaralkhatib/intelFPGA_lite/20.1/nios2eds/bin/gnu/H-x86_64-pc-linux-gnu/bin/../lib/gcc/nios2-elf/9.2.1/../../../../../H-x86_64-pc-linux-gnu/nios2-elf/lib/mno-hw-mul/libc.a(lib_a-lseekr.o)
 .comment       0x000000000000002c       0x2d /home/omaralkhatib/intelFPGA_lite/20.1/nios2eds/bin/gnu/H-x86_64-pc-linux-gnu/bin/../lib/gcc/nios2-elf/9.2.1/../../../../../H-x86_64-pc-linux-gnu/nios2-elf/lib/mno-hw-mul/libc.a(lib_a-makebuf.o)
 .comment       0x000000000000002c       0x2d /home/omaralkhatib/intelFPGA_lite/20.1/nios2eds/bin/gnu/H-x86_64-pc-linux-gnu/bin/../lib/gcc/nios2-elf/9.2.1/../../../../../H-x86_64-pc-linux-gnu/nios2-elf/lib/mno-hw-mul/libc.a(lib_a-readr.o)
 .comment       0x000000000000002c       0x2d /home/omaralkhatib/intelFPGA_lite/20.1/nios2eds/bin/gnu/H-x86_64-pc-linux-gnu/bin/../lib/gcc/nios2-elf/9.2.1/../../../../../H-x86_64-pc-linux-gnu/nios2-elf/lib/mno-hw-mul/libc.a(lib_a-fstatr.o)
 .comment       0x000000000000002c       0x2d /home/omaralkhatib/intelFPGA_lite/20.1/nios2eds/bin/gnu/H-x86_64-pc-linux-gnu/bin/../lib/gcc/nios2-elf/9.2.1/../../../../../H-x86_64-pc-linux-gnu/nios2-elf/lib/mno-hw-mul/libc.a(lib_a-isattyr.o)
 .comment       0x000000000000002c       0x2d /home/omaralkhatib/intelFPGA_lite/20.1/nios2eds/bin/gnu/H-x86_64-pc-linux-gnu/bin/../lib/gcc/nios2-elf/9.2.1/mno-hw-mul/libgcc.a(lib2-divmod.o)
 .comment       0x000000000000002c       0x2d /home/omaralkhatib/intelFPGA_lite/20.1/nios2eds/bin/gnu/H-x86_64-pc-linux-gnu/bin/../lib/gcc/nios2-elf/9.2.1/mno-hw-mul/libgcc.a(lib2-mul.o)
 .comment       0x000000000000002c       0x2d ../esp32MasterCode_bsp//libhal_bsp.a(alt_close.o)
 .comment       0x000000000000002c       0x2d ../esp32MasterCode_bsp//libhal_bsp.a(alt_dev.o)
 .comment       0x000000000000002c       0x2d ../esp32MasterCode_bsp//libhal_bsp.a(alt_errno.o)
 .comment       0x000000000000002c       0x2d ../esp32MasterCode_bsp//libhal_bsp.a(alt_fstat.o)
 .comment       0x000000000000002c       0x2d ../esp32MasterCode_bsp//libhal_bsp.a(alt_isatty.o)
 .comment       0x000000000000002c       0x2d ../esp32MasterCode_bsp//libhal_bsp.a(alt_load.o)
 .comment       0x000000000000002c       0x2d ../esp32MasterCode_bsp//libhal_bsp.a(alt_lseek.o)
 .comment       0x000000000000002c       0x2d ../esp32MasterCode_bsp//libhal_bsp.a(alt_main.o)
 .comment       0x000000000000002c       0x2d ../esp32MasterCode_bsp//libhal_bsp.a(alt_malloc_lock.o)
 .comment       0x000000000000002c       0x2d ../esp32MasterCode_bsp//libhal_bsp.a(alt_read.o)
 .comment       0x000000000000002c       0x2d ../esp32MasterCode_bsp//libhal_bsp.a(alt_release_fd.o)
 .comment       0x000000000000002c       0x2d ../esp32MasterCode_bsp//libhal_bsp.a(alt_sbrk.o)
 .comment       0x000000000000002c       0x2d ../esp32MasterCode_bsp//libhal_bsp.a(alt_write.o)
 .comment       0x000000000000002c       0x2d ../esp32MasterCode_bsp//libhal_bsp.a(alt_sys_init.o)
 .comment       0x000000000000002c       0x2d ../esp32MasterCode_bsp//libhal_bsp.a(altera_avalon_jtag_uart_fd.o)
 .comment       0x000000000000002c       0x2d ../esp32MasterCode_bsp//libhal_bsp.a(altera_avalon_jtag_uart_init.o)
 .comment       0x000000000000002c       0x2d ../esp32MasterCode_bsp//libhal_bsp.a(altera_avalon_jtag_uart_ioctl.o)
 .comment       0x000000000000002c       0x2d ../esp32MasterCode_bsp//libhal_bsp.a(altera_avalon_jtag_uart_read.o)
 .comment       0x000000000000002c       0x2d ../esp32MasterCode_bsp//libhal_bsp.a(altera_avalon_jtag_uart_write.o)
 .comment       0x000000000000002c       0x2d ../esp32MasterCode_bsp//libhal_bsp.a(altera_avalon_timer_sc.o)
 .comment       0x000000000000002c       0x2d ../esp32MasterCode_bsp//libhal_bsp.a(alt_alarm_start.o)
 .comment       0x000000000000002c       0x2d ../esp32MasterCode_bsp//libhal_bsp.a(alt_dcache_flush_all.o)
 .comment       0x000000000000002c       0x2d ../esp32MasterCode_bsp//libhal_bsp.a(alt_dev_llist_insert.o)
 .comment       0x000000000000002c       0x2d ../esp32MasterCode_bsp//libhal_bsp.a(alt_do_ctors.o)
 .comment       0x000000000000002c       0x2d ../esp32MasterCode_bsp//libhal_bsp.a(alt_do_dtors.o)
 .comment       0x000000000000002c       0x2d ../esp32MasterCode_bsp//libhal_bsp.a(alt_icache_flush_all.o)
 .comment       0x000000000000002c       0x2d ../esp32MasterCode_bsp//libhal_bsp.a(alt_io_redirect.o)
 .comment       0x000000000000002c       0x2d ../esp32MasterCode_bsp//libhal_bsp.a(alt_irq_register.o)
 .comment       0x000000000000002c       0x2d ../esp32MasterCode_bsp//libhal_bsp.a(alt_irq_vars.o)
 .comment       0x000000000000002c       0x2d ../esp32MasterCode_bsp//libhal_bsp.a(alt_open.o)
 .comment       0x000000000000002c       0x2d ../esp32MasterCode_bsp//libhal_bsp.a(alt_tick.o)
 .comment       0x000000000000002c       0x2d ../esp32MasterCode_bsp//libhal_bsp.a(altera_nios2_gen2_irq.o)
 .comment       0x000000000000002c       0x2d ../esp32MasterCode_bsp//libhal_bsp.a(alt_find_dev.o)
 .comment       0x000000000000002c       0x2d ../esp32MasterCode_bsp//libhal_bsp.a(alt_find_file.o)
 .comment       0x000000000000002c       0x2d ../esp32MasterCode_bsp//libhal_bsp.a(alt_get_fd.o)
 .comment       0x000000000000002c       0x2d ../esp32MasterCode_bsp//libhal_bsp.a(alt_irq_handler.o)
 .comment       0x000000000000002c       0x2d ../esp32MasterCode_bsp//libhal_bsp.a(alt_instruction_exception_entry.o)
 .comment       0x000000000000002c       0x2d /home/omaralkhatib/intelFPGA_lite/20.1/nios2eds/bin/gnu/H-x86_64-pc-linux-gnu/bin/../lib/gcc/nios2-elf/9.2.1/../../../../../H-x86_64-pc-linux-gnu/nios2-elf/lib/mno-hw-mul/libc.a(lib_a-atexit.o)
 .comment       0x000000000000002c       0x2d /home/omaralkhatib/intelFPGA_lite/20.1/nios2eds/bin/gnu/H-x86_64-pc-linux-gnu/bin/../lib/gcc/nios2-elf/9.2.1/../../../../../H-x86_64-pc-linux-gnu/nios2-elf/lib/mno-hw-mul/libc.a(lib_a-exit.o)
 .comment       0x000000000000002c       0x2d /home/omaralkhatib/intelFPGA_lite/20.1/nios2eds/bin/gnu/H-x86_64-pc-linux-gnu/bin/../lib/gcc/nios2-elf/9.2.1/../../../../../H-x86_64-pc-linux-gnu/nios2-elf/lib/mno-hw-mul/libc.a(lib_a-memcmp.o)
 .comment       0x000000000000002c       0x2d /home/omaralkhatib/intelFPGA_lite/20.1/nios2eds/bin/gnu/H-x86_64-pc-linux-gnu/bin/../lib/gcc/nios2-elf/9.2.1/../../../../../H-x86_64-pc-linux-gnu/nios2-elf/lib/mno-hw-mul/libc.a(lib_a-__atexit.o)
 .comment       0x000000000000002c       0x2d /home/omaralkhatib/intelFPGA_lite/20.1/nios2eds/bin/gnu/H-x86_64-pc-linux-gnu/bin/../lib/gcc/nios2-elf/9.2.1/../../../../../H-x86_64-pc-linux-gnu/nios2-elf/lib/mno-hw-mul/libc.a(lib_a-__call_atexit.o)
 .comment       0x000000000000002c       0x2d ../esp32MasterCode_bsp//libhal_bsp.a(alt_exit.o)

.debug
 *(.debug)

.line
 *(.line)

.debug_srcinfo
 *(.debug_srcinfo)

.debug_sfnames
 *(.debug_sfnames)

.debug_aranges  0x0000000000000000      0xa18
 *(.debug_aranges)
 .debug_aranges
                0x0000000000000000       0x28 ../esp32MasterCode_bsp//obj/HAL/src/crt0.o
 .debug_aranges
                0x0000000000000028       0x20 obj/default/hello_world.o
 .debug_aranges
                0x0000000000000048       0x28 /home/omaralkhatib/intelFPGA_lite/20.1/nios2eds/bin/gnu/H-x86_64-pc-linux-gnu/bin/../lib/gcc/nios2-elf/9.2.1/../../../../../H-x86_64-pc-linux-gnu/nios2-elf/lib/mno-hw-mul/libc.a(lib_a-puts.o)
 .debug_aranges
                0x0000000000000070       0x20 /home/omaralkhatib/intelFPGA_lite/20.1/nios2eds/bin/gnu/H-x86_64-pc-linux-gnu/bin/../lib/gcc/nios2-elf/9.2.1/../../../../../H-x86_64-pc-linux-gnu/nios2-elf/lib/mno-hw-mul/libc.a(lib_a-strlen.o)
 .debug_aranges
                0x0000000000000090       0x68 /home/omaralkhatib/intelFPGA_lite/20.1/nios2eds/bin/gnu/H-x86_64-pc-linux-gnu/bin/../lib/gcc/nios2-elf/9.2.1/../../../../../H-x86_64-pc-linux-gnu/nios2-elf/lib/mno-hw-mul/libc.a(lib_a-findfp.o)
 .debug_aranges
                0x00000000000000f8       0x20 /home/omaralkhatib/intelFPGA_lite/20.1/nios2eds/bin/gnu/H-x86_64-pc-linux-gnu/bin/../lib/gcc/nios2-elf/9.2.1/../../../../../H-x86_64-pc-linux-gnu/nios2-elf/lib/mno-hw-mul/libc.a(lib_a-fvwrite.o)
 .debug_aranges
                0x0000000000000118       0x28 /home/omaralkhatib/intelFPGA_lite/20.1/nios2eds/bin/gnu/H-x86_64-pc-linux-gnu/bin/../lib/gcc/nios2-elf/9.2.1/../../../../../H-x86_64-pc-linux-gnu/nios2-elf/lib/mno-hw-mul/libc.a(lib_a-fwalk.o)
 .debug_aranges
                0x0000000000000140       0x18 /home/omaralkhatib/intelFPGA_lite/20.1/nios2eds/bin/gnu/H-x86_64-pc-linux-gnu/bin/../lib/gcc/nios2-elf/9.2.1/../../../../../H-x86_64-pc-linux-gnu/nios2-elf/lib/mno-hw-mul/libc.a(lib_a-impure.o)
 .debug_aranges
                0x0000000000000158       0x20 /home/omaralkhatib/intelFPGA_lite/20.1/nios2eds/bin/gnu/H-x86_64-pc-linux-gnu/bin/../lib/gcc/nios2-elf/9.2.1/../../../../../H-x86_64-pc-linux-gnu/nios2-elf/lib/mno-hw-mul/libc.a(lib_a-mallocr.o)
 .debug_aranges
                0x0000000000000178       0x20 /home/omaralkhatib/intelFPGA_lite/20.1/nios2eds/bin/gnu/H-x86_64-pc-linux-gnu/bin/../lib/gcc/nios2-elf/9.2.1/../../../../../H-x86_64-pc-linux-gnu/nios2-elf/lib/mno-hw-mul/libc.a(lib_a-memchr.o)
 .debug_aranges
                0x0000000000000198       0x20 /home/omaralkhatib/intelFPGA_lite/20.1/nios2eds/bin/gnu/H-x86_64-pc-linux-gnu/bin/../lib/gcc/nios2-elf/9.2.1/../../../../../H-x86_64-pc-linux-gnu/nios2-elf/lib/mno-hw-mul/libc.a(lib_a-memcpy.o)
 .debug_aranges
                0x00000000000001b8       0x20 /home/omaralkhatib/intelFPGA_lite/20.1/nios2eds/bin/gnu/H-x86_64-pc-linux-gnu/bin/../lib/gcc/nios2-elf/9.2.1/../../../../../H-x86_64-pc-linux-gnu/nios2-elf/lib/mno-hw-mul/libc.a(lib_a-memmove.o)
 .debug_aranges
                0x00000000000001d8       0x20 /home/omaralkhatib/intelFPGA_lite/20.1/nios2eds/bin/gnu/H-x86_64-pc-linux-gnu/bin/../lib/gcc/nios2-elf/9.2.1/../../../../../H-x86_64-pc-linux-gnu/nios2-elf/lib/mno-hw-mul/libc.a(lib_a-memset.o)
 .debug_aranges
                0x00000000000001f8       0x20 /home/omaralkhatib/intelFPGA_lite/20.1/nios2eds/bin/gnu/H-x86_64-pc-linux-gnu/bin/../lib/gcc/nios2-elf/9.2.1/../../../../../H-x86_64-pc-linux-gnu/nios2-elf/lib/mno-hw-mul/libc.a(lib_a-reallocr.o)
 .debug_aranges
                0x0000000000000218       0x20 /home/omaralkhatib/intelFPGA_lite/20.1/nios2eds/bin/gnu/H-x86_64-pc-linux-gnu/bin/../lib/gcc/nios2-elf/9.2.1/../../../../../H-x86_64-pc-linux-gnu/nios2-elf/lib/mno-hw-mul/libc.a(lib_a-sbrkr.o)
 .debug_aranges
                0x0000000000000238       0x40 /home/omaralkhatib/intelFPGA_lite/20.1/nios2eds/bin/gnu/H-x86_64-pc-linux-gnu/bin/../lib/gcc/nios2-elf/9.2.1/../../../../../H-x86_64-pc-linux-gnu/nios2-elf/lib/mno-hw-mul/libc.a(lib_a-stdio.o)
 .debug_aranges
                0x0000000000000278       0x20 /home/omaralkhatib/intelFPGA_lite/20.1/nios2eds/bin/gnu/H-x86_64-pc-linux-gnu/bin/../lib/gcc/nios2-elf/9.2.1/../../../../../H-x86_64-pc-linux-gnu/nios2-elf/lib/mno-hw-mul/libc.a(lib_a-writer.o)
 .debug_aranges
                0x0000000000000298       0x20 /home/omaralkhatib/intelFPGA_lite/20.1/nios2eds/bin/gnu/H-x86_64-pc-linux-gnu/bin/../lib/gcc/nios2-elf/9.2.1/../../../../../H-x86_64-pc-linux-gnu/nios2-elf/lib/mno-hw-mul/libc.a(lib_a-wsetup.o)
 .debug_aranges
                0x00000000000002b8       0x20 /home/omaralkhatib/intelFPGA_lite/20.1/nios2eds/bin/gnu/H-x86_64-pc-linux-gnu/bin/../lib/gcc/nios2-elf/9.2.1/../../../../../H-x86_64-pc-linux-gnu/nios2-elf/lib/mno-hw-mul/libc.a(closer.o)
 .debug_aranges
                0x00000000000002d8       0x28 /home/omaralkhatib/intelFPGA_lite/20.1/nios2eds/bin/gnu/H-x86_64-pc-linux-gnu/bin/../lib/gcc/nios2-elf/9.2.1/../../../../../H-x86_64-pc-linux-gnu/nios2-elf/lib/mno-hw-mul/libc.a(lib_a-fclose.o)
 .debug_aranges
                0x0000000000000300       0x30 /home/omaralkhatib/intelFPGA_lite/20.1/nios2eds/bin/gnu/H-x86_64-pc-linux-gnu/bin/../lib/gcc/nios2-elf/9.2.1/../../../../../H-x86_64-pc-linux-gnu/nios2-elf/lib/mno-hw-mul/libc.a(lib_a-fflush.o)
 .debug_aranges
                0x0000000000000330       0x28 /home/omaralkhatib/intelFPGA_lite/20.1/nios2eds/bin/gnu/H-x86_64-pc-linux-gnu/bin/../lib/gcc/nios2-elf/9.2.1/../../../../../H-x86_64-pc-linux-gnu/nios2-elf/lib/mno-hw-mul/libc.a(lib_a-freer.o)
 .debug_aranges
                0x0000000000000358       0x18 /home/omaralkhatib/intelFPGA_lite/20.1/nios2eds/bin/gnu/H-x86_64-pc-linux-gnu/bin/../lib/gcc/nios2-elf/9.2.1/../../../../../H-x86_64-pc-linux-gnu/nios2-elf/lib/mno-hw-mul/libc.a(lib_a-int_errno.o)
 .debug_aranges
                0x0000000000000370       0x20 /home/omaralkhatib/intelFPGA_lite/20.1/nios2eds/bin/gnu/H-x86_64-pc-linux-gnu/bin/../lib/gcc/nios2-elf/9.2.1/../../../../../H-x86_64-pc-linux-gnu/nios2-elf/lib/mno-hw-mul/libc.a(lib_a-lseekr.o)
 .debug_aranges
                0x0000000000000390       0x28 /home/omaralkhatib/intelFPGA_lite/20.1/nios2eds/bin/gnu/H-x86_64-pc-linux-gnu/bin/../lib/gcc/nios2-elf/9.2.1/../../../../../H-x86_64-pc-linux-gnu/nios2-elf/lib/mno-hw-mul/libc.a(lib_a-makebuf.o)
 .debug_aranges
                0x00000000000003b8       0x20 /home/omaralkhatib/intelFPGA_lite/20.1/nios2eds/bin/gnu/H-x86_64-pc-linux-gnu/bin/../lib/gcc/nios2-elf/9.2.1/../../../../../H-x86_64-pc-linux-gnu/nios2-elf/lib/mno-hw-mul/libc.a(lib_a-readr.o)
 .debug_aranges
                0x00000000000003d8       0x20 /home/omaralkhatib/intelFPGA_lite/20.1/nios2eds/bin/gnu/H-x86_64-pc-linux-gnu/bin/../lib/gcc/nios2-elf/9.2.1/../../../../../H-x86_64-pc-linux-gnu/nios2-elf/lib/mno-hw-mul/libc.a(lib_a-fstatr.o)
 .debug_aranges
                0x00000000000003f8       0x20 /home/omaralkhatib/intelFPGA_lite/20.1/nios2eds/bin/gnu/H-x86_64-pc-linux-gnu/bin/../lib/gcc/nios2-elf/9.2.1/../../../../../H-x86_64-pc-linux-gnu/nios2-elf/lib/mno-hw-mul/libc.a(lib_a-isattyr.o)
 .debug_aranges
                0x0000000000000418       0x20 /home/omaralkhatib/intelFPGA_lite/20.1/nios2eds/bin/gnu/H-x86_64-pc-linux-gnu/bin/../lib/gcc/nios2-elf/9.2.1/mno-hw-mul/libgcc.a(lib2-divmod.o)
 .debug_aranges
                0x0000000000000438       0x20 /home/omaralkhatib/intelFPGA_lite/20.1/nios2eds/bin/gnu/H-x86_64-pc-linux-gnu/bin/../lib/gcc/nios2-elf/9.2.1/mno-hw-mul/libgcc.a(lib2-mul.o)
 .debug_aranges
                0x0000000000000458       0x20 ../esp32MasterCode_bsp//libhal_bsp.a(alt_close.o)
 .debug_aranges
                0x0000000000000478       0x20 ../esp32MasterCode_bsp//libhal_bsp.a(alt_dev.o)
 .debug_aranges
                0x0000000000000498       0x18 ../esp32MasterCode_bsp//libhal_bsp.a(alt_errno.o)
 .debug_aranges
                0x00000000000004b0       0x20 ../esp32MasterCode_bsp//libhal_bsp.a(alt_fstat.o)
 .debug_aranges
                0x00000000000004d0       0x20 ../esp32MasterCode_bsp//libhal_bsp.a(alt_isatty.o)
 .debug_aranges
                0x00000000000004f0       0x20 ../esp32MasterCode_bsp//libhal_bsp.a(alt_load.o)
 .debug_aranges
                0x0000000000000510       0x20 ../esp32MasterCode_bsp//libhal_bsp.a(alt_lseek.o)
 .debug_aranges
                0x0000000000000530       0x20 ../esp32MasterCode_bsp//libhal_bsp.a(alt_main.o)
 .debug_aranges
                0x0000000000000550       0x20 ../esp32MasterCode_bsp//libhal_bsp.a(alt_malloc_lock.o)
 .debug_aranges
                0x0000000000000570       0x20 ../esp32MasterCode_bsp//libhal_bsp.a(alt_read.o)
 .debug_aranges
                0x0000000000000590       0x20 ../esp32MasterCode_bsp//libhal_bsp.a(alt_release_fd.o)
 .debug_aranges
                0x00000000000005b0       0x20 ../esp32MasterCode_bsp//libhal_bsp.a(alt_sbrk.o)
 .debug_aranges
                0x00000000000005d0       0x20 ../esp32MasterCode_bsp//libhal_bsp.a(alt_write.o)
 .debug_aranges
                0x00000000000005f0       0x20 ../esp32MasterCode_bsp//libhal_bsp.a(alt_sys_init.o)
 .debug_aranges
                0x0000000000000610       0x20 ../esp32MasterCode_bsp//libhal_bsp.a(altera_avalon_jtag_uart_fd.o)
 .debug_aranges
                0x0000000000000630       0x20 ../esp32MasterCode_bsp//libhal_bsp.a(altera_avalon_jtag_uart_init.o)
 .debug_aranges
                0x0000000000000650       0x20 ../esp32MasterCode_bsp//libhal_bsp.a(altera_avalon_jtag_uart_ioctl.o)
 .debug_aranges
                0x0000000000000670       0x20 ../esp32MasterCode_bsp//libhal_bsp.a(altera_avalon_jtag_uart_read.o)
 .debug_aranges
                0x0000000000000690       0x20 ../esp32MasterCode_bsp//libhal_bsp.a(altera_avalon_jtag_uart_write.o)
 .debug_aranges
                0x00000000000006b0       0x20 ../esp32MasterCode_bsp//libhal_bsp.a(altera_avalon_timer_sc.o)
 .debug_aranges