Archive member included to satisfy reference by file (symbol)

../MasterUpgraded_bsp//newlib/nios2-elf/lib/libc.a(lib_a-printf.o)
                              obj/default/float2_functionality.o (printf)
../MasterUpgraded_bsp//newlib/nios2-elf/lib/libc.a(lib_a-vfprintf.o)
                              ../MasterUpgraded_bsp//newlib/nios2-elf/lib/libc.a(lib_a-printf.o) (___vfprintf_internal_r)
../MasterUpgraded_bsp//newlib/nios2-elf/lib/libc.a(lib_a-wsetup.o)
                              ../MasterUpgraded_bsp//newlib/nios2-elf/lib/libc.a(lib_a-vfprintf.o) (__swsetup_r)
../MasterUpgraded_bsp//newlib/nios2-elf/lib/libc.a(lib_a-dtoa.o)
                              ../MasterUpgraded_bsp//newlib/nios2-elf/lib/libc.a(lib_a-vfprintf.o) (_dtoa_r)
../MasterUpgraded_bsp//newlib/nios2-elf/lib/libc.a(lib_a-fflush.o)
                              ../MasterUpgraded_bsp//newlib/nios2-elf/lib/libc.a(lib_a-vfprintf.o) (_fflush_r)
../MasterUpgraded_bsp//newlib/nios2-elf/lib/libc.a(lib_a-findfp.o)
                              ../MasterUpgraded_bsp//newlib/nios2-elf/lib/libc.a(lib_a-vfprintf.o) (__sinit)
../MasterUpgraded_bsp//newlib/nios2-elf/lib/libc.a(lib_a-freer.o)
                              ../MasterUpgraded_bsp//newlib/nios2-elf/lib/libc.a(lib_a-vfprintf.o) (_free_r)
../MasterUpgraded_bsp//newlib/nios2-elf/lib/libc.a(lib_a-fwalk.o)
                              ../MasterUpgraded_bsp//newlib/nios2-elf/lib/libc.a(lib_a-findfp.o) (_fwalk)
../MasterUpgraded_bsp//newlib/nios2-elf/lib/libc.a(lib_a-impure.o)
                              ../MasterUpgraded_bsp//newlib/nios2-elf/lib/libc.a(lib_a-printf.o) (_impure_ptr)
../MasterUpgraded_bsp//newlib/nios2-elf/lib/libc.a(lib_a-localeconv.o)
                              ../MasterUpgraded_bsp//newlib/nios2-elf/lib/libc.a(lib_a-vfprintf.o) (_localeconv_r)
../MasterUpgraded_bsp//newlib/nios2-elf/lib/libc.a(lib_a-locale.o)
                              ../MasterUpgraded_bsp//newlib/nios2-elf/lib/libc.a(lib_a-localeconv.o) (__global_locale)
../MasterUpgraded_bsp//newlib/nios2-elf/lib/libc.a(lib_a-makebuf.o)
                              ../MasterUpgraded_bsp//newlib/nios2-elf/lib/libc.a(lib_a-wsetup.o) (__smakebuf_r)
../MasterUpgraded_bsp//newlib/nios2-elf/lib/libc.a(lib_a-mallocr.o)
                              ../MasterUpgraded_bsp//newlib/nios2-elf/lib/libc.a(lib_a-freer.o) (__malloc_av_)
../MasterUpgraded_bsp//newlib/nios2-elf/lib/libc.a(lib_a-mbtowc_r.o)
                              ../MasterUpgraded_bsp//newlib/nios2-elf/lib/libc.a(lib_a-locale.o) (__ascii_mbtowc)
../MasterUpgraded_bsp//newlib/nios2-elf/lib/libc.a(lib_a-memchr.o)
                              ../MasterUpgraded_bsp//newlib/nios2-elf/lib/libc.a(lib_a-vfprintf.o) (memchr)
../MasterUpgraded_bsp//newlib/nios2-elf/lib/libc.a(lib_a-memcpy.o)
                              ../MasterUpgraded_bsp//newlib/nios2-elf/lib/libc.a(lib_a-dtoa.o) (memcpy)
../MasterUpgraded_bsp//newlib/nios2-elf/lib/libc.a(lib_a-memset.o)
                              ../MasterUpgraded_bsp//newlib/nios2-elf/lib/libc.a(lib_a-findfp.o) (memset)
../MasterUpgraded_bsp//newlib/nios2-elf/lib/libc.a(lib_a-mprec.o)
                              ../MasterUpgraded_bsp//newlib/nios2-elf/lib/libc.a(lib_a-dtoa.o) (_Balloc)
../MasterUpgraded_bsp//newlib/nios2-elf/lib/libc.a(lib_a-sbrkr.o)
                              ../MasterUpgraded_bsp//newlib/nios2-elf/lib/libc.a(lib_a-freer.o) (_sbrk_r)
../MasterUpgraded_bsp//newlib/nios2-elf/lib/libc.a(lib_a-stdio.o)
                              ../MasterUpgraded_bsp//newlib/nios2-elf/lib/libc.a(lib_a-findfp.o) (__sread)
../MasterUpgraded_bsp//newlib/nios2-elf/lib/libc.a(lib_a-strcmp.o)
                              ../MasterUpgraded_bsp//newlib/nios2-elf/lib/libc.a(lib_a-locale.o) (strcmp)
../MasterUpgraded_bsp//newlib/nios2-elf/lib/libc.a(lib_a-strlen.o)
                              ../MasterUpgraded_bsp//newlib/nios2-elf/lib/libc.a(lib_a-vfprintf.o) (strlen)
../MasterUpgraded_bsp//newlib/nios2-elf/lib/libc.a(lib_a-vfiprintf.o)
                              ../MasterUpgraded_bsp//newlib/nios2-elf/lib/libc.a(lib_a-vfprintf.o) (__sprint_r)
../MasterUpgraded_bsp//newlib/nios2-elf/lib/libc.a(lib_a-wctomb_r.o)
                              ../MasterUpgraded_bsp//newlib/nios2-elf/lib/libc.a(lib_a-locale.o) (__ascii_wctomb)
../MasterUpgraded_bsp//newlib/nios2-elf/lib/libc.a(lib_a-writer.o)
                              ../MasterUpgraded_bsp//newlib/nios2-elf/lib/libc.a(lib_a-stdio.o) (_write_r)
../MasterUpgraded_bsp//newlib/nios2-elf/lib/libc.a(closer.o)
                              ../MasterUpgraded_bsp//newlib/nios2-elf/lib/libc.a(lib_a-stdio.o) (_close_r)
../MasterUpgraded_bsp//newlib/nios2-elf/lib/libc.a(lib_a-assert.o)
                              ../MasterUpgraded_bsp//newlib/nios2-elf/lib/libc.a(lib_a-dtoa.o) (__assert_func)
../MasterUpgraded_bsp//newlib/nios2-elf/lib/libc.a(lib_a-callocr.o)
                              ../MasterUpgraded_bsp//newlib/nios2-elf/lib/libc.a(lib_a-mprec.o) (_calloc_r)
[...]
Memory Configuration

Name             Origin             Length             Attributes
reset            0x0000000004000000 0x0000000000000020
dram_controller  0x0000000004000020 0x0000000003ffffe0
*default*        0x0000000000000000 0xffffffffffffffff

Linker script and memory map

LOAD ../MasterUpgraded_bsp//obj/HAL/src/crt0.o
LOAD obj/default/float2_functionality.o
LOAD /home/omaralkhatib/intelFPGA_lite/20.1/nios2eds/bin/gnu/H-x86_64-pc-linux-gnu/bin/../lib/gcc/nios2-elf/9.2.1/../../../../../H-x86_64-pc-linux-gnu/nios2-elf/lib/libstdc++.a
LOAD ../MasterUpgraded_bsp//newlib/nios2-elf/lib/libm.a
LOAD /home/omaralkhatib/intelFPGA_lite/20.1/nios2eds/bin/gnu/H-x86_64-pc-linux-gnu/bin/../lib/gcc/nios2-elf/9.2.1/libgcc.a
START GROUP
LOAD ../MasterUpgraded_bsp//newlib/nios2-elf/lib/libc.a
LOAD /home/omaralkhatib/intelFPGA_lite/20.1/nios2eds/bin/gnu/H-x86_64-pc-linux-gnu/bin/../lib/gcc/nios2-elf/9.2.1/libgcc.a
LOAD ../MasterUpgraded_bsp//libhal_bsp.a
LOAD ../MasterUpgraded_bsp//newlib/nios2-elf/lib/libm.a
END GROUP
LOAD /home/omaralkhatib/intelFPGA_lite/20.1/nios2eds/bin/gnu/H-x86_64-pc-linux-gnu/bin/../lib/gcc/nios2-elf/9.2.1/libgcc.a
                0x0000000004000000                __alt_mem_dram_controller = 0x4000000

.entry          0x0000000004000000       0x20
 *(.entry)
 .entry         0x0000000004000000       0x20 ../MasterUpgraded_bsp//obj/HAL/src/crt0.o
                0x0000000004000000                __reset

.exceptions     0x0000000004000020      0x21c
                0x0000000004000020                PROVIDE (__ram_exceptions_start = ABSOLUTE (.))
                0x0000000004000020                . = ALIGN (0x20)
 *(.irq)
 *(.exceptions.entry.label)
 .exceptions.entry.label
                0x0000000004000020        0x0 ../MasterUpgraded_bsp//libhal_bsp.a(alt_irq_entry.o)
                0x0000000004000020                alt_irq_entry
 .exceptions.entry.label
                0x0000000004000020        0x0 ../MasterUpgraded_bsp//libhal_bsp.a(alt_exception_entry.o)
                0x0000000004000020                alt_exception
 *(.exceptions.entry.user)
 *(.exceptions.entry.ecc_fatal)
 *(.exceptions.entry)
 .exceptions.entry
                0x0000000004000020       0x54 ../MasterUpgraded_bsp//libhal_bsp.a(alt_exception_entry.o)
 *(.exceptions.irqtest.user)
 *(.exceptions.irqtest)
 .exceptions.irqtest
                0x0000000004000074       0x10 ../MasterUpgraded_bsp//libhal_bsp.a(alt_irq_entry.o)
 *(.exceptions.irqhandler.user)
 *(.exceptions.irqhandler)
 .exceptions.irqhandler
                0x0000000004000084        0x4 ../MasterUpgraded_bsp//libhal_bsp.a(alt_irq_entry.o)
 *(.exceptions.irqreturn.user)
 *(.exceptions.irqreturn)
 .exceptions.irqreturn
                0x0000000004000088        0x4 ../MasterUpgraded_bsp//libhal_bsp.a(alt_irq_entry.o)
 *(.exceptions.notirq.label)
 .exceptions.notirq.label
                0x000000000400008c        0x0 ../MasterUpgraded_bsp//libhal_bsp.a(alt_irq_entry.o)
 *(.exceptions.notirq.user)
 *(.exceptions.notirq)
 .exceptions.notirq
                0x000000000400008c        0x8 ../MasterUpgraded_bsp//libhal_bsp.a(alt_exception_entry.o)
 *(.exceptions.soft.user)
 *(.exceptions.soft)
 *(.exceptions.unknown.user)
 *(.exceptions.unknown)
 .exceptions.unknown
                0x0000000004000094       0x14 ../MasterUpgraded_bsp//libhal_bsp.a(alt_exception_entry.o)
 *(.exceptions.exit.label)
 .exceptions.exit.label
                0x00000000040000a8        0x0 ../MasterUpgraded_bsp//libhal_bsp.a(alt_irq_entry.o)
 .exceptions.exit.label
                0x00000000040000a8        0x0 ../MasterUpgraded_bsp//libhal_bsp.a(alt_exception_entry.o)
 *(.exceptions.exit.user)
 *(.exceptions.exit)
 .exceptions.exit
                0x00000000040000a8       0x54 ../MasterUpgraded_bsp//libhal_bsp.a(alt_exception_entry.o)
 *(.exceptions)
 .exceptions    0x00000000040000fc       0xcc ../MasterUpgraded_bsp//libhal_bsp.a(alt_irq_handler.o)
                0x00000000040000fc                alt_irq_handler
 .exceptions    0x00000000040001c8       0x74 ../MasterUpgraded_bsp//libhal_bsp.a(alt_instruction_exception_entry.o)
                0x00000000040001c8                alt_instruction_exception_entry
                0x000000000400023c                PROVIDE (__ram_exceptions_end = ABSOLUTE (.))
                0x0000000004000020                PROVIDE (__flash_exceptions_start = LOADADDR (.exceptions))

.text           0x000000000400023c    0x13424
                [!provide]                        PROVIDE (stext = ABSOLUTE (.))
 *(.interp)
 *(.hash)
 *(.dynsym)
 *(.dynstr)
 *(.gnu.version)
 *(.gnu.version_d)
 *(.gnu.version_r)
 *(.rel.init)
 *(.rela.init)
 *(.rel.text .rel.text.* .rel.gnu.linkonce.t.*)
 *(.rela.text .rela.text.* .rela.gnu.linkonce.t.*)
 *(.rel.fini)
 *(.rela.fini)
 *(.rel.rodata .rel.rodata.* .rel.gnu.linkonce.r.*)
 *(.rela.rodata .rela.rodata.* .rela.gnu.linkonce.r.*)
 *(.rel.data .rel.data.* .rel.gnu.linkonce.d.*)
 *(.rela.data .rela.data.* .rela.gnu.linkonce.d.*)
 *(.rel.tdata .rel.tdata.* .rel.gnu.linkonce.td.*)
 *(.rela.tdata .rela.tdata.* .rela.gnu.linkonce.td.*)
 *(.rel.tbss .rel.tbss.* .rel.gnu.linkonce.tb.*)
 *(.rela.tbss .rela.tbss.* .rela.gnu.linkonce.tb.*)
 *(.rel.ctors)
 *(.rela.ctors)
 *(.rel.dtors)
 *(.rela.dtors)
 *(.rel.got)
 *(.rela.got)
 *(.rel.sdata .rel.sdata.* .rel.gnu.linkonce.s.*)
 *(.rela.sdata .rela.sdata.* .rela.gnu.linkonce.s.*)
 *(.rel.sbss .rel.sbss.* .rel.gnu.linkonce.sb.*)
 *(.rela.sbss .rela.sbss.* .rela.gnu.linkonce.sb.*)
 *(.rel.sdata2 .rel.sdata2.* .rel.gnu.linkonce.s2.*)
 *(.rela.sdata2 .rela.sdata2.* .rela.gnu.linkonce.s2.*)
 *(.rel.sbss2 .rel.sbss2.* .rel.gnu.linkonce.sb2.*)
 *(.rela.sbss2 .rela.sbss2.* .rela.gnu.linkonce.sb2.*)
 *(.rel.bss .rel.bss.* .rel.gnu.linkonce.b.*)
 *(.rela.bss .rela.bss.* .rela.gnu.linkonce.b.*)
 *(.rel.plt)
 *(.rela.plt)
 *(.rel.dyn)
 *(.init)
 *(.plt)
 *(.text .stub .text.* .gnu.linkonce.t.*)
 .text          0x000000000400023c       0x4c ../MasterUpgraded_bsp//obj/HAL/src/crt0.o
                0x000000000400023c                _start
 .text          0x0000000004000288       0xf0 obj/default/float2_functionality.o
                0x0000000004000288                sendReading
                0x00000000040002c4                main
 .text          0x0000000004000378        0x0 ../MasterUpgraded_bsp//newlib/nios2-elf/lib/libc.a(lib_a-printf.o)
 .text._printf_r
                0x0000000004000378       0x64 ../MasterUpgraded_bsp//newlib/nios2-elf/lib/libc.a(lib_a-printf.o)
                0x0000000004000378                _printf_r
 .text.printf   0x00000000040003dc       0x68 ../MasterUpgraded_bsp//newlib/nios2-elf/lib/libc.a(lib_a-printf.o)
                0x00000000040003dc                printf
 .text          0x0000000004000444        0x0 ../MasterUpgraded_bsp//newlib/nios2-elf/lib/libc.a(lib_a-vfprintf.o)
 .text.__sbprintf
                0x0000000004000444       0xf0 ../MasterUpgraded_bsp//newlib/nios2-elf/lib/libc.a(lib_a-vfprintf.o)
 .text.__vfprintf_internal
                0x0000000004000534       0x50 ../MasterUpgraded_bsp//newlib/nios2-elf/lib/libc.a(lib_a-vfprintf.o)
                0x0000000004000534                __vfprintf_internal
 .text.___vfprintf_internal_r
                0x0000000004000584     0x2140 ../MasterUpgraded_bsp//newlib/nios2-elf/lib/libc.a(lib_a-vfprintf.o)
                0x0000000004000584                ___vfprintf_internal_r
 .text.cvt      0x00000000040026c4      0x208 ../MasterUpgraded_bsp//newlib/nios2-elf/lib/libc.a(lib_a-vfprintf.o)
 .text.exponent
                0x00000000040028cc      0x148 ../MasterUpgraded_bsp//newlib/nios2-elf/lib/libc.a(lib_a-vfprintf.o)
 .text          0x0000000004002a14        0x0 ../MasterUpgraded_bsp//newlib/nios2-elf/lib/libc.a(lib_a-wsetup.o)
 .text.__swsetup_r
                0x0000000004002a14      0x1a0 ../MasterUpgraded_bsp//newlib/nios2-elf/lib/libc.a(lib_a-wsetup.o)
                0x0000000004002a14                __swsetup_r
 .text          0x0000000004002bb4        0x0 ../MasterUpgraded_bsp//newlib/nios2-elf/lib/libc.a(lib_a-dtoa.o)
 .text.quorem   0x0000000004002bb4      0x3a4 ../MasterUpgraded_bsp//newlib/nios2-elf/lib/libc.a(lib_a-dtoa.o)
 .text._dtoa_r  0x0000000004002f58     0x1c2c ../MasterUpgraded_bsp//newlib/nios2-elf/lib/libc.a(lib_a-dtoa.o)
                0x0000000004002f58                _dtoa_r
 .text          0x0000000004004b84        0x0 ../MasterUpgraded_bsp//newlib/nios2-elf/lib/libc.a(lib_a-fflush.o)
 .text.__sflush_r
                0x0000000004004b84      0x2fc ../MasterUpgraded_bsp//newlib/nios2-elf/lib/libc.a(lib_a-fflush.o)
                0x0000000004004b84                __sflush_r
 .text._fflush_r
                0x0000000004004e80       0x88 ../MasterUpgraded_bsp//newlib/nios2-elf/lib/libc.a(lib_a-fflush.o)
                0x0000000004004e80                _fflush_r
 .text.fflush   0x0000000004004f08       0x54 ../MasterUpgraded_bsp//newlib/nios2-elf/lib/libc.a(lib_a-fflush.o)
                0x0000000004004f08                fflush
 .text          0x0000000004004f5c        0x0 ../MasterUpgraded_bsp//newlib/nios2-elf/lib/libc.a(lib_a-findfp.o)
 .text.std      0x0000000004004f5c       0xf0 ../MasterUpgraded_bsp//newlib/nios2-elf/lib/libc.a(lib_a-findfp.o)
 .text.stdin_init
                0x000000000400504c       0x3c ../MasterUpgraded_bsp//newlib/nios2-elf/lib/libc.a(lib_a-findfp.o)
 .text.stdout_init
                0x0000000004005088       0x3c ../MasterUpgraded_bsp//newlib/nios2-elf/lib/libc.a(lib_a-findfp.o)
 .text.stderr_init
                0x00000000040050c4       0x3c ../MasterUpgraded_bsp//newlib/nios2-elf/lib/libc.a(lib_a-findfp.o)
 .text.__sfmoreglue
                0x0000000004005100       0xa4 ../MasterUpgraded_bsp//newlib/nios2-elf/lib/libc.a(lib_a-findfp.o)
                0x0000000004005100                __sfmoreglue
 .text.__sfp    0x00000000040051a4      0x194 ../MasterUpgraded_bsp//newlib/nios2-elf/lib/libc.a(lib_a-findfp.o)
                0x00000000040051a4                __sfp
 .text._cleanup_r
                0x0000000004005338       0x44 ../MasterUpgraded_bsp//newlib/nios2-elf/lib/libc.a(lib_a-findfp.o)
                0x0000000004005338                _cleanup_r
 .text._cleanup
                0x000000000400537c       0x34 ../MasterUpgraded_bsp//newlib/nios2-elf/lib/libc.a(lib_a-findfp.o)
                0x000000000400537c                _cleanup
 .text.__sinit  0x00000000040053b0       0xb4 ../MasterUpgraded_bsp//newlib/nios2-elf/lib/libc.a(lib_a-findfp.o)
                0x00000000040053b0                __sinit
 .text.__sfp_lock_acquire
                0x0000000004005464       0x20 ../MasterUpgraded_bsp//newlib/nios2-elf/lib/libc.a(lib_a-findfp.o)
                0x0000000004005464                __sfp_lock_acquire
 .text.__sfp_lock_release
                0x0000000004005484       0x20 ../MasterUpgraded_bsp//newlib/nios2-elf/lib/libc.a(lib_a-findfp.o)
                0x0000000004005484                __sfp_lock_release
 .text.__sinit_lock_acquire
                0x00000000040054a4       0x20 ../MasterUpgraded_bsp//newlib/nios2-elf/lib/libc.a(lib_a-findfp.o)
                0x00000000040054a4                __sinit_lock_acquire
 .text.__sinit_lock_release
                0x00000000040054c4       0x20 ../MasterUpgraded_bsp//newlib/nios2-elf/lib/libc.a(lib_a-findfp.o)
                0x00000000040054c4                __sinit_lock_release
 .text.__fp_lock
                0x00000000040054e4       0x24 ../MasterUpgraded_bsp//newlib/nios2-elf/lib/libc.a(lib_a-findfp.o)
 .text.__fp_unlock
                0x0000000004005508       0x24 ../MasterUpgraded_bsp//newlib/nios2-elf/lib/libc.a(lib_a-findfp.o)
 .text.__fp_lock_all
                0x000000000400552c       0x40 ../MasterUpgraded_bsp//newlib/nios2-elf/lib/libc.a(lib_a-findfp.o)
                0x000000000400552c                __fp_lock_all
 .text.__fp_unlock_all
                0x000000000400556c       0x40 ../MasterUpgraded_bsp//newlib/nios2-elf/lib/libc.a(lib_a-findfp.o)
                0x000000000400556c                __fp_unlock_all
 .text          0x00000000040055ac        0x0 ../MasterUpgraded_bsp//newlib/nios2-elf/lib/libc.a(lib_a-freer.o)
 .text._free_r  0x00000000040055ac      0x558 ../MasterUpgraded_bsp//newlib/nios2-elf/lib/libc.a(lib_a-freer.o)
                0x00000000040055ac                _free_r
 .text._malloc_trim_r
                0x0000000004005b04      0x1c0 ../MasterUpgraded_bsp//newlib/nios2-elf/lib/libc.a(lib_a-freer.o)
                0x0000000004005b04                _malloc_trim_r
 .text          0x0000000004005cc4        0x0 ../MasterUpgraded_bsp//newlib/nios2-elf/lib/libc.a(lib_a-fwalk.o)
 .text._fwalk   0x0000000004005cc4       0xd8 ../MasterUpgraded_bsp//newlib/nios2-elf/lib/libc.a(lib_a-fwalk.o)
                0x0000000004005cc4                _fwalk
 .text._fwalk_reent
                0x0000000004005d9c       0xdc ../MasterUpgraded_bsp//newlib/nios2-elf/lib/libc.a(lib_a-fwalk.o)
                0x0000000004005d9c                _fwalk_reent
 .text          0x0000000004005e78        0x0 ../MasterUpgraded_bsp//newlib/nios2-elf/lib/libc.a(lib_a-impure.o)
 .text          0x0000000004005e78        0x0 ../MasterUpgraded_bsp//newlib/nios2-elf/lib/libc.a(lib_a-localeconv.o)
 .text.__get_global_locale
                0x0000000004005e78       0x24 ../MasterUpgraded_bsp//newlib/nios2-elf/lib/libc.a(lib_a-localeconv.o)
 .text.__get_current_locale
                0x0000000004005e9c       0x28 ../MasterUpgraded_bsp//newlib/nios2-elf/lib/libc.a(lib_a-localeconv.o)
 .text.__get_C_locale
                0x0000000004005ec4       0x28 ../MasterUpgraded_bsp//newlib/nios2-elf/lib/libc.a(lib_a-localeconv.o)
 .text.__localeconv_l
                0x0000000004005eec       0x50 ../MasterUpgraded_bsp//newlib/nios2-elf/lib/libc.a(lib_a-localeconv.o)
                0x0000000004005eec                __localeconv_l
 .text._localeconv_r
                0x0000000004005f3c       0x34 ../MasterUpgraded_bsp//newlib/nios2-elf/lib/libc.a(lib_a-localeconv.o)
                0x0000000004005f3c                _localeconv_r
 .text.localeconv
                0x0000000004005f70       0x30 ../MasterUpgraded_bsp//newlib/nios2-elf/lib/libc.a(lib_a-localeconv.o)
                0x0000000004005f70                localeconv
 .text          0x0000000004005fa0        0x0 ../MasterUpgraded_bsp//newlib/nios2-elf/lib/libc.a(lib_a-locale.o)
 .text.__get_global_locale
                0x0000000004005fa0       0x24 ../MasterUpgraded_bsp//newlib/nios2-elf/lib/libc.a(lib_a-locale.o)
 .text.__get_current_locale
                0x0000000004005fc4       0x28 ../MasterUpgraded_bsp//newlib/nios2-elf/lib/libc.a(lib_a-locale.o)
 .text._setlocale_r
                0x0000000004005fec       0x80 ../MasterUpgraded_bsp//newlib/nios2-elf/lib/libc.a(lib_a-locale.o)
                0x0000000004005fec                _setlocale_r
 .text.__locale_mb_cur_max
                0x000000000400606c       0x38 ../MasterUpgraded_bsp//newlib/nios2-elf/lib/libc.a(lib_a-locale.o)
                0x000000000400606c                __locale_mb_cur_max
 .text.setlocale
                0x00000000040060a4       0x40 ../MasterUpgraded_bsp//newlib/nios2-elf/lib/libc.a(lib_a-locale.o)
                0x00000000040060a4                setlocale
 .text          0x00000000040060e4        0x0 ../MasterUpgraded_bsp//newlib/nios2-elf/lib/libc.a(lib_a-makebuf.o)
 .text.__smakebuf_r
                0x00000000040060e4      0x1a8 ../MasterUpgraded_bsp//newlib/nios2-elf/lib/libc.a(lib_a-makebuf.o)
                0x00000000040060e4                __smakebuf_r
 .text.__swhatbuf_r
                0x000000000400628c       0xe8 ../MasterUpgraded_bsp//newlib/nios2-elf/lib/libc.a(lib_a-makebuf.o)
                0x000000000400628c                __swhatbuf_r
 .text          0x0000000004006374        0x0 ../MasterUpgraded_bsp//newlib/nios2-elf/lib/libc.a(lib_a-mallocr.o)
 .text.malloc_extend_top
                0x0000000004006374      0x3c4 ../MasterUpgraded_bsp//newlib/nios2-elf/lib/libc.a(lib_a-mallocr.o)
 .text._malloc_r
                0x0000000004006738      0xb68 ../MasterUpgraded_bsp//newlib/nios2-elf/lib/libc.a(lib_a-mallocr.o)
                0x0000000004006738                _malloc_r
 .text          0x00000000040072a0        0x0 ../MasterUpgraded_bsp//newlib/nios2-elf/lib/libc.a(lib_a-mbtowc_r.o)
 .text.__get_global_locale
                0x00000000040072a0       0x24 ../MasterUpgraded_bsp//newlib/nios2-elf/lib/libc.a(lib_a-mbtowc_r.o)
 .text.__get_current_locale
                0x00000000040072c4       0x28 ../MasterUpgraded_bsp//newlib/nios2-elf/lib/libc.a(lib_a-mbtowc_r.o)
 .text._mbtowc_r
                0x00000000040072ec       0x58 ../MasterUpgraded_bsp//newlib/nios2-elf/lib/libc.a(lib_a-mbtowc_r.o)
                0x00000000040072ec                _mbtowc_r
 .text.__ascii_mbtowc
                0x0000000004007344       0x94 ../MasterUpgraded_bsp//newlib/nios2-elf/lib/libc.a(lib_a-mbtowc_r.o)
                0x0000000004007344                __ascii_mbtowc
 .text          0x00000000040073d8        0x0 ../MasterUpgraded_bsp//newlib/nios2-elf/lib/libc.a(lib_a-memchr.o)
 .text.memchr   0x00000000040073d8      0x1bc ../MasterUpgraded_bsp//newlib/nios2-elf/lib/libc.a(lib_a-memchr.o)
                0x00000000040073d8                memchr
 .text          0x0000000004007594        0x0 ../MasterUpgraded_bsp//newlib/nios2-elf/lib/libc.a(lib_a-memcpy.o)
 .text.memcpy   0x0000000004007594      0x188 ../MasterUpgraded_bsp//newlib/nios2-elf/lib/libc.a(lib_a-memcpy.o)
                0x0000000004007594                memcpy
 .text          0x000000000400771c        0x0 ../MasterUpgraded_bsp//newlib/nios2-elf/lib/libc.a(lib_a-memset.o)
 .text.memset   0x000000000400771c      0x1c4 ../MasterUpgraded_bsp//newlib/nios2-elf/lib/libc.a(lib_a-memset.o)
                0x000000000400771c                memset
 .text          0x00000000040078e0        0x0 ../MasterUpgraded_bsp//newlib/nios2-elf/lib/libc.a(lib_a-mprec.o)
 .text._Balloc  0x00000000040078e0      0x124 ../MasterUpgraded_bsp//newlib/nios2-elf/lib/libc.a(lib_a-mprec.o)
                0x00000000040078e0                _Balloc
 .text._Bfree   0x0000000004007a04       0x74 ../MasterUpgraded_bsp//newlib/nios2-elf/lib/libc.a(lib_a-mprec.o)
                0x0000000004007a04                _Bfree
 .text.__multadd
                0x0000000004007a78      0x1b8 ../MasterUpgraded_bsp//newlib/nios2-elf/lib/libc.a(lib_a-mprec.o)
                0x0000000004007a78                __multadd
 .text.__s2b    0x0000000004007c30      0x1b8 ../MasterUpgraded_bsp//newlib/nios2-elf/lib/libc.a(lib_a-mprec.o)
                0x0000000004007c30                __s2b
 .text.__hi0bits
                0x0000000004007de8       0x8c ../MasterUpgraded_bsp//newlib/nios2-elf/lib/libc.a(lib_a-mprec.o)
                0x0000000004007de8                __hi0bits
 .text.__lo0bits
                0x0000000004007e74       0xec ../MasterUpgraded_bsp//newlib/nios2-elf/lib/libc.a(lib_a-mprec.o)
                0x0000000004007e74                __lo0bits
 .text.__i2b    0x0000000004007f60       0x84 ../MasterUpgraded_bsp//newlib/nios2-elf/lib/libc.a(lib_a-mprec.o)
                0x0000000004007f60                __i2b
 .text.__multiply
                0x0000000004007fe4      0x3dc ../MasterUpgraded_bsp//newlib/nios2-elf/lib/libc.a(lib_a-mprec.o)
                0x0000000004007fe4                __multiply
 .text.__pow5mult
                0x00000000040083c0      0x170 ../MasterUpgraded_bsp//newlib/nios2-elf/lib/libc.a(lib_a-mprec.o)
                0x00000000040083c0                __pow5mult
 .text.__lshift
                0x0000000004008530      0x21c ../MasterUpgraded_bsp//newlib/nios2-elf/lib/libc.a(lib_a-mprec.o)
                0x0000000004008530                __lshift
 .text.__mcmp   0x000000000400874c      0x104 ../MasterUpgraded_bsp//newlib/nios2-elf/lib/libc.a(lib_a-mprec.o)
                0x000000000400874c                __mcmp
 .text.__mdiff  0x0000000004008850      0x2f4 ../MasterUpgraded_bsp//newlib/nios2-elf/lib/libc.a(lib_a-mprec.o)
                0x0000000004008850                __mdiff
 .text.__ulp    0x0000000004008b44       0xc4 ../MasterUpgraded_bsp//newlib/nios2-elf/lib/libc.a(lib_a-mprec.o)
                0x0000000004008b44                __ulp
 .text.__b2d    0x0000000004008c08      0x1fc ../MasterUpgraded_bsp//newlib/nios2-elf/lib/libc.a(lib_a-mprec.o)
                0x0000000004008c08                __b2d
 .text.__d2b    0x0000000004008e04      0x264 ../MasterUpgraded_bsp//newlib/nios2-elf/lib/libc.a(lib_a-mprec.o)
                0x0000000004008e04                __d2b
 .text.__ratio  0x0000000004009068      0x11c ../MasterUpgraded_bsp//newlib/nios2-elf/lib/libc.a(lib_a-mprec.o)
                0x0000000004009068                __ratio
 .text._mprec_log10
                0x0000000004009184       0xb4 ../MasterUpgraded_bsp//newlib/nios2-elf/lib/libc.a(lib_a-mprec.o)
                0x0000000004009184                _mprec_log10
 .text.__copybits
                0x0000000004009238       0xc4 ../MasterUpgraded_bsp//newlib/nios2-elf/lib/libc.a(lib_a-mprec.o)
                0x0000000004009238                __copybits
 .text.__any_on
                0x00000000040092fc      0x124 ../MasterUpgraded_bsp//newlib/nios2-elf/lib/libc.a(lib_a-mprec.o)
                0x00000000040092fc                __any_on
 .text          0x0000000004009420        0x0 ../MasterUpgraded_bsp//newlib/nios2-elf/lib/libc.a(lib_a-sbrkr.o)
 .text._sbrk_r  0x0000000004009420       0x60 ../MasterUpgraded_bsp//newlib/nios2-elf/lib/libc.a(lib_a-sbrkr.o)
                0x0000000004009420                _sbrk_r
 .text          0x0000000004009480        0x0 ../MasterUpgraded_bsp//newlib/nios2-elf/lib/libc.a(lib_a-stdio.o)
 .text.__sread  0x0000000004009480       0x9c ../MasterUpgraded_bsp//newlib/nios2-elf/lib/libc.a(lib_a-stdio.o)
                0x0000000004009480                __sread
 .text.__seofread
                0x000000000400951c       0x30 ../MasterUpgraded_bsp//newlib/nios2-elf/lib/libc.a(lib_a-stdio.o)
                0x000000000400951c                __seofread
 .text.__swrite
                0x000000000400954c       0xb4 ../MasterUpgraded_bsp//newlib/nios2-elf/lib/libc.a(lib_a-stdio.o)
                0x000000000400954c                __swrite
 .text.__sseek  0x0000000004009600       0xa0 ../MasterUpgraded_bsp//newlib/nios2-elf/lib/libc.a(lib_a-stdio.o)
                0x0000000004009600                __sseek
 .text.__sclose
                0x00000000040096a0       0x54 ../MasterUpgraded_bsp//newlib/nios2-elf/lib/libc.a(lib_a-stdio.o)
                0x00000000040096a0                __sclose
 .text          0x00000000040096f4        0x0 ../MasterUpgraded_bsp//newlib/nios2-elf/lib/libc.a(lib_a-strcmp.o)
 .text.strcmp   0x00000000040096f4      0x140 ../MasterUpgraded_bsp//newlib/nios2-elf/lib/libc.a(lib_a-strcmp.o)
                0x00000000040096f4                strcmp
 .text          0x0000000004009834        0x0 ../MasterUpgraded_bsp//newlib/nios2-elf/lib/libc.a(lib_a-strlen.o)
 .text.strlen   0x0000000004009834       0xf4 ../MasterUpgraded_bsp//newlib/nios2-elf/lib/libc.a(lib_a-strlen.o)
                0x0000000004009834                strlen
 .text          0x0000000004009928        0x0 ../MasterUpgraded_bsp//newlib/nios2-elf/lib/libc.a(lib_a-vfiprintf.o)
 .text.__sprint_r
                0x0000000004009928      0x130 ../MasterUpgraded_bsp//newlib/nios2-elf/lib/libc.a(lib_a-vfiprintf.o)
                0x0000000004009928                __sprint_r
 .text.__sbprintf
                0x0000000004009a58       0xf0 ../MasterUpgraded_bsp//newlib/nios2-elf/lib/libc.a(lib_a-vfiprintf.o)
 .text.__vfiprintf_internal
                0x0000000004009b48       0x50 ../MasterUpgraded_bsp//newlib/nios2-elf/lib/libc.a(lib_a-vfiprintf.o)
                0x0000000004009b48                __vfiprintf_internal
 .text.___vfiprintf_internal_r
                0x0000000004009b98     0x12a0 ../MasterUpgraded_bsp//newlib/nios2-elf/lib/libc.a(lib_a-vfiprintf.o)
                0x0000000004009b98                ___vfiprintf_internal_r
 .text          0x000000000400ae38        0x0 ../MasterUpgraded_bsp//newlib/nios2-elf/lib/libc.a(lib_a-wctomb_r.o)
 .text.__get_global_locale
                0x000000000400ae38       0x24 ../MasterUpgraded_bsp//newlib/nios2-elf/lib/libc.a(lib_a-wctomb_r.o)
 .text.__get_current_locale
                0x000000000400ae5c       0x28 ../MasterUpgraded_bsp//newlib/nios2-elf/lib/libc.a(lib_a-wctomb_r.o)
 .text._wctomb_r
                0x000000000400ae84       0x50 ../MasterUpgraded_bsp//newlib/nios2-elf/lib/libc.a(lib_a-wctomb_r.o)
                0x000000000400ae84                _wctomb_r
 .text.__ascii_wctomb
                0x000000000400aed4       0x78 ../MasterUpgraded_bsp//newlib/nios2-elf/lib/libc.a(lib_a-wctomb_r.o)
                0x000000000400aed4                __ascii_wctomb
 .text          0x000000000400af4c        0x0 ../MasterUpgraded_bsp//newlib/nios2-elf/lib/libc.a(lib_a-writer.o)
 .text._write_r
                0x000000000400af4c       0x70 ../MasterUpgraded_bsp//newlib/nios2-elf/lib/libc.a(lib_a-writer.o)
                0x000000000400af4c                _write_r
 .text          0x000000000400afbc        0x0 ../MasterUpgraded_bsp//newlib/nios2-elf/lib/libc.a(closer.o)
 .text._close_r
                0x000000000400afbc       0x60 ../MasterUpgraded_bsp//newlib/nios2-elf/lib/libc.a(closer.o)
                0x000000000400afbc                _close_r
 .text          0x000000000400b01c        0x0 ../MasterUpgraded_bsp//newlib/nios2-elf/lib/libc.a(lib_a-assert.o)
 .text.__assert_func
                0x000000000400b01c       0x84 ../MasterUpgraded_bsp//newlib/nios2-elf/lib/libc.a(lib_a-assert.o)
                0x000000000400b01c                __assert_func
 .text.__assert
                0x000000000400b0a0       0x30 ../MasterUpgraded_bsp//newlib/nios2-elf/lib/libc.a(lib_a-assert.o)
                0x000000000400b0a0                __assert
 .text          0x000000000400b0d0        0x0 ../MasterUpgraded_bsp//newlib/nios2-elf/lib/libc.a(lib_a-callocr.o)
 .text._calloc_r
                0x000000000400b0d0      0x164 ../MasterUpgraded_bsp//newlib/nios2-elf/lib/libc.a(lib_a-callocr.o)
                0x000000000400b0d0                _calloc_r
 .text          0x000000000400b234        0x0 ../MasterUpgraded_bsp//newlib/nios2-elf/lib/libc.a(lib_a-ctype_.o)
 .text          0x000000000400b234        0x0 ../MasterUpgraded_bsp//newlib/nios2-elf/lib/libc.a(lib_a-fclose.o)
 .text._fclose_r
                0x000000000400b234      0x12c ../MasterUpgraded_bsp//newlib/nios2-elf/lib/libc.a(lib_a-fclose.o)
                0x000000000400b234                _fclose_r
 .text.fclose   0x000000000400b360       0x38 ../MasterUpgraded_bsp//newlib/nios2-elf/lib/libc.a(lib_a-fclose.o)
                0x000000000400b360                fclose
 .text          0x000000000400b398        0x0 ../MasterUpgraded_bsp//newlib/nios2-elf/lib/libc.a(lib_a-fiprintf.o)
 .text._fiprintf_r
                0x000000000400b398       0x5c ../MasterUpgraded_bsp//newlib/nios2-elf/lib/libc.a(lib_a-fiprintf.o)
                0x000000000400b398                _fiprintf_r
 .text.fiprintf
                0x000000000400b3f4       0x60 ../MasterUpgraded_bsp//newlib/nios2-elf/lib/libc.a(lib_a-fiprintf.o)
                0x000000000400b3f4                fiprintf
 .text          0x000000000400b454        0x0 ../MasterUpgraded_bsp//newlib/nios2-elf/lib/libc.a(lib_a-fputwc.o)
 .text.__fputwc
                0x000000000400b454      0x1d8 ../MasterUpgraded_bsp//newlib/nios2-elf/lib/libc.a(lib_a-fputwc.o)
                0x000000000400b454                __fputwc
 .text._fputwc_r
                0x000000000400b62c       0x88 ../MasterUpgraded_bsp//newlib/nios2-elf/lib/libc.a(lib_a-fputwc.o)
                0x000000000400b62c                _fputwc_r
 .text.fputwc   0x000000000400b6b4       0x68 ../MasterUpgraded_bsp//newlib/nios2-elf/lib/libc.a(lib_a-fputwc.o)
                0x000000000400b6b4                fputwc
 .text          0x000000000400b71c        0x0 ../MasterUpgraded_bsp//newlib/nios2-elf/lib/libc.a(lib_a-fstatr.o)
 .text._fstat_r
                0x000000000400b71c       0x68 ../MasterUpgraded_bsp//newlib/nios2-elf/lib/libc.a(lib_a-fstatr.o)
                0x000000000400b71c                _fstat_r
 .text          0x000000000400b784        0x0 ../MasterUpgraded_bsp//newlib/nios2-elf/lib/libc.a(lib_a-fvwrite.o)
 .text.__sfvwrite_r
                0x000000000400b784      0x5d4 ../MasterUpgraded_bsp//newlib/nios2-elf/lib/libc.a(lib_a-fvwrite.o)
                0x000000000400b784                __sfvwrite_r
 .text          0x000000000400bd58        0x0 ../MasterUpgraded_bsp//newlib/nios2-elf/lib/libc.a(lib_a-int_errno.o)
 .text          0x000000000400bd58        0x0 ../MasterUpgraded_bsp//newlib/nios2-elf/lib/libc.a(lib_a-isattyr.o)
 .text._isatty_r
                0x000000000400bd58       0x60 ../MasterUpgraded_bsp//newlib/nios2-elf/lib/libc.a(lib_a-isattyr.o)
                0x000000000400bd58                _isatty_r
 .text          0x000000000400bdb8        0x0 ../MasterUpgraded_bsp//newlib/nios2-elf/lib/libc.a(lib_a-lseekr.o)
 .text._lseek_r
                0x000000000400bdb8       0x70 ../MasterUpgraded_bsp//newlib/nios2-elf/lib/libc.a(lib_a-lseekr.o)
                0x000000000400bdb8                _lseek_r
 .text          0x000000000400be28        0x0 ../MasterUpgraded_bsp//newlib/nios2-elf/lib/libc.a(lib_a-memmove.o)
 .text.memmove  0x000000000400be28      0x208 ../MasterUpgraded_bsp//newlib/nios2-elf/lib/libc.a(lib_a-memmove.o)
                0x000000000400be28                memmove
 .text          0x000000000400c030        0x0 ../MasterUpgraded_bsp//newlib/nios2-elf/lib/libc.a(lib_a-readr.o)
 .text._read_r  0x000000000400c030       0x70 ../MasterUpgraded_bsp//newlib/nios2-elf/lib/libc.a(lib_a-readr.o)
                0x000000000400c030                _read_r
 .text          0x000000000400c0a0        0x0 ../MasterUpgraded_bsp//newlib/nios2-elf/lib/libc.a(lib_a-reallocr.o)
 .text._realloc_r
                0x000000000400c0a0      0xbf4 ../MasterUpgraded_bsp//newlib/nios2-elf/lib/libc.a(lib_a-reallocr.o)
                0x000000000400c0a0                _realloc_r
 .text          0x000000000400cc94        0x0 ../MasterUpgraded_bsp//newlib/nios2-elf/lib/libc.a(lib_a-vfiprintfr_1.o)
 .text._vfiprintf_r
                0x000000000400cc94       0x54 ../MasterUpgraded_bsp//newlib/nios2-elf/lib/libc.a(lib_a-vfiprintfr_1.o)
                0x000000000400cc94                _vfiprintf_r
 .text          0x000000000400cce8        0x0 ../MasterUpgraded_bsp//newlib/nios2-elf/lib/libc.a(lib_a-wbuf.o)
 .text.__swbuf_r
                0x000000000400cce8      0x168 ../MasterUpgraded_bsp//newlib/nios2-elf/lib/libc.a(lib_a-wbuf.o)
                0x000000000400cce8                __swbuf_r
 .text.__swbuf  0x000000000400ce50       0x40 ../MasterUpgraded_bsp//newlib/nios2-elf/lib/libc.a(lib_a-wbuf.o)
                0x000000000400ce50                __swbuf
 .text          0x000000000400ce90        0x0 ../MasterUpgraded_bsp//newlib/nios2-elf/lib/libc.a(lib_a-wcrtomb.o)
 .text.__get_global_locale
                0x000000000400ce90       0x24 ../MasterUpgraded_bsp//newlib/nios2-elf/lib/libc.a(lib_a-wcrtomb.o)
 .text.__get_current_locale
                0x000000000400ceb4       0x28 ../MasterUpgraded_bsp//newlib/nios2-elf/lib/libc.a(lib_a-wcrtomb.o)
 .text._wcrtomb_r
                0x000000000400cedc       0xb4 ../MasterUpgraded_bsp//newlib/nios2-elf/lib/libc.a(lib_a-wcrtomb.o)
                0x000000000400cedc                _wcrtomb_r
 .text.wcrtomb  0x000000000400cf90       0xb8 ../MasterUpgraded_bsp//newlib/nios2-elf/lib/libc.a(lib_a-wcrtomb.o)
                0x000000000400cf90                wcrtomb
 .text          0x000000000400d048        0x0 ../MasterUpgraded_bsp//newlib/nios2-elf/lib/libc.a(lib_a-abort.o)
 .text.abort    0x000000000400d048       0x20 ../MasterUpgraded_bsp//newlib/nios2-elf/lib/libc.a(lib_a-abort.o)
                0x000000000400d048                abort
 .text          0x000000000400d068        0x0 ../MasterUpgraded_bsp//newlib/nios2-elf/lib/libc.a(lib_a-signal.o)
 .text._init_signal_r
                0x000000000400d068       0x9c ../MasterUpgraded_bsp//newlib/nios2-elf/lib/libc.a(lib_a-signal.o)
                0x000000000400d068                _init_signal_r
 .text._signal_r
                0x000000000400d104       0xb4 ../MasterUpgraded_bsp//newlib/nios2-elf/lib/libc.a(lib_a-signal.o)
                0x000000000400d104                _signal_r
 .text._raise_r
                0x000000000400d1b8      0x104 ../MasterUpgraded_bsp//newlib/nios2-elf/lib/libc.a(lib_a-signal.o)
                0x000000000400d1b8                _raise_r
 .text.__sigtramp_r
                0x000000000400d2bc       0xe4 ../MasterUpgraded_bsp//newlib/nios2-elf/lib/libc.a(lib_a-signal.o)
                0x000000000400d2bc                __sigtramp_r
 .text.raise    0x000000000400d3a0       0x38 ../MasterUpgraded_bsp//newlib/nios2-elf/lib/libc.a(lib_a-signal.o)
                0x000000000400d3a0                raise
 .text.signal   0x000000000400d3d8       0x40 ../MasterUpgraded_bsp//newlib/nios2-elf/lib/libc.a(lib_a-signal.o)
                0x000000000400d3d8                signal
 .text._init_signal
                0x000000000400d418       0x30 ../MasterUpgraded_bsp//newlib/nios2-elf/lib/libc.a(lib_a-signal.o)
                0x000000000400d418                _init_signal
 .text.__sigtramp
                0x000000000400d448       0x38 ../MasterUpgraded_bsp//newlib/nios2-elf/lib/libc.a(lib_a-signal.o)
                0x000000000400d448                __sigtramp
 .text          0x000000000400d480        0x0 ../MasterUpgraded_bsp//newlib/nios2-elf/lib/libc.a(lib_a-signalr.o)
 .text._kill_r  0x000000000400d480       0x68 ../MasterUpgraded_bsp//newlib/nios2-elf/lib/libc.a(lib_a-signalr.o)
                0x000000000400d480                _kill_r
 .text._getpid_r
                0x000000000400d4e8       0x34 ../MasterUpgraded_bsp//newlib/nios2-elf/lib/libc.a(lib_a-signalr.o)
                0x000000000400d4e8                _getpid_r
 .text          0x000000000400d51c      0x590 /home/omaralkhatib/intelFPGA_lite/20.1/nios2eds/bin/gnu/H-x86_64-pc-linux-gnu/bin/../lib/gcc/nios2-elf/9.2.1/libgcc.a(_udivdi3.o)
                0x000000000400d51c                __udivdi3
 .text          0x000000000400daac      0x534 /home/omaralkhatib/intelFPGA_lite/20.1/nios2eds/bin/gnu/H-x86_64-pc-linux-gnu/bin/../lib/gcc/nios2-elf/9.2.1/libgcc.a(_umoddi3.o)
                0x000000000400daac                __umoddi3
 .text          0x000000000400dfe0      0x1b4 /home/omaralkhatib/intelFPGA_lite/20.1/nios2eds/bin/gnu/H-x86_64-pc-linux-gnu/bin/../lib/gcc/nios2-elf/9.2.1/libgcc.a(lib2-divmod.o)
                0x000000000400dfe0                __divsi3
                0x000000000400e060                __modsi3
                0x000000000400e0d4                __udivsi3
                0x000000000400e138                __umodsi3
 .text          0x000000000400e194      0x978 /home/omaralkhatib/intelFPGA_lite/20.1/nios2eds/bin/gnu/H-x86_64-pc-linux-gnu/bin/../lib/gcc/nios2-elf/9.2.1/libgcc.a(adddf3.o)
                0x000000000400e194                __adddf3
 .text          0x000000000400eb0c      0x860 /home/omaralkhatib/intelFPGA_lite/20.1/nios2eds/bin/gnu/H-x86_64-pc-linux-gnu/bin/../lib/gcc/nios2-elf/9.2.1/libgcc.a(divdf3.o)
                0x000000000400eb0c                __divdf3
 .text          0x000000000400f36c       0x80 /home/omaralkhatib/intelFPGA_lite/20.1/nios2eds/bin/gnu/H-x86_64-pc-linux-gnu/bin/../lib/gcc/nios2-elf/9.2.1/libgcc.a(eqdf2.o)
                0x000000000400f36c                __eqdf2
                0x000000000400f36c                __nedf2
 .text          0x000000000400f3ec       0xf0 /home/omaralkhatib/intelFPGA_lite/20.1/nios2eds/bin/gnu/H-x86_64-pc-linux-gnu/bin/../lib/gcc/nios2-elf/9.2.1/libgcc.a(gedf2.o)
                0x000000000400f3ec                __gtdf2
                0x000000000400f3ec                __gedf2
 .text          0x000000000400f4dc       0xf0 /home/omaralkhatib/intelFPGA_lite/20.1/nios2eds/bin/gnu/H-x86_64-pc-linux-gnu/bin/../lib/gcc/nios2-elf/9.2.1/libgcc.a(ledf2.o)
                0x000000000400f4dc                __ltdf2
                0x000000000400f4dc                __ledf2
 .text          0x000000000400f5cc      0x670 /home/omaralkhatib/intelFPGA_lite/20.1/nios2eds/bin/gnu/H-x86_64-pc-linux-gnu/bin/../lib/gcc/nios2-elf/9.2.1/libgcc.a(muldf3.o)
                0x000000000400f5cc                __muldf3
 .text          0x000000000400fc3c      0x934 /home/omaralkhatib/intelFPGA_lite/20.1/nios2eds/bin/gnu/H-x86_64-pc-linux-gnu/bin/../lib/gcc/nios2-elf/9.2.1/libgcc.a(subdf3.o)
                0x000000000400fc3c                __subdf3
 .text          0x0000000004010570       0x54 /home/omaralkhatib/intelFPGA_lite/20.1/nios2eds/bin/gnu/H-x86_64-pc-linux-gnu/bin/../lib/gcc/nios2-elf/9.2.1/libgcc.a(unorddf2.o)
                0x0000000004010570                __unorddf2
 .text          0x00000000040105c4       0x80 /home/omaralkhatib/intelFPGA_lite/20.1/nios2eds/bin/gnu/H-x86_64-pc-linux-gnu/bin/../lib/gcc/nios2-elf/9.2.1/libgcc.a(fixdfsi.o)
                0x00000000040105c4                __fixdfsi
 .text          0x0000000004010644       0xbc /home/omaralkhatib/intelFPGA_lite/20.1/nios2eds/bin/gnu/H-x86_64-pc-linux-gnu/bin/../lib/gcc/nios2-elf/9.2.1/libgcc.a(floatsidf.o)
                0x0000000004010644                __floatsidf
 .text          0x0000000004010700       0x90 /home/omaralkhatib/intelFPGA_lite/20.1/nios2eds/bin/gnu/H-x86_64-pc-linux-gnu/bin/../lib/gcc/nios2-elf/9.2.1/libgcc.a(floatunsidf.o)
                0x0000000004010700                __floatunsidf
 .text          0x0000000004010790        0x0 /home/omaralkhatib/intelFPGA_lite/20.1/nios2eds/bin/gnu/H-x86_64-pc-linux-gnu/bin/../lib/gcc/nios2-elf/9.2.1/libgcc.a(_clz.o)
 .text          0x0000000004010790       0x54 /home/omaralkhatib/intelFPGA_lite/20.1/nios2eds/bin/gnu/H-x86_64-pc-linux-gnu/bin/../lib/gcc/nios2-elf/9.2.1/libgcc.a(_clzsi2.o)
                0x0000000004010790                __clzsi2
 .text          0x00000000040107e4      0x10c ../MasterUpgraded_bsp//libhal_bsp.a(alt_close.o)
                0x0000000004010820                close
 .text          0x00000000040108f0       0x2c ../MasterUpgraded_bsp//libhal_bsp.a(alt_dev.o)
 .text          0x000000000401091c        0x0 ../MasterUpgraded_bsp//libhal_bsp.a(alt_errno.o)
 .text          0x000000000401091c       0x38 ../MasterUpgraded_bsp//libhal_bsp.a(alt_exit.o)
                0x000000000401091c                _exit
 .text          0x0000000004010954       0xec ../MasterUpgraded_bsp//libhal_bsp.a(alt_fstat.o)
                0x0000000004010990                fstat
 .text          0x0000000004010a40       0x20 ../MasterUpgraded_bsp//libhal_bsp.a(alt_getpid.o)
                0x0000000004010a40                getpid
 .text          0x0000000004010a60       0xe0 ../MasterUpgraded_bsp//libhal_bsp.a(alt_isatty.o)
                0x0000000004010a9c                isatty
 .text          0x0000000004010b40      0x168 ../MasterUpgraded_bsp//libhal_bsp.a(alt_kill.o)
                0x0000000004010b7c                kill
 .text          0x0000000004010ca8       0xec ../MasterUpgraded_bsp//libhal_bsp.a(alt_load.o)
                0x0000000004010d10                alt_load
 .text          0x0000000004010d94      0x110 ../MasterUpgraded_bsp//libhal_bsp.a(alt_lseek.o)
                0x0000000004010dd0                lseek
 .text          0x0000000004010ea4       0x7c ../MasterUpgraded_bsp//libhal_bsp.a(alt_main.o)
                0x0000000004010ea4                alt_main
 .text          0x0000000004010f20       0x48 ../MasterUpgraded_bsp//libhal_bsp.a(alt_malloc_lock.o)
                0x0000000004010f20                __malloc_lock
                0x0000000004010f44                __malloc_unlock
 .text          0x0000000004010f68      0x138 ../MasterUpgraded_bsp//libhal_bsp.a(alt_read.o)
                0x0000000004010fa4                read
 .text          0x00000000040110a0       0x58 ../MasterUpgraded_bsp//libhal_bsp.a(alt_release_fd.o)
                0x00000000040110a0                alt_release_fd
 .text          0x00000000040110f8       0xb8 ../MasterUpgraded_bsp//libhal_bsp.a(alt_sbrk.o)
                0x00000000040110f8                sbrk
 .text          0x00000000040111b0       0x30 ../MasterUpgraded_bsp//libhal_bsp.a(alt_usleep.o)
                0x00000000040111b0                usleep
 .text          0x00000000040111e0      0x134 ../MasterUpgraded_bsp//libhal_bsp.a(alt_write.o)
                0x000000000401121c                write
 .text          0x0000000004011314       0xe0 ../MasterUpgraded_bsp//libhal_bsp.a(alt_sys_init.o)
                0x0000000004011348                alt_irq_init
                0x0000000004011384                alt_sys_init
 .text          0x00000000040113f4      0x164 ../MasterUpgraded_bsp//libhal_bsp.a(altera_avalon_jtag_uart_fd.o)
                0x00000000040113f4                altera_avalon_jtag_uart_read_fd
                0x0000000004011454                altera_avalon_jtag_uart_write_fd
                0x00000000040114b4                altera_avalon_jtag_uart_close_fd
                0x0000000004011504                altera_avalon_jtag_uart_ioctl_fd
 .text          0x0000000004011558      0x3cc ../MasterUpgraded_bsp//libhal_bsp.a(altera_avalon_jtag_uart_init.o)
                0x0000000004011558                altera_avalon_jtag_uart_init
                0x00000000040118bc                altera_avalon_jtag_uart_close
 .text          0x0000000004011924       0xf4 ../MasterUpgraded_bsp//libhal_bsp.a(altera_avalon_jtag_uart_ioctl.o)
                0x0000000004011924                altera_avalon_jtag_uart_ioctl
 .text          0x0000000004011a18      0x220 ../MasterUpgraded_bsp//libhal_bsp.a(altera_avalon_jtag_uart_read.o)
                0x0000000004011a18                altera_avalon_jtag_uart_read
 .text          0x0000000004011c38      0x228 ../MasterUpgraded_bsp//libhal_bsp.a(altera_avalon_jtag_uart_write.o)
                0x0000000004011c38                altera_avalon_jtag_uart_write
 .text          0x0000000004011e60       0xfc ../MasterUpgraded_bsp//libhal_bsp.a(altera_avalon_timer_sc.o)
                0x0000000004011ee0                alt_avalon_timer_sc_init
 .text          0x0000000004011f5c      0x3cc ../MasterUpgraded_bsp//libhal_bsp.a(altera_up_avalon_accelerometer_spi.o)
                0x0000000004011f5c                alt_up_accelerometer_spi_open_dev
                0x0000000004011f98                alt_up_accelerometer_spi_read_address_register
                0x0000000004011fdc                alt_up_accelerometer_spi_read
                0x0000000004012044                alt_up_accelerometer_spi_write
                0x00000000040120ac                alt_up_accelerometer_spi_read_x_axis
                0x0000000004012180                alt_up_accelerometer_spi_read_y_axis
                0x0000000004012254                alt_up_accelerometer_spi_read_z_axis
 .text          0x0000000004012328      0x134 ../MasterUpgraded_bsp//libhal_bsp.a(alt_alarm_start.o)
                0x0000000004012328                alt_alarm_start
 .text          0x000000000401245c      0x158 ../MasterUpgraded_bsp//libhal_bsp.a(alt_busy_sleep.o)
                0x000000000401245c                alt_busy_sleep
 .text          0x00000000040125b4       0x4c ../MasterUpgraded_bsp//libhal_bsp.a(alt_dcache_flush_all.o)
                0x00000000040125b4                alt_dcache_flush_all
 .text          0x0000000004012600       0xe4 ../MasterUpgraded_bsp//libhal_bsp.a(alt_dev_llist_insert.o)
                0x000000000401263c                alt_dev_llist_insert
 .text          0x00000000040126e4       0x64 ../MasterUpgraded_bsp//libhal_bsp.a(alt_do_ctors.o)
                0x00000000040126e4                _do_ctors
 .text          0x0000000004012748       0x64 ../MasterUpgraded_bsp//libhal_bsp.a(alt_do_dtors.o)
                0x0000000004012748                _do_dtors
 .text          0x00000000040127ac       0x90 ../MasterUpgraded_bsp//libhal_bsp.a(alt_find_dev.o)
                0x00000000040127ac                alt_find_dev
 .text          0x000000000401283c       0x34 ../MasterUpgraded_bsp//libhal_bsp.a(alt_icache_flush_all.o)
                0x000000000401283c                alt_icache_flush_all
 .text          0x0000000004012870      0x12c ../MasterUpgraded_bsp//libhal_bsp.a(alt_io_redirect.o)
                0x0000000004012920                alt_io_redirect
 .text          0x000000000401299c      0x180 ../MasterUpgraded_bsp//libhal_bsp.a(alt_irq_register.o)
                0x000000000401299c                alt_irq_register
 .text          0x0000000004012b1c        0x0 ../MasterUpgraded_bsp//libhal_bsp.a(alt_irq_vars.o)
 .text          0x0000000004012b1c      0x248 ../MasterUpgraded_bsp//libhal_bsp.a(alt_open.o)
                0x0000000004012c10                open
 .text          0x0000000004012d64      0x1ac ../MasterUpgraded_bsp//libhal_bsp.a(alt_tick.o)
                0x0000000004012d64                alt_alarm_stop
                0x0000000004012e08                alt_tick
 .text          0x0000000004012f10       0x24 ../MasterUpgraded_bsp//libhal_bsp.a(altera_nios2_gen2_irq.o)
                0x0000000004012f10                altera_nios2_gen2_irq_init
 .text          0x0000000004012f34      0x108 ../MasterUpgraded_bsp//libhal_bsp.a(alt_find_file.o)
                0x0000000004012f34                alt_find_file
 .text          0x000000000401303c       0xa0 ../MasterUpgraded_bsp//libhal_bsp.a(alt_get_fd.o)
                0x000000000401303c                alt_get_fd
 .text          0x00000000040130dc       0x90 ../MasterUpgraded_bsp//libhal_bsp.a(alt_icache_flush.o)
                0x00000000040130dc                alt_icache_flush
 .text          0x000000000401316c        0x0 ../MasterUpgraded_bsp//libhal_bsp.a(alt_irq_entry.o)
 .text          0x000000000401316c        0x0 ../MasterUpgraded_bsp//libhal_bsp.a(alt_irq_handler.o)
 .text          0x000000000401316c        0x0 ../MasterUpgraded_bsp//libhal_bsp.a(alt_exception_entry.o)
 .text          0x000000000401316c       0x98 ../MasterUpgraded_bsp//libhal_bsp.a(alt_instruction_exception_entry.o)
                0x000000000401316c                alt_exception_cause_generated_bad_addr
 .text          0x0000000004013204        0x0 ../MasterUpgraded_bsp//newlib/nios2-elf/lib/libc.a(lib_a-atexit.o)
 .text.atexit   0x0000000004013204       0x3c ../MasterUpgraded_bsp//newlib/nios2-elf/lib/libc.a(lib_a-atexit.o)
                0x0000000004013204                atexit
 .text          0x0000000004013240        0x0 ../MasterUpgraded_bsp//newlib/nios2-elf/lib/libc.a(lib_a-exit.o)
 .text.exit     0x0000000004013240       0x48 ../MasterUpgraded_bsp//newlib/nios2-elf/lib/libc.a(lib_a-exit.o)
                0x0000000004013240                exit
 .text          0x0000000004013288        0x0 ../MasterUpgraded_bsp//newlib/nios2-elf/lib/libc.a(lib_a-memcmp.o)
 .text.memcmp   0x0000000004013288      0x134 ../MasterUpgraded_bsp//newlib/nios2-elf/lib/libc.a(lib_a-memcmp.o)
                0x0000000004013288                memcmp
 .text          0x00000000040133bc        0x0 ../MasterUpgraded_bsp//newlib/nios2-elf/lib/libc.a(lib_a-__atexit.o)
 .text.__register_exitproc
                0x00000000040133bc      0x118 ../MasterUpgraded_bsp//newlib/nios2-elf/lib/libc.a(lib_a-__atexit.o)
                0x00000000040133bc                __register_exitproc
 .text          0x00000000040134d4        0x0 ../MasterUpgraded_bsp//newlib/nios2-elf/lib/libc.a(lib_a-__call_atexit.o)
 .text.__call_exitprocs
                0x00000000040134d4      0x18c ../MasterUpgraded_bsp//newlib/nios2-elf/lib/libc.a(lib_a-__call_atexit.o)
                0x00000000040134d4                __call_exitprocs
 *(.gnu.warning.*)
 *(.fini)
                [!provide]                        PROVIDE (__etext = ABSOLUTE (.))
                [!provide]                        PROVIDE (_etext = ABSOLUTE (.))
                [!provide]                        PROVIDE (etext = ABSOLUTE (.))
 *(.eh_frame_hdr)
                0x0000000004013660                . = ALIGN (0x4)
                [!provide]                        PROVIDE (__preinit_array_start = ABSOLUTE (.))
 *(.preinit_array)
                [!provide]                        PROVIDE (__preinit_array_end = ABSOLUTE (.))
                [!provide]                        PROVIDE (__init_array_start = ABSOLUTE (.))
 *(.init_array)
                [!provide]                        PROVIDE (__init_array_end = ABSOLUTE (.))
                [!provide]                        PROVIDE (__fini_array_start = ABSOLUTE (.))
 *(.fini_array)
                [!provide]                        PROVIDE (__fini_array_end = ABSOLUTE (.))
 *(.eh_frame)
 *(.gcc_except_table .gcc_except_table.*)
 *(.dynamic)
                0x0000000004013660                PROVIDE (__CTOR_LIST__ = ABSOLUTE (.))
 *(.ctors)
 *(SORT_BY_NAME(.ctors.*))
                0x0000000004013660                PROVIDE (__CTOR_END__ = ABSOLUTE (.))
                0x0000000004013660                PROVIDE (__DTOR_LIST__ = ABSOLUTE (.))
 *(.dtors)
 *(SORT_BY_NAME(.dtors.*))
                0x0000000004013660                PROVIDE (__DTOR_END__ = ABSOLUTE (.))
 *(.jcr)
                0x0000000004013660                . = ALIGN (0x4)

.rodata         0x0000000004013660      0x74c
                0x0000000004013660                PROVIDE (__ram_rodata_start = ABSOLUTE (.))
                0x0000000004013660                . = ALIGN (0x4)
 *(.rodata .rodata.* .gnu.linkonce.r.*)
 .rodata        0x0000000004013660       0x24 obj/default/float2_functionality.o
 .rodata        0x0000000004013684       0x5e ../MasterUpgraded_bsp//newlib/nios2-elf/lib/libc.a(lib_a-vfprintf.o)
 *fill*         0x00000000040136e2        0x2 
 .rodata.blanks.5176
                0x00000000040136e4       0x10 ../MasterUpgraded_bsp//newlib/nios2-elf/lib/libc.a(lib_a-vfprintf.o)
 .rodata.zeroes.5177
                0x00000000040136f4       0x10 ../MasterUpgraded_bsp//newlib/nios2-elf/lib/libc.a(lib_a-vfprintf.o)
 .rodata        0x0000000004013704       0x8b ../MasterUpgraded_bsp//newlib/nios2-elf/lib/libc.a(lib_a-dtoa.o)
 *fill*         0x000000000401378f        0x1 
 .rodata        0x0000000004013790       0x12 ../MasterUpgraded_bsp//newlib/nios2-elf/lib/libc.a(lib_a-locale.o)
 *fill*         0x00000000040137a2        0x2 
 .rodata        0x00000000040137a4       0x78 ../MasterUpgraded_bsp//newlib/nios2-elf/lib/libc.a(lib_a-mprec.o)
 .rodata.__mprec_tens
                0x000000000401381c       0xc8 ../MasterUpgraded_bsp//newlib/nios2-elf/lib/libc.a(lib_a-mprec.o)
                0x000000000401381c                __mprec_tens
 .rodata.__mprec_bigtens
                0x00000000040138e4       0x28 ../MasterUpgraded_bsp//newlib/nios2-elf/lib/libc.a(lib_a-mprec.o)
                0x00000000040138e4                __mprec_bigtens
 .rodata.__mprec_tinytens
                0x000000000401390c       0x28 ../MasterUpgraded_bsp//newlib/nios2-elf/lib/libc.a(lib_a-mprec.o)
                0x000000000401390c                __mprec_tinytens
 .rodata.p05.3991
                0x0000000004013934        0xc ../MasterUpgraded_bsp//newlib/nios2-elf/lib/libc.a(lib_a-mprec.o)
 .rodata        0x0000000004013940       0x4a ../MasterUpgraded_bsp//newlib/nios2-elf/lib/libc.a(lib_a-vfiprintf.o)
 *fill*         0x000000000401398a        0x2 
 .rodata.blanks.5153
                0x000000000401398c       0x10 ../MasterUpgraded_bsp//newlib/nios2-elf/lib/libc.a(lib_a-vfiprintf.o)
 .rodata.zeroes.5154
                0x000000000401399c       0x10 ../MasterUpgraded_bsp//newlib/nios2-elf/lib/libc.a(lib_a-vfiprintf.o)
 .rodata        0x00000000040139ac       0x43 ../MasterUpgraded_bsp//newlib/nios2-elf/lib/libc.a(lib_a-assert.o)
 *fill*         0x00000000040139ef        0x1 
 .rodata._ctype_b
                0x00000000040139f0      0x180 ../MasterUpgraded_bsp//newlib/nios2-elf/lib/libc.a(lib_a-ctype_.o)
                0x00000000040139f0                _ctype_b
 .rodata._ctype_
                0x0000000004013b70      0x101 ../MasterUpgraded_bsp//newlib/nios2-elf/lib/libc.a(lib_a-ctype_.o)
                0x0000000004013b70                _ctype_
 *fill*         0x0000000004013c71        0x3 
 .rodata        0x0000000004013c74      0x100 /home/omaralkhatib/intelFPGA_lite/20.1/nios2eds/bin/gnu/H-x86_64-pc-linux-gnu/bin/../lib/gcc/nios2-elf/9.2.1/libgcc.a(_clz.o)
                0x0000000004013c74                __clz_tab
 .rodata        0x0000000004013d74        0xa ../MasterUpgraded_bsp//libhal_bsp.a(alt_dev.o)
 *fill*         0x0000000004013d7e        0x2 
 .rodata        0x0000000004013d80        0xa ../MasterUpgraded_bsp//libhal_bsp.a(alt_main.o)
 *fill*         0x0000000004013d8a        0x2 
 .rodata        0x0000000004013d8c       0x1f ../MasterUpgraded_bsp//libhal_bsp.a(alt_sys_init.o)
 *(.rodata1)
                0x0000000004013dac                . = ALIGN (0x4)
 *fill*         0x0000000004013dab        0x1 
                0x0000000004013dac                PROVIDE (__ram_rodata_end = ABSOLUTE (.))
                0x0000000004013660                PROVIDE (__flash_rodata_start = LOADADDR (.rodata))

.rwdata         0x0000000004013dac     0x1c04 load address 0x00000000040159b0
                0x0000000004013dac                PROVIDE (__ram_rwdata_start = ABSOLUTE (.))
                0x0000000004013dac                . = ALIGN (0x4)
 *(.got.plt)
 *(.got)
 *(.data1)
 *(.data .data.* .gnu.linkonce.d.*)
 .data          0x0000000004013dac        0x0 ../MasterUpgraded_bsp//obj/HAL/src/crt0.o
 .data          0x0000000004013dac        0x0 obj/default/float2_functionality.o
 .data          0x0000000004013dac        0x0 ../MasterUpgraded_bsp//newlib/nios2-elf/lib/libc.a(lib_a-printf.o)
 .data          0x0000000004013dac        0x0 ../MasterUpgraded_bsp//newlib/nios2-elf/lib/libc.a(lib_a-vfprintf.o)
 .data          0x0000000004013dac        0x0 ../MasterUpgraded_bsp//newlib/nios2-elf/lib/libc.a(lib_a-wsetup.o)
 .data          0x0000000004013dac        0x0 ../MasterUpgraded_bsp//newlib/nios2-elf/lib/libc.a(lib_a-dtoa.o)
 .data          0x0000000004013dac        0x0 ../MasterUpgraded_bsp//newlib/nios2-elf/lib/libc.a(lib_a-fflush.o)
 .data          0x0000000004013dac        0x0 ../MasterUpgraded_bsp//newlib/nios2-elf/lib/libc.a(lib_a-findfp.o)
 .data          0x0000000004013dac        0x0 ../MasterUpgraded_bsp//newlib/nios2-elf/lib/libc.a(lib_a-freer.o)
 .data          0x0000000004013dac        0x0 ../MasterUpgraded_bsp//newlib/nios2-elf/lib/libc.a(lib_a-fwalk.o)
 .data          0x0000000004013dac        0x0 ../MasterUpgraded_bsp//newlib/nios2-elf/lib/libc.a(lib_a-impure.o)
 .data.impure_data
                0x0000000004013dac      0x424 ../MasterUpgraded_bsp//newlib/nios2-elf/lib/libc.a(lib_a-impure.o)
 .data          0x00000000040141d0        0x0 ../MasterUpgraded_bsp//newlib/nios2-elf/lib/libc.a(lib_a-localeconv.o)
 .data          0x00000000040141d0        0x0 ../MasterUpgraded_bsp//newlib/nios2-elf/lib/libc.a(lib_a-locale.o)
 .data.__global_locale
                0x00000000040141d0      0x16c ../MasterUpgraded_bsp//newlib/nios2-elf/lib/libc.a(lib_a-locale.o)
                0x00000000040141d0                __global_locale
 .data          0x000000000401433c        0x0 ../MasterUpgraded_bsp//newlib/nios2-elf/lib/libc.a(lib_a-makebuf.o)
 .data          0x000000000401433c        0x0 ../MasterUpgraded_bsp//newlib/nios2-elf/lib/libc.a(lib_a-mallocr.o)
 .data.__malloc_av_
                0x000000000401433c      0x408 ../MasterUpgraded_bsp//newlib/nios2-elf/lib/libc.a(lib_a-mallocr.o)
                0x000000000401433c                __malloc_av_
 .data          0x0000000004014744        0x0 ../MasterUpgraded_bsp//newlib/nios2-elf/lib/libc.a(lib_a-mbtowc_r.o)
 .data          0x0000000004014744        0x0 ../MasterUpgraded_bsp//newlib/nios2-elf/lib/libc.a(lib_a-memchr.o)
 .data          0x0000000004014744        0x0 ../MasterUpgraded_bsp//newlib/nios2-elf/lib/libc.a(lib_a-memcpy.o)
 .data          0x0000000004014744        0x0 ../MasterUpgraded_bsp//newlib/nios2-elf/lib/libc.a(lib_a-memset.o)
 .data          0x0000000004014744        0x0 ../MasterUpgraded_bsp//newlib/nios2-elf/lib/libc.a(lib_a-mprec.o)
 .data          0x0000000004014744        0x0 ../MasterUpgraded_bsp//newlib/nios2-elf/lib/libc.a(lib_a-sbrkr.o)
 .data          0x0000000004014744        0x0 ../MasterUpgraded_bsp//newlib/nios2-elf/lib/libc.a(lib_a-stdio.o)
 .data          0x0000000004014744        0x0 ../MasterUpgraded_bsp//newlib/nios2-elf/lib/libc.a(lib_a-strcmp.o)
 .data          0x0000000004014744        0x0 ../MasterUpgraded_bsp//newlib/nios2-elf/lib/libc.a(lib_a-strlen.o)
 .data          0x0000000004014744        0x0 ../MasterUpgraded_bsp//newlib/nios2-elf/lib/libc.a(lib_a-vfiprintf.o)
 .data          0x0000000004014744        0x0 ../MasterUpgraded_bsp//newlib/nios2-elf/lib/libc.a(lib_a-wctomb_r.o)
 .data          0x0000000004014744        0x0 ../MasterUpgraded_bsp//newlib/nios2-elf/lib/libc.a(lib_a-writer.o)
 .data          0x0000000004014744        0x0 ../MasterUpgraded_bsp//newlib/nios2-elf/lib/libc.a(closer.o)
 .data          0x0000000004014744        0x0 ../MasterUpgraded_bsp//newlib/nios2-elf/lib/libc.a(lib_a-assert.o)
 .data          0x0000000004014744        0x0 ../MasterUpgraded_bsp//newlib/nios2-elf/lib/libc.a(lib_a-callocr.o)
 .data          0x0000000004014744        0x0 ../MasterUpgraded_bsp//newlib/nios2-elf/lib/libc.a(lib_a-ctype_.o)
 .data          0x0000000004014744        0x0 ../MasterUpgraded_bsp//newlib/nios2-elf/lib/libc.a(lib_a-fclose.o)
 .data          0x0000000004014744        0x0 ../MasterUpgraded_bsp//newlib/nios2-elf/lib/libc.a(lib_a-fiprintf.o)
 .data          0x0000000004014744        0x0 ../MasterUpgraded_bsp//newlib/nios2-elf/lib/libc.a(lib_a-fputwc.o)
 .data          0x0000000004014744        0x0 ../MasterUpgraded_bsp//newlib/nios2-elf/lib/libc.a(lib_a-fstatr.o)
 .data          0x0000000004014744        0x0 ../MasterUpgraded_bsp//newlib/nios2-elf/lib/libc.a(lib_a-fvwrite.o)
 .data          0x0000000004014744        0x0 ../MasterUpgraded_bsp//newlib/nios2-elf/lib/libc.a(lib_a-int_errno.o)
 .data          0x0000000004014744        0x0 ../MasterUpgraded_bsp//newlib/nios2-elf/lib/libc.a(lib_a-isattyr.o)
 .data          0x0000000004014744        0x0 ../MasterUpgraded_bsp//newlib/nios2-elf/lib/libc.a(lib_a-lseekr.o)
 .data          0x0000000004014744        0x0 ../MasterUpgraded_bsp//newlib/nios2-elf/lib/libc.a(lib_a-memmove.o)
 .data          0x0000000004014744        0x0 ../MasterUpgraded_bsp//newlib/nios2-elf/lib/libc.a(lib_a-readr.o)
 .data          0x0000000004014744        0x0 ../MasterUpgraded_bsp//newlib/nios2-elf/lib/libc.a(lib_a-reallocr.o)
 .data          0x0000000004014744        0x0 ../MasterUpgraded_bsp//newlib/nios2-elf/lib/libc.a(lib_a-vfiprintfr_1.o)
 .data          0x0000000004014744        0x0 ../MasterUpgraded_bsp//newlib/nios2-elf/lib/libc.a(lib_a-wbuf.o)
 .data          0x0000000004014744        0x0 ../MasterUpgraded_bsp//newlib/nios2-elf/lib/libc.a(lib_a-wcrtomb.o)
 .data          0x0000000004014744        0x0 ../MasterUpgraded_bsp//newlib/nios2-elf/lib/libc.a(lib_a-abort.o)
 .data          0x0000000004014744        0x0 ../MasterUpgraded_bsp//newlib/nios2-elf/lib/libc.a(lib_a-signal.o)
 .data          0x0000000004014744        0x0 ../MasterUpgraded_bsp//newlib/nios2-elf/lib/libc.a(lib_a-signalr.o)
 .data          0x0000000004014744        0x0 /home/omaralkhatib/intelFPGA_lite/20.1/nios2eds/bin/gnu/H-x86_64-pc-linux-gnu/bin/../lib/gcc/nios2-elf/9.2.1/libgcc.a(_udivdi3.o)
 .data          0x0000000004014744        0x0 /home/omaralkhatib/intelFPGA_lite/20.1/nios2eds/bin/gnu/H-x86_64-pc-linux-gnu/bin/../lib/gcc/nios2-elf/9.2.1/libgcc.a(_umoddi3.o)
 .data          0x0000000004014744        0x0 /home/omaralkhatib/intelFPGA_lite/20.1/nios2eds/bin/gnu/H-x86_64-pc-linux-gnu/bin/../lib/gcc/nios2-elf/9.2.1/libgcc.a(lib2-divmod.o)
 .data          0x0000000004014744        0x0 /home/omaralkhatib/intelFPGA_lite/20.1/nios2eds/bin/gnu/H-x86_64-pc-linux-gnu/bin/../lib/gcc/nios2-elf/9.2.1/libgcc.a(adddf3.o)
 .data          0x0000000004014744        0x0 /home/omaralkhatib/intelFPGA_lite/20.1/nios2eds/bin/gnu/H-x86_64-pc-linux-gnu/bin/../lib/gcc/nios2-elf/9.2.1/libgcc.a(divdf3.o)
 .data          0x0000000004014744        0x0 /home/omaralkhatib/intelFPGA_lite/20.1/nios2eds/bin/gnu/H-x86_64-pc-linux-gnu/bin/../lib/gcc/nios2-elf/9.2.1/libgcc.a(eqdf2.o)
 .data          0x0000000004014744        0x0 /home/omaralkhatib/intelFPGA_lite/20.1/nios2eds/bin/gnu/H-x86_64-pc-linux-gnu/bin/../lib/gcc/nios2-elf/9.2.1/libgcc.a(gedf2.o)
 .data          0x0000000004014744        0x0 /home/omaralkhatib/intelFPGA_lite/20.1/nios2eds/bin/gnu/H-x86_64-pc-linux-gnu/bin/../lib/gcc/nios2-elf/9.2.1/libgcc.a(ledf2.o)
 .data          0x0000000004014744        0x0 /home/omaralkhatib/intelFPGA_lite/20.1/nios2eds/bin/gnu/H-x86_64-pc-linux-gnu/bin/../lib/gcc/nios2-elf/9.2.1/libgcc.a(muldf3.o)
 .data          0x0000000004014744        0x0 /home/omaralkhatib/intelFPGA_lite/20.1/nios2eds/bin/gnu/H-x86_64-pc-linux-gnu/bin/../lib/gcc/nios2-elf/9.2.1/libgcc.a(subdf3.o)
 .data          0x0000000004014744        0x0 /home/omaralkhatib/intelFPGA_lite/20.1/nios2eds/bin/gnu/H-x86_64-pc-linux-gnu/bin/../lib/gcc/nios2-elf/9.2.1/libgcc.a(unorddf2.o)
 .data          0x0000000004014744        0x0 /home/omaralkhatib/intelFPGA_lite/20.1/nios2eds/bin/gnu/H-x86_64-pc-linux-gnu/bin/../lib/gcc/nios2-elf/9.2.1/libgcc.a(fixdfsi.o)
 .data          0x0000000004014744        0x0 /home/omaralkhatib/intelFPGA_lite/20.1/nios2eds/bin/gnu/H-x86_64-pc-linux-gnu/bin/../lib/gcc/nios2-elf/9.2.1/libgcc.a(floatsidf.o)
 .data          0x0000000004014744        0x0 /home/omaralkhatib/intelFPGA_lite/20.1/nios2eds/bin/gnu/H-x86_64-pc-linux-gnu/bin/../lib/gcc/nios2-elf/9.2.1/libgcc.a(floatunsidf.o)
 .data          0x0000000004014744        0x0 /home/omaralkhatib/intelFPGA_lite/20.1/nios2eds/bin/gnu/H-x86_64-pc-linux-gnu/bin/../lib/gcc/nios2-elf/9.2.1/libgcc.a(_clz.o)
 .data          0x0000000004014744        0x0 /home/omaralkhatib/intelFPGA_lite/20.1/nios2eds/bin/gnu/H-x86_64-pc-linux-gnu/bin/../lib/gcc/nios2-elf/9.2.1/libgcc.a(_clzsi2.o)
 .data          0x0000000004014744        0x0 ../MasterUpgraded_bsp//libhal_bsp.a(alt_close.o)
 .data          0x0000000004014744      0x1a8 ../MasterUpgraded_bsp//libhal_bsp.a(alt_dev.o)
                0x0000000004014744                alt_dev_null
                0x000000000401476c                alt_fd_list
 .data          0x00000000040148ec        0x0 ../MasterUpgraded_bsp//libhal_bsp.a(alt_errno.o)
 .data          0x00000000040148ec        0x0 ../MasterUpgraded_bsp//libhal_bsp.a(alt_exit.o)
 .data          0x00000000040148ec        0x0 ../MasterUpgraded_bsp//libhal_bsp.a(alt_fstat.o)
 .data          0x00000000040148ec        0x0 ../MasterUpgraded_bsp//libhal_bsp.a(alt_getpid.o)
 .data          0x00000000040148ec        0x0 ../MasterUpgraded_bsp//libhal_bsp.a(alt_isatty.o)
 .data          0x00000000040148ec        0x0 ../MasterUpgraded_bsp//libhal_bsp.a(alt_kill.o)
 .data          0x00000000040148ec        0x0 ../MasterUpgraded_bsp//libhal_bsp.a(alt_load.o)
 .data          0x00000000040148ec        0x0 ../MasterUpgraded_bsp//libhal_bsp.a(alt_lseek.o)
 .data          0x00000000040148ec        0x0 ../MasterUpgraded_bsp//libhal_bsp.a(alt_main.o)
 .data          0x00000000040148ec        0x0 ../MasterUpgraded_bsp//libhal_bsp.a(alt_malloc_lock.o)
 .data          0x00000000040148ec        0x0 ../MasterUpgraded_bsp//libhal_bsp.a(alt_read.o)
 .data          0x00000000040148ec        0x0 ../MasterUpgraded_bsp//libhal_bsp.a(alt_release_fd.o)
 .data          0x00000000040148ec        0x0 ../MasterUpgraded_bsp//libhal_bsp.a(alt_sbrk.o)
 .data          0x00000000040148ec        0x0 ../MasterUpgraded_bsp//libhal_bsp.a(alt_usleep.o)
 .data          0x00000000040148ec        0x0 ../MasterUpgraded_bsp//libhal_bsp.a(alt_write.o)
 .data          0x00000000040148ec     0x108c ../MasterUpgraded_bsp//libhal_bsp.a(alt_sys_init.o)
 .data          0x0000000004015978        0x0 ../MasterUpgraded_bsp//libhal_bsp.a(altera_avalon_jtag_uart_fd.o)
 .data          0x0000000004015978        0x0 ../MasterUpgraded_bsp//libhal_bsp.a(altera_avalon_jtag_uart_init.o)
 .data          0x0000000004015978        0x0 ../MasterUpgraded_bsp//libhal_bsp.a(altera_avalon_jtag_uart_ioctl.o)
 .data          0x0000000004015978        0x0 ../MasterUpgraded_bsp//libhal_bsp.a(altera_avalon_jtag_uart_read.o)
 .data          0x0000000004015978        0x0 ../MasterUpgraded_bsp//libhal_bsp.a(altera_avalon_jtag_uart_write.o)
 .data          0x0000000004015978        0x0 ../MasterUpgraded_bsp//libhal_bsp.a(altera_avalon_timer_sc.o)
 .data          0x0000000004015978        0x0 ../MasterUpgraded_bsp//libhal_bsp.a(altera_up_avalon_accelerometer_spi.o)
 .data          0x0000000004015978        0x0 ../MasterUpgraded_bsp//libhal_bsp.a(alt_alarm_start.o)
 .data          0x0000000004015978        0x0 ../MasterUpgraded_bsp//libhal_bsp.a(alt_busy_sleep.o)
 .data          0x0000000004015978        0x0 ../MasterUpgraded_bsp//libhal_bsp.a(alt_dcache_flush_all.o)
 .data          0x0000000004015978        0x0 ../MasterUpgraded_bsp//libhal_bsp.a(alt_dev_llist_insert.o)
 .data          0x0000000004015978        0x0 ../MasterUpgraded_bsp//libhal_bsp.a(alt_do_ctors.o)
 .data          0x0000000004015978        0x0 ../MasterUpgraded_bsp//libhal_bsp.a(alt_do_dtors.o)
 .data          0x0000000004015978        0x0 ../MasterUpgraded_bsp//libhal_bsp.a(alt_find_dev.o)
 .data          0x0000000004015978        0x0 ../MasterUpgraded_bsp//libhal_bsp.a(alt_icache_flush_all.o)
 .data          0x0000000004015978        0x0 ../MasterUpgraded_bsp//libhal_bsp.a(alt_io_redirect.o)
 .data          0x0000000004015978        0x0 ../MasterUpgraded_bsp//libhal_bsp.a(alt_irq_register.o)
 .data          0x0000000004015978        0x0 ../MasterUpgraded_bsp//libhal_bsp.a(alt_irq_vars.o)
 .data          0x0000000004015978        0x0 ../MasterUpgraded_bsp//libhal_bsp.a(alt_open.o)
 .data          0x0000000004015978        0x0 ../MasterUpgraded_bsp//libhal_bsp.a(alt_tick.o)
 .data          0x0000000004015978        0x0 ../MasterUpgraded_bsp//libhal_bsp.a(altera_nios2_gen2_irq.o)
 .data          0x0000000004015978        0x0 ../MasterUpgraded_bsp//libhal_bsp.a(alt_find_file.o)
 .data          0x0000000004015978        0x0 ../MasterUpgraded_bsp//libhal_bsp.a(alt_get_fd.o)
 .data          0x0000000004015978        0x0 ../MasterUpgraded_bsp//libhal_bsp.a(alt_icache_flush.o)
 .data          0x0000000004015978        0x0 ../MasterUpgraded_bsp//libhal_bsp.a(alt_irq_entry.o)
 .data          0x0000000004015978        0x0 ../MasterUpgraded_bsp//libhal_bsp.a(alt_irq_handler.o)
 .data          0x0000000004015978        0x0 ../MasterUpgraded_bsp//libhal_bsp.a(alt_exception_entry.o)
 .data          0x0000000004015978        0x0 ../MasterUpgraded_bsp//libhal_bsp.a(alt_instruction_exception_entry.o)
 .data          0x0000000004015978        0x0 ../MasterUpgraded_bsp//newlib/nios2-elf/lib/libc.a(lib_a-atexit.o)
 .data          0x0000000004015978        0x0 ../MasterUpgraded_bsp//newlib/nios2-elf/lib/libc.a(lib_a-exit.o)
 .data          0x0000000004015978        0x0 ../MasterUpgraded_bsp//newlib/nios2-elf/lib/libc.a(lib_a-memcmp.o)
 .data          0x0000000004015978        0x0 ../MasterUpgraded_bsp//newlib/nios2-elf/lib/libc.a(lib_a-__atexit.o)
 .data          0x0000000004015978        0x0 ../MasterUpgraded_bsp//newlib/nios2-elf/lib/libc.a(lib_a-__call_atexit.o)
                0x000000000401d978                _gp = ABSOLUTE ((. + 0x8000))
                [!provide]                        PROVIDE (gp = _gp)
 *(.rwdata .rwdata.*)
 *(.sdata .sdata.* .gnu.linkonce.s.*)
 .sdata._impure_ptr
                0x0000000004015978        0x4 ../MasterUpgraded_bsp//newlib/nios2-elf/lib/libc.a(lib_a-impure.o)
                0x0000000004015978                _impure_ptr
 .sdata._global_impure_ptr
                0x000000000401597c        0x4 ../MasterUpgraded_bsp//newlib/nios2-elf/lib/libc.a(lib_a-impure.o)
                0x000000000401597c                _global_impure_ptr
 .sdata.__malloc_trim_threshold
                0x0000000004015980        0x4 ../MasterUpgraded_bsp//newlib/nios2-elf/lib/libc.a(lib_a-mallocr.o)
                0x0000000004015980                __malloc_trim_threshold
 .sdata.__malloc_sbrk_base
                0x0000000004015984        0x4 ../MasterUpgraded_bsp//newlib/nios2-elf/lib/libc.a(lib_a-mallocr.o)
                0x0000000004015984                __malloc_sbrk_base
 .sdata         0x0000000004015988       0x14 ../MasterUpgraded_bsp//libhal_bsp.a(alt_dev.o)
                0x0000000004015988                alt_fs_list
                0x0000000004015990                alt_dev_list
                0x0000000004015998                alt_max_fd
 .sdata         0x000000000401599c        0x4 ../MasterUpgraded_bsp//libhal_bsp.a(alt_errno.o)
                0x000000000401599c                alt_errno
 .sdata         0x00000000040159a0        0x4 ../MasterUpgraded_bsp//libhal_bsp.a(alt_sbrk.o)
 .sdata         0x00000000040159a4        0x4 ../MasterUpgraded_bsp//libhal_bsp.a(alt_irq_vars.o)
                0x00000000040159a4                alt_priority_mask
 .sdata         0x00000000040159a8        0x8 ../MasterUpgraded_bsp//libhal_bsp.a(alt_tick.o)
                0x00000000040159a8                alt_alarm_list
 *(.sdata2 .sdata2.* .gnu.linkonce.s2.*)
                0x00000000040159b0                . = ALIGN (0x4)
                0x00000000040159b0                _edata = ABSOLUTE (.)
                [!provide]                        PROVIDE (edata = ABSOLUTE (.))
                0x00000000040159b0                PROVIDE (__ram_rwdata_end = ABSOLUTE (.))
                0x00000000040159b0                PROVIDE (__flash_rwdata_start = LOADADDR (.rwdata))

.bss            0x00000000040175b4      0x164
                0x00000000040175b4                __bss_start = ABSOLUTE (.)
                [!provide]                        PROVIDE (__sbss_start = ABSOLUTE (.))
                [!provide]                        PROVIDE (___sbss_start = ABSOLUTE (.))
 *(.dynsbss)
 *(.sbss .sbss.* .gnu.linkonce.sb.*)
 .sbss.__sfp_recursive_mutex
                0x00000000040175b4        0x4 ../MasterUpgraded_bsp//newlib/nios2-elf/lib/libc.a(lib_a-findfp.o)
 .sbss.__sinit_recursive_mutex
                0x00000000040175b8        0x4 ../MasterUpgraded_bsp//newlib/nios2-elf/lib/libc.a(lib_a-findfp.o)
 .sbss._PathLocale
                0x00000000040175bc        0x4 ../MasterUpgraded_bsp//newlib/nios2-elf/lib/libc.a(lib_a-locale.o)
                0x00000000040175bc                _PathLocale
 .sbss.__malloc_top_pad
                0x00000000040175c0        0x4 ../MasterUpgraded_bsp//newlib/nios2-elf/lib/libc.a(lib_a-mallocr.o)
                0x00000000040175c0                __malloc_top_pad
 .sbss.__malloc_max_sbrked_mem
                0x00000000040175c4        0x4 ../MasterUpgraded_bsp//newlib/nios2-elf/lib/libc.a(lib_a-mallocr.o)
                0x00000000040175c4                __malloc_max_sbrked_mem
 .sbss.__malloc_max_total_mem
                0x00000000040175c8        0x4 ../MasterUpgraded_bsp//newlib/nios2-elf/lib/libc.a(lib_a-mallocr.o)
                0x00000000040175c8                __malloc_max_total_mem
 .sbss          0x00000000040175cc        0x4 ../MasterUpgraded_bsp//newlib/nios2-elf/lib/libc.a(lib_a-int_errno.o)
                0x00000000040175cc                errno
 .sbss          0x00000000040175d0        0xc ../MasterUpgraded_bsp//libhal_bsp.a(alt_main.o)
                0x00000000040175d0                alt_argc
                0x00000000040175d4                alt_argv
                0x00000000040175d8                alt_envp
 .sbss          0x00000000040175dc        0x4 ../MasterUpgraded_bsp//libhal_bsp.a(alt_irq_vars.o)
                0x00000000040175dc                alt_irq_active
 .sbss          0x00000000040175e0        0x8 ../MasterUpgraded_bsp//libhal_bsp.a(alt_tick.o)
                0x00000000040175e0                _alt_tick_rate
                0x00000000040175e4                _alt_nticks
 .sbss          0x00000000040175e8        0x4 ../MasterUpgraded_bsp//libhal_bsp.a(alt_instruction_exception_entry.o)
                0x00000000040175e8                alt_instruction_exception_handler
 .sbss.__atexit_recursive_mutex
                0x00000000040175ec        0x4 ../MasterUpgraded_bsp//newlib/nios2-elf/lib/libc.a(lib_a-__call_atexit.o)
 *(.sbss2 .sbss2.* .gnu.linkonce.sb2.*)
 *(.scommon)
                [!provide]                        PROVIDE (__sbss_end = ABSOLUTE (.))
                [!provide]                        PROVIDE (___sbss_end = ABSOLUTE (.))
 *(.dynbss)
 *(.bss .bss.* .gnu.linkonce.b.*)
 .bss           0x00000000040175f0        0x0 ../MasterUpgraded_bsp//obj/HAL/src/crt0.o
 .bss           0x00000000040175f0        0x0 obj/default/float2_functionality.o
 .bss           0x00000000040175f0        0x0 ../MasterUpgraded_bsp//newlib/nios2-elf/lib/libc.a(lib_a-printf.o)
 .bss           0x00000000040175f0        0x0 ../MasterUpgraded_bsp//newlib/nios2-elf/lib/libc.a(lib_a-vfprintf.o)
 .bss           0x00000000040175f0        0x0 ../MasterUpgraded_bsp//newlib/nios2-elf/lib/libc.a(lib_a-wsetup.o)
 .bss           0x00000000040175f0        0x0 ../MasterUpgraded_bsp//newlib/nios2-elf/lib/libc.a(lib_a-dtoa.o)
 .bss           0x00000000040175f0        0x0 ../MasterUpgraded_bsp//newlib/nios2-elf/lib/libc.a(lib_a-fflush.o)
 .bss           0x00000000040175f0        0x0 ../MasterUpgraded_bsp//newlib/nios2-elf/lib/libc.a(lib_a-findfp.o)
 .bss           0x00000000040175f0        0x0 ../MasterUpgraded_bsp//newlib/nios2-elf/lib/libc.a(lib_a-freer.o)
 .bss           0x00000000040175f0        0x0 ../MasterUpgraded_bsp//newlib/nios2-elf/lib/libc.a(lib_a-fwalk.o)
 .bss           0x00000000040175f0        0x0 ../MasterUpgraded_bsp//newlib/nios2-elf/lib/libc.a(lib_a-impure.o)
 .bss           0x00000000040175f0        0x0 ../MasterUpgraded_bsp//newlib/nios2-elf/lib/libc.a(lib_a-localeconv.o)
 .bss           0x00000000040175f0        0x0 ../MasterUpgraded_bsp//newlib/nios2-elf/lib/libc.a(lib_a-locale.o)
 .bss           0x00000000040175f0        0x0 ../MasterUpgraded_bsp//newlib/nios2-elf/lib/libc.a(lib_a-makebuf.o)
 .bss           0x00000000040175f0        0x0 ../MasterUpgraded_bsp//newlib/nios2-elf/lib/libc.a(lib_a-mallocr.o)
 .bss.__malloc_current_mallinfo
                0x00000000040175f0       0x28 ../MasterUpgraded_bsp//newlib/nios2-elf/lib/libc.a(lib_a-mallocr.o)
                0x00000000040175f0                __malloc_current_mallinfo
 .bss           0x0000000004017618        0x0 ../MasterUpgraded_bsp//newlib/nios2-elf/lib/libc.a(lib_a-mbtowc_r.o)
 .bss           0x0000000004017618        0x0 ../MasterUpgraded_bsp//newlib/nios2-elf/lib/libc.a(lib_a-memchr.o)
 .bss           0x0000000004017618        0x0 ../MasterUpgraded_bsp//newlib/nios2-elf/lib/libc.a(lib_a-memcpy.o)
 .bss           0x0000000004017618        0x0 ../MasterUpgraded_bsp//newlib/nios2-elf/lib/libc.a(lib_a-memset.o)
 .bss           0x0000000004017618        0x0 ../MasterUpgraded_bsp//newlib/nios2-elf/lib/libc.a(lib_a-mprec.o)
 .bss           0x0000000004017618        0x0 ../MasterUpgraded_bsp//newlib/nios2-elf/lib/libc.a(lib_a-sbrkr.o)
 .bss           0x0000000004017618        0x0 ../MasterUpgraded_bsp//newlib/nios2-elf/lib/libc.a(lib_a-stdio.o)
 .bss           0x0000000004017618        0x0 ../MasterUpgraded_bsp//newlib/nios2-elf/lib/libc.a(lib_a-strcmp.o)
 .bss           0x0000000004017618        0x0 ../MasterUpgraded_bsp//newlib/nios2-elf/lib/libc.a(lib_a-strlen.o)
 .bss           0x0000000004017618        0x0 ../MasterUpgraded_bsp//newlib/nios2-elf/lib/libc.a(lib_a-vfiprintf.o)
 .bss           0x0000000004017618        0x0 ../MasterUpgraded_bsp//newlib/nios2-elf/lib/libc.a(lib_a-wctomb_r.o)
 .bss           0x0000000004017618        0x0 ../MasterUpgraded_bsp//newlib/nios2-elf/lib/libc.a(lib_a-writer.o)
 .bss           0x0000000004017618        0x0 ../MasterUpgraded_bsp//newlib/nios2-elf/lib/libc.a(closer.o)
 .bss           0x0000000004017618        0x0 ../MasterUpgraded_bsp//newlib/nios2-elf/lib/libc.a(lib_a-assert.o)
 .bss           0x0000000004017618        0x0 ../MasterUpgraded_bsp//newlib/nios2-elf/lib/libc.a(lib_a-callocr.o)
 .bss           0x0000000004017618        0x0 ../MasterUpgraded_bsp//newlib/nios2-elf/lib/libc.a(lib_a-ctype_.o)
 .bss           0x0000000004017618        0x0 ../MasterUpgraded_bsp//newlib/nios2-elf/lib/libc.a(lib_a-fclose.o)
 .bss           0x0000000004017618        0x0 ../MasterUpgraded_bsp//newlib/nios2-elf/lib/libc.a(lib_a-fiprintf.o)
 .bss           0x0000000004017618        0x0 ../MasterUpgraded_bsp//newlib/nios2-elf/lib/libc.a(lib_a-fputwc.o)
 .bss           0x0000000004017618        0x0 ../MasterUpgraded_bsp//newlib/nios2-elf/lib/libc.a(lib_a-fstatr.o)
 .bss           0x0000000004017618        0x0 ../MasterUpgraded_bsp//newlib/nios2-elf/lib/libc.a(lib_a-fvwrite.o)
 .bss           0x0000000004017618        0x0 ../MasterUpgraded_bsp//newlib/nios2-elf/lib/libc.a(lib_a-int_errno.o)
 .bss           0x0000000004017618        0x0 ../MasterUpgraded_bsp//newlib/nios2-elf/lib/libc.a(lib_a-isattyr.o)
 .bss           0x0000000004017618        0x0 ../MasterUpgraded_bsp//newlib/nios2-elf/lib/libc.a(lib_a-lseekr.o)
 .bss           0x0000000004017618        0x0 ../MasterUpgraded_bsp//newlib/nios2-elf/lib/libc.a(lib_a-memmove.o)
 .bss           0x0000000004017618        0x0 ../MasterUpgraded_bsp//newlib/nios2-elf/lib/libc.a(lib_a-readr.o)
 .bss           0x0000000004017618        0x0 ../MasterUpgraded_bsp//newlib/nios2-elf/lib/libc.a(lib_a-reallocr.o)
 .bss           0x0000000004017618        0x0 ../MasterUpgraded_bsp//newlib/nios2-elf/lib/libc.a(lib_a-vfiprintfr_1.o)
 .bss           0x0000000004017618        0x0 ../MasterUpgraded_bsp//newlib/nios2-elf/lib/libc.a(lib_a-wbuf.o)
 .bss           0x0000000004017618        0x0 ../MasterUpgraded_bsp//newlib/nios2-elf/lib/libc.a(lib_a-wcrtomb.o)
 .bss           0x0000000004017618        0x0 ../MasterUpgraded_bsp//newlib/nios2-elf/lib/libc.a(lib_a-abort.o)
 .bss           0x0000000004017618        0x0 ../MasterUpgraded_bsp//newlib/nios2-elf/lib/libc.a(lib_a-signal.o)
 .bss           0x0000000004017618        0x0 ../MasterUpgraded_bsp//newlib/nios2-elf/lib/libc.a(lib_a-signalr.o)
 .bss           0x0000000004017618        0x0 /home/omaralkhatib/intelFPGA_lite/20.1/nios2eds/bin/gnu/H-x86_64-pc-linux-gnu/bin/../lib/gcc/nios2-elf/9.2.1/libgcc.a(_udivdi3.o)
 .bss           0x0000000004017618        0x0 /home/omaralkhatib/intelFPGA_lite/20.1/nios2eds/bin/gnu/H-x86_64-pc-linux-gnu/bin/../lib/gcc/nios2-elf/9.2.1/libgcc.a(_umoddi3.o)
 .bss           0x0000000004017618        0x0 /home/omaralkhatib/intelFPGA_lite/20.1/nios2eds/bin/gnu/H-x86_64-pc-linux-gnu/bin/../lib/gcc/nios2-elf/9.2.1/libgcc.a(lib2-divmod.o)
 .bss           0x0000000004017618        0x0 /home/omaralkhatib/intelFPGA_lite/20.1/nios2eds/bin/gnu/H-x86_64-pc-linux-gnu/bin/../lib/gcc/nios2-elf/9.2.1/libgcc.a(adddf3.o)
 .bss           0x0000000004017618        0x0 /home/omaralkhatib/intelFPGA_lite/20.1/nios2eds/bin/gnu/H-x86_64-pc-linux-gnu/bin/../lib/gcc/nios2-elf/9.2.1/libgcc.a(divdf3.o)
 .bss           0x0000000004017618        0x0 /home/omaralkhatib/intelFPGA_lite/20.1/nios2eds/bin/gnu/H-x86_64-pc-linux-gnu/bin/../lib/gcc/nios2-elf/9.2.1/libgcc.a(eqdf2.o)
 .bss           0x0000000004017618        0x0 /home/omaralkhatib/intelFPGA_lite/20.1/nios2eds/bin/gnu/H-x86_64-pc-linux-gnu/bin/../lib/gcc/nios2-elf/9.2.1/libgcc.a(gedf2.o)
 .bss           0x0000000004017618        0x0 /home/omaralkhatib/intelFPGA_lite/20.1/nios2eds/bin/gnu/H-x86_64-pc-linux-gnu/bin/../lib/gcc/nios2-elf/9.2.1/libgcc.a(ledf2.o)
 .bss           0x0000000004017618        0x0 /home/omaralkhatib/intelFPGA_lite/20.1/nios2eds/bin/gnu/H-x86_64-pc-linux-gnu/bin/../lib/gcc/nios2-elf/9.2.1/libgcc.a(muldf3.o)
 .bss           0x0000000004017618        0x0 /home/omaralkhatib/intelFPGA_lite/20.1/nios2eds/bin/gnu/H-x86_64-pc-linux-gnu/bin/../lib/gcc/nios2-elf/9.2.1/libgcc.a(subdf3.o)
 .bss           0x0000000004017618        0x0 /home/omaralkhatib/intelFPGA_lite/20.1/nios2eds/bin/gnu/H-x86_64-pc-linux-gnu/bin/../lib/gcc/nios2-elf/9.2.1/libgcc.a(unorddf2.o)
 .bss           0x0000000004017618        0x0 /home/omaralkhatib/intelFPGA_lite/20.1/nios2eds/bin/gnu/H-x86_64-pc-linux-gnu/bin/../lib/gcc/nios2-elf/9.2.1/libgcc.a(fixdfsi.o)
 .bss           0x0000000004017618        0x0 /home/omaralkhatib/intelFPGA_lite/20.1/nios2eds/bin/gnu/H-x86_64-pc-linux-gnu/bin/../lib/gcc/nios2-elf/9.2.1/libgcc.a(floatsidf.o)
 .bss           0x0000000004017618        0x0 /home/omaralkhatib/intelFPGA_lite/20.1/nios2eds/bin/gnu/H-x86_64-pc-linux-gnu/bin/../lib/gcc/nios2-elf/9.2.1/libgcc.a(floatunsidf.o)
 .bss           0x0000000004017618        0x0 /home/omaralkhatib/intelFPGA_lite/20.1/nios2eds/bin/gnu/H-x86_64-pc-linux-gnu/bin/../lib/gcc/nios2-elf/9.2.1/libgcc.a(_clz.o)
 .bss           0x0000000004017618        0x0 /home/omaralkhatib/intelFPGA_lite/20.1/nios2eds/bin/gnu/H-x86_64-pc-linux-gnu/bin/../lib/gcc/nios2-elf/9.2.1/libgcc.a(_clzsi2.o)
 .bss           0x0000000004017618        0x0 ../MasterUpgraded_bsp//libhal_bsp.a(alt_close.o)
 .bss           0x0000000004017618        0x0 ../MasterUpgraded_bsp//libhal_bsp.a(alt_dev.o)
 .bss           0x0000000004017618        0x0 ../MasterUpgraded_bsp//libhal_bsp.a(alt_errno.o)
 .bss           0x0000000004017618        0x0 ../MasterUpgraded_bsp//libhal_bsp.a(alt_exit.o)
 .bss           0x0000000004017618        0x0 ../MasterUpgraded_bsp//libhal_bsp.a(alt_fstat.o)
 .bss           0x0000000004017618        0x0 ../MasterUpgraded_bsp//libhal_bsp.a(alt_getpid.o)
 .bss           0x0000000004017618        0x0 ../MasterUpgraded_bsp//libhal_bsp.a(alt_isatty.o)
 .bss           0x0000000004017618        0x0 ../MasterUpgraded_bsp//libhal_bsp.a(alt_kill.o)
 .bss           0x0000000004017618        0x0 ../MasterUpgraded_bsp//libhal_bsp.a(alt_load.o)
 .bss           0x0000000004017618        0x0 ../MasterUpgraded_bsp//libhal_bsp.a(alt_lseek.o)
 .bss           0x0000000004017618        0x0 ../MasterUpgraded_bsp//libhal_bsp.a(alt_main.o)
 .bss           0x0000000004017618        0x0 ../MasterUpgraded_bsp//libhal_bsp.a(alt_malloc_lock.o)
 .bss           0x0000000004017618        0x0 ../MasterUpgraded_bsp//libhal_bsp.a(alt_read.o)
 .bss           0x0000000004017618        0x0 ../MasterUpgraded_bsp//libhal_bsp.a(alt_release_fd.o)
 .bss           0x0000000004017618        0x0 ../MasterUpgraded_bsp//libhal_bsp.a(alt_sbrk.o)
 .bss           0x0000000004017618        0x0 ../MasterUpgraded_bsp//libhal_bsp.a(alt_usleep.o)
 .bss           0x0000000004017618        0x0 ../MasterUpgraded_bsp//libhal_bsp.a(alt_write.o)
 .bss           0x0000000004017618        0x0 ../MasterUpgraded_bsp//libhal_bsp.a(alt_sys_init.o)
 .bss           0x0000000004017618        0x0 ../MasterUpgraded_bsp//libhal_bsp.a(altera_avalon_jtag_uart_fd.o)
 .bss           0x0000000004017618        0x0 ../MasterUpgraded_bsp//libhal_bsp.a(altera_avalon_jtag_uart_init.o)
 .bss           0x0000000004017618        0x0 ../MasterUpgraded_bsp//libhal_bsp.a(altera_avalon_jtag_uart_ioctl.o)
 .bss           0x0000000004017618        0x0 ../MasterUpgraded_bsp//libhal_bsp.a(altera_avalon_jtag_uart_read.o)
 .bss           0x0000000004017618        0x0 ../MasterUpgraded_bsp//libhal_bsp.a(altera_avalon_jtag_uart_write.o)
 .bss           0x0000000004017618        0x0 ../MasterUpgraded_bsp//libhal_bsp.a(altera_avalon_timer_sc.o)
 .bss           0x0000000004017618        0x0 ../MasterUpgraded_bsp//libhal_bsp.a(altera_up_avalon_accelerometer_spi.o)
 .bss           0x0000000004017618        0x0 ../MasterUpgraded_bsp//libhal_bsp.a(alt_alarm_start.o)
 .bss           0x0000000004017618        0x0 ../MasterUpgraded_bsp//libhal_bsp.a(alt_busy_sleep.o)
 .bss           0x0000000004017618        0x0 ../MasterUpgraded_bsp//libhal_bsp.a(alt_dcache_flush_all.o)
 .bss           0x0000000004017618        0x0 ../MasterUpgraded_bsp//libhal_bsp.a(alt_dev_llist_insert.o)
 .bss           0x0000000004017618        0x0 ../MasterUpgraded_bsp//libhal_bsp.a(alt_do_ctors.o)
 .bss           0x0000000004017618        0x0 ../MasterUpgraded_bsp//libhal_bsp.a(alt_do_dtors.o)
 .bss           0x0000000004017618        0x0 ../MasterUpgraded_bsp//libhal_bsp.a(alt_find_dev.o)
 .bss           0x0000000004017618        0x0 ../MasterUpgraded_bsp//libhal_bsp.a(alt_icache_flush_all.o)
 .bss           0x0000000004017618        0x0 ../MasterUpgraded_bsp//libhal_bsp.a(alt_io_redirect.o)
 .bss           0x0000000004017618        0x0 ../MasterUpgraded_bsp//libhal_bsp.a(alt_irq_register.o)
 .bss           0x0000000004017618        0x0 ../MasterUpgraded_bsp//libhal_bsp.a(alt_irq_vars.o)
 .bss           0x0000000004017618        0x0 ../MasterUpgraded_bsp//libhal_bsp.a(alt_open.o)
 .bss           0x0000000004017618        0x0 ../MasterUpgraded_bsp//libhal_bsp.a(alt_tick.o)
 .bss           0x0000000004017618        0x0 ../MasterUpgraded_bsp//libhal_bsp.a(altera_nios2_gen2_irq.o)
 .bss           0x0000000004017618        0x0 ../MasterUpgraded_bsp//libhal_bsp.a(alt_find_file.o)
 .bss           0x0000000004017618        0x0 ../MasterUpgraded_bsp//libhal_bsp.a(alt_get_fd.o)
 .bss           0x0000000004017618        0x0 ../MasterUpgraded_bsp//libhal_bsp.a(alt_icache_flush.o)
 .bss           0x0000000004017618        0x0 ../MasterUpgraded_bsp//libhal_bsp.a(alt_irq_entry.o)
 .bss           0x0000000004017618        0x0 ../MasterUpgraded_bsp//libhal_bsp.a(alt_irq_handler.o)
 .bss           0x0000000004017618        0x0 ../MasterUpgraded_bsp//libhal_bsp.a(alt_exception_entry.o)
 .bss           0x0000000004017618        0x0 ../MasterUpgraded_bsp//libhal_bsp.a(alt_instruction_exception_entry.o)
 .bss           0x0000000004017618        0x0 ../MasterUpgraded_bsp//newlib/nios2-elf/lib/libc.a(lib_a-atexit.o)
 .bss           0x0000000004017618        0x0 ../MasterUpgraded_bsp//newlib/nios2-elf/lib/libc.a(lib_a-exit.o)
 .bss           0x0000000004017618        0x0 ../MasterUpgraded_bsp//newlib/nios2-elf/lib/libc.a(lib_a-memcmp.o)
 .bss           0x0000000004017618        0x0 ../MasterUpgraded_bsp//newlib/nios2-elf/lib/libc.a(lib_a-__atexit.o)
 .bss           0x0000000004017618        0x0 ../MasterUpgraded_bsp//newlib/nios2-elf/lib/libc.a(lib_a-__call_atexit.o)
 *(COMMON)
 COMMON         0x0000000004017618      0x100 ../MasterUpgraded_bsp//libhal_bsp.a(alt_irq_handler.o)
                0x0000000004017618                alt_irq
                0x0000000004017718                . = ALIGN (0x4)
                0x0000000004017718                __bss_end = ABSOLUTE (.)

.dram_controller
                0x0000000004017718        0x0
                [!provide]                        PROVIDE (_alt_partition_dram_controller_start = ABSOLUTE (.))
 *(.dram_controller .dram_controller. dram_controller.*)
                0x0000000004017718                . = ALIGN (0x4)
                [!provide]                        PROVIDE (_alt_partition_dram_controller_end = ABSOLUTE (.))
                0x0000000004017718                _end = ABSOLUTE (.)
                0x0000000004017718                end = ABSOLUTE (.)
                0x0000000004017718                __alt_stack_base = ABSOLUTE (.)
                [!provide]                        PROVIDE (_alt_partition_dram_controller_load_addr = LOADADDR (.dram_controller))

.stab
 *(.stab)

.stabstr
 *(.stabstr)

.stab.excl
 *(.stab.excl)

.stab.exclstr
 *(.stab.exclstr)

.stab.index
 *(.stab.index)

.stab.indexstr
 *(.stab.indexstr)

.comment        0x0000000000000000       0x2c
 *(.comment)
 .comment       0x0000000000000000       0x2c obj/default/float2_functionality.o
                                         0x2d (size before relaxing)
 .comment       0x000000000000002c       0x2d ../MasterUpgraded_bsp//newlib/nios2-elf/lib/libc.a(lib_a-printf.o)
 .comment       0x000000000000002c       0x2d ../MasterUpgraded_bsp//newlib/nios2-elf/lib/libc.a(lib_a-vfprintf.o)
 .comment       0x000000000000002c       0x2d ../MasterUpgraded_bsp//newlib/nios2-elf/lib/libc.a(lib_a-wsetup.o)
 .comment       0x000000000000002c       0x2d ../MasterUpgraded_bsp//newlib/nios2-elf/lib/libc.a(lib_a-dtoa.o)
 .comment       0x000000000000002c       0x2d ../MasterUpgraded_bsp//newlib/nios2-elf/lib/libc.a(lib_a-fflush.o)
 .comment       0x000000000000002c       0x2d ../MasterUpgraded_bsp//newlib/nios2-elf/lib/libc.a(lib_a-findfp.o)
 .comment       0x000000000000002c       0x2d ../MasterUpgraded_bsp//newlib/nios2-elf/lib/libc.a(lib_a-freer.o)
 .comment       0x000000000000002c       0x2d ../MasterUpgraded_bsp//newlib/nios2-elf/lib/libc.a(lib_a-fwalk.o)
 .comment       0x000000000000002c       0x2d ../MasterUpgraded_bsp//newlib/nios2-elf/lib/libc.a(lib_a-impure.o)
 .comment       0x000000000000002c       0x2d ../MasterUpgraded_bsp//newlib/nios2-elf/lib/libc.a(lib_a-localeconv.o)
 .comment       0x000000000000002c       0x2d ../MasterUpgraded_bsp//newlib/nios2-elf/lib/libc.a(lib_a-locale.o)
 .comment       0x000000000000002c       0x2d ../MasterUpgraded_bsp//newlib/nios2-elf/lib/libc.a(lib_a-makebuf.o)
 .comment       0x000000000000002c       0x2d ../MasterUpgraded_bsp//newlib/nios2-elf/lib/libc.a(lib_a-mallocr.o)
 .comment       0x000000000000002c       0x2d ../MasterUpgraded_bsp//newlib/nios2-elf/lib/libc.a(lib_a-mbtowc_r.o)
 .comment       0x000000000000002c       0x2d ../MasterUpgraded_bsp//newlib/nios2-elf/lib/libc.a(lib_a-memchr.o)
 .comment       0x000000000000002c       0x2d ../MasterUpgraded_bsp//newlib/nios2-elf/lib/libc.a(lib_a-memcpy.o)
 .comment       0x000000000000002c       0x2d ../MasterUpgraded_bsp//newlib/nios2-elf/lib/libc.a(lib_a-memset.o)
 .comment       0x000000000000002c       0x2d ../MasterUpgraded_bsp//newlib/nios2-elf/lib/libc.a(lib_a-mprec.o)
 .comment       0x000000000000002c       0x2d ../MasterUpgraded_bsp//newlib/nios2-elf/lib/libc.a(lib_a-sbrkr.o)
 .comment       0x000000000000002c       0x2d ../MasterUpgraded_bsp//newlib/nios2-elf/lib/libc.a(lib_a-stdio.o)
 .comment       0x000000000000002c       0x2d ../MasterUpgraded_bsp//newlib/nios2-elf/lib/libc.a(lib_a-strcmp.o)
 .comment       0x000000000000002c       0x2d ../MasterUpgraded_bsp//newlib/nios2-elf/lib/libc.a(lib_a-strlen.o)
 .comment       0x000000000000002c       0x2d ../MasterUpgraded_bsp//newlib/nios2-elf/lib/libc.a(lib_a-vfiprintf.o)
 .comment       0x000000000000002c       0x2d ../MasterUpgraded_bsp//newlib/nios2-elf/lib/libc.a(lib_a-wctomb_r.o)
 .comment       0x000000000000002c       0x2d ../MasterUpgraded_bsp//newlib/nios2-elf/lib/libc.a(lib_a-writer.o)
 .comment       0x000000000000002c       0x2d ../MasterUpgraded_bsp//newlib/nios2-elf/lib/libc.a(closer.o)
 .comment       0x000000000000002c       0x2d ../MasterUpgraded_bsp//newlib/nios2-elf/lib/libc.a(lib_a-assert.o)
 .comment       0x000000000000002c       0x2d ../MasterUpgraded_bsp//newlib/nios2-elf/lib/libc.a(lib_a-callocr.o)
 .comment       0x000000000000002c       0x2d ../MasterUpgraded_bsp//newlib/nios2-elf/lib/libc.a(lib_a-ctype_.o)
 .comment       0x000000000000002c       0x2d ../MasterUpgraded_bsp//newlib/nios2-elf/lib/libc.a(lib_a-fclose.o)
 .comment       0x000000000000002c       0x2d ../MasterUpgraded_bsp//newlib/nios2-elf/lib/libc.a(lib_a-fiprintf.o)
 .comment       0x000000000000002c       0x2d ../MasterUpgraded_bsp//newlib/nios2-elf/lib/libc.a(lib_a-fputwc.o)
 .comment       0x000000000000002c       0x2d ../MasterUpgraded_bsp//newlib/nios2-elf/lib/libc.a(lib_a-fstatr.o)
 .comment       0x000000000000002c       0x2d ../MasterUpgraded_bsp//newlib/nios2-elf/lib/libc.a(lib_a-fvwrite.o)
 .comment       0x000000000000002c       0x2d ../MasterUpgraded_bsp//newlib/nios2-elf/lib/libc.a(lib_a-int_errno.o)
 .comment       0x000000000000002c       0x2d ../MasterUpgraded_bsp//newlib/nios2-elf/lib/libc.a(lib_a-isattyr.o)
 .comment       0x000000000000002c       0x2d ../MasterUpgraded_bsp//newlib/nios2-elf/lib/libc.a(lib_a-lseekr.o)
 .comment       0x000000000000002c       0x2d ../MasterUpgraded_bsp//newlib/nios2-elf/lib/libc.a(lib_a-memmove.o)
 .comment       0x000000000000002c       0x2d ../MasterUpgraded_bsp//newlib/nios2-elf/lib/libc.a(lib_a-readr.o)
 .comment       0x000000000000002c       0x2d ../MasterUpgraded_bsp//newlib/nios2-elf/lib/libc.a(lib_a-reallocr.o)
 .comment       0x000000000000002c       0x2d ../MasterUpgraded_bsp//newlib/nios2-elf/lib/libc.a(lib_a-vfiprintfr_1.o)
 .comment       0x000000000000002c       0x2d ../MasterUpgraded_bsp//newlib/nios2-elf/lib/libc.a(lib_a-wbuf.o)
 .comment       0x000000000000002c       0x2d ../MasterUpgraded_bsp//newlib/nios2-elf/lib/libc.a(lib_a-wcrtomb.o)
 .comment       0x000000000000002c       0x2d ../MasterUpgraded_bsp//newlib/nios2-elf/lib/libc.a(lib_a-abort.o)
 .comment       0x000000000000002c       0x2d ../MasterUpgraded_bsp//newlib/nios2-elf/lib/libc.a(lib_a-signal.o)
 .comment       0x000000000000002c       0x2d ../MasterUpgraded_bsp//newlib/nios2-elf/lib/libc.a(lib_a-signalr.o)
 .comment       0x000000000000002c       0x2d /home/omaralkhatib/intelFPGA_lite/20.1/nios2eds/bin/gnu/H-x86_64-pc-linux-gnu/bin/../lib/gcc/nios2-elf/9.2.1/libgcc.a(_udivdi3.o)
 .comment       0x000000000000002c       0x2d /home/omaralkhatib/intelFPGA_lite/20.1/nios2eds/bin/gnu/H-x86_64-pc-linux-gnu/bin/../lib/gcc/nios2-elf/9.2.1/libgcc.a(_umoddi3.o)
 .comment       0x000000000000002c       0x2d /home/omaralkhatib/intelFPGA_lite/20.1/nios2eds/bin/gnu/H-x86_64-pc-linux-gnu/bin/../lib/gcc/nios2-elf/9.2.1/libgcc.a(lib2-divmod.o)
 .comment       0x000000000000002c       0x2d /home/omaralkhatib/intelFPGA_lite/20.1/nios2eds/bin/gnu/H-x86_64-pc-linux-gnu/bin/../lib/gcc/nios2-elf/9.2.1/libgcc.a(adddf3.o)
 .comment       0x000000000000002c       0x2d /home/omaralkhatib/intelFPGA_lite/20.1/nios2eds/bin/gnu/H-x86_64-pc-linux-gnu/bin/../lib/gcc/nios2-elf/9.2.1/libgcc.a(divdf3.o)
 .comment       0x000000000000002c       0x2d /home/omaralkhatib/intelFPGA_lite/20.1/nios2eds/bin/gnu/H-x86_64-pc-linux-gnu/bin/../lib/gcc/nios2-elf/9.2.1/libgcc.a(eqdf2.o)
 .comment       0x000000000000002c       0x2d /home/omaralkhatib/intelFPGA_lite/20.1/nios2eds/bin/gnu/H-x86_64-pc-linux-gnu/bin/../lib/gcc/nios2-elf/9.2.1/libgcc.a(gedf2.o)
 .comment       0x000000000000002c       0x2d /home/omaralkhatib/intelFPGA_lite/20.1/nios2eds/bin/gnu/H-x86_64-pc-linux-gnu/bin/../lib/gcc/nios2-elf/9.2.1/libgcc.a(ledf2.o)
 .comment       0x000000000000002c       0x2d /home/omaralkhatib/intelFPGA_lite/20.1/nios2eds/bin/gnu/H-x86_64-pc-linux-gnu/bin/../lib/gcc/nios2-elf/9.2.1/libgcc.a(muldf3.o)